Archive member included because of file (symbol)

C:\Users\Administrator\AppData\Local\Temp\VMBuilds\STM32_LoRa_SensorV2.2.1\stm32_genericSTM32F103C\Debug/core.a(exc.S.o)
                              (__exc_hardfault)
C:\Users\Administrator\AppData\Local\Temp\VMBuilds\STM32_LoRa_SensorV2.2.1\stm32_genericSTM32F103C\Debug/core.a(isrs.S.o)
                              (__stm32reservedexception7)
C:\Users\Administrator\AppData\Local\Temp\VMBuilds\STM32_LoRa_SensorV2.2.1\stm32_genericSTM32F103C\Debug/core.a(vector_table.S.o)
                              (__stm32_vector_table)
C:\Users\Administrator\AppData\Local\Temp\VMBuilds\STM32_LoRa_SensorV2.2.1\stm32_genericSTM32F103C\Debug/core.a(adc.c.o)
                              C:\Users\Administrator\AppData\Local\Temp\VMBCore\arduino16x\3c66a55e0122d96a6ed3ec018219d544\variant\boards.cpp.o (adc_set_sample_rate)
C:\Users\Administrator\AppData\Local\Temp\VMBuilds\STM32_LoRa_SensorV2.2.1\stm32_genericSTM32F103C\Debug/core.a(adc_f1.c.o)
                              C:\Users\Administrator\AppData\Local\Temp\VMBCore\arduino16x\3c66a55e0122d96a6ed3ec018219d544\variant\boards.cpp.o (adc_set_prescaler)
C:\Users\Administrator\AppData\Local\Temp\VMBuilds\STM32_LoRa_SensorV2.2.1\stm32_genericSTM32F103C\Debug/core.a(bkp_f1.c.o)
                              STM32_LoRa_SensorV2.2.1.cpp.o (bkp_init)
C:\Users\Administrator\AppData\Local\Temp\VMBuilds\STM32_LoRa_SensorV2.2.1\stm32_genericSTM32F103C\Debug/core.a(flash.c.o)
                              C:\Users\Administrator\AppData\Local\Temp\VMBCore\arduino16x\3c66a55e0122d96a6ed3ec018219d544\variant\boards.cpp.o (flash_set_latency)
C:\Users\Administrator\AppData\Local\Temp\VMBuilds\STM32_LoRa_SensorV2.2.1\stm32_genericSTM32F103C\Debug/core.a(gpio_f1.c.o)
                              C:\Users\Administrator\AppData\Local\Temp\VMBCore\arduino16x\3c66a55e0122d96a6ed3ec018219d544\variant\boards_setup.cpp.o (gpio_init_all)
C:\Users\Administrator\AppData\Local\Temp\VMBuilds\STM32_LoRa_SensorV2.2.1\stm32_genericSTM32F103C\Debug/core.a(nvic.c.o)
                              C:\Users\Administrator\AppData\Local\Temp\VMBCore\arduino16x\3c66a55e0122d96a6ed3ec018219d544\variant\boards.cpp.o (nvic_init)
C:\Users\Administrator\AppData\Local\Temp\VMBuilds\STM32_LoRa_SensorV2.2.1\stm32_genericSTM32F103C\Debug/core.a(pwr.c.o)
                              STM32_LoRa_SensorV2.2.1.cpp.o (PWR_WakeUpPinCmd)
C:\Users\Administrator\AppData\Local\Temp\VMBuilds\STM32_LoRa_SensorV2.2.1\stm32_genericSTM32F103C\Debug/core.a(rcc.c.o)
                              C:\Users\Administrator\AppData\Local\Temp\VMBCore\arduino16x\3c66a55e0122d96a6ed3ec018219d544\variant\boards.cpp.o (rcc_switch_sysclk)
C:\Users\Administrator\AppData\Local\Temp\VMBuilds\STM32_LoRa_SensorV2.2.1\stm32_genericSTM32F103C\Debug/core.a(rcc_f1.c.o)
                              C:\Users\Administrator\AppData\Local\Temp\VMBCore\arduino16x\3c66a55e0122d96a6ed3ec018219d544\variant\boards.cpp.o (rcc_configure_pll)
C:\Users\Administrator\AppData\Local\Temp\VMBuilds\STM32_LoRa_SensorV2.2.1\stm32_genericSTM32F103C\Debug/core.a(systick.c.o)
                              C:\Users\Administrator\AppData\Local\Temp\VMBCore\arduino16x\3c66a55e0122d96a6ed3ec018219d544\variant\boards.cpp.o (systick_init)
C:\Users\Administrator\AppData\Local\Temp\VMBuilds\STM32_LoRa_SensorV2.2.1\stm32_genericSTM32F103C\Debug/core.a(timer.c.o)
                              C:\Users\Administrator\AppData\Local\Temp\VMBCore\arduino16x\3c66a55e0122d96a6ed3ec018219d544\variant\boards.cpp.o (timer_foreach)
C:\Users\Administrator\AppData\Local\Temp\VMBuilds\STM32_LoRa_SensorV2.2.1\stm32_genericSTM32F103C\Debug/core.a(usart_f1.c.o)
                              C:\Users\Administrator\AppData\Local\Temp\VMBCore\arduino16x\3c66a55e0122d96a6ed3ec018219d544\variant\board.cpp.o (USART3)
C:\Users\Administrator\AppData\Local\Temp\VMBuilds\STM32_LoRa_SensorV2.2.1\stm32_genericSTM32F103C\Debug/core.a(usart_private.c.o)
                              C:\Users\Administrator\AppData\Local\Temp\VMBuilds\STM32_LoRa_SensorV2.2.1\stm32_genericSTM32F103C\Debug/core.a(usart_f1.c.o) (_usart_clock_freq)
C:\Users\Administrator\AppData\Local\Temp\VMBuilds\STM32_LoRa_SensorV2.2.1\stm32_genericSTM32F103C\Debug/core.a(util.c.o)
                              C:\Users\Administrator\AppData\Local\Temp\VMBuilds\STM32_LoRa_SensorV2.2.1\stm32_genericSTM32F103C\Debug/core.a(exc.S.o) (__error)
C:\Users\Administrator\AppData\Local\Temp\VMBuilds\STM32_LoRa_SensorV2.2.1\stm32_genericSTM32F103C\Debug/core.a(HardwareSerial.cpp.o)
                              Command_Analysis.cpp.o (HardwareSerial::read())
C:\Users\Administrator\AppData\Local\Temp\VMBuilds\STM32_LoRa_SensorV2.2.1\stm32_genericSTM32F103C\Debug/core.a(HardwareTimer.cpp.o)
                              fun_periph.cpp.o (HardwareTimer::pause())
C:\Users\Administrator\AppData\Local\Temp\VMBuilds\STM32_LoRa_SensorV2.2.1\stm32_genericSTM32F103C\Debug/core.a(main.cpp.o)
[...]
Memory Configuration

Name             Origin             Length             Attributes
ram              0x20000000         0x00005000         xrw
rom              0x08000000         0x00010000         xr
*default*        0x00000000         0xffffffff

Linker script and memory map

LOAD c:/users/administrator/appdata/local/arduino15/packages/arduino/tools/arm-none-eabi-gcc/4.8.3-2014q1/bin/../lib/gcc/arm-none-eabi/4.8.3/armv7-m/crti.o
LOAD c:/users/administrator/appdata/local/arduino15/packages/arduino/tools/arm-none-eabi-gcc/4.8.3-2014q1/bin/../lib/gcc/arm-none-eabi/4.8.3/armv7-m/crtbegin.o
LOAD c:/users/administrator/appdata/local/arduino15/packages/arduino/tools/arm-none-eabi-gcc/4.8.3-2014q1/bin/../lib/gcc/arm-none-eabi/4.8.3/../../../../arm-none-eabi/lib/armv7-m/crt0.o
LOAD c:/users/administrator/appdata/local/arduino15/packages/arduino/tools/arm-none-eabi-gcc/4.8.3-2014q1/bin/../lib/gcc/arm-none-eabi/4.8.3/armv7-m\libgcc.a
START GROUP
LOAD STM32_LoRa_SensorV2.2.1.cpp.o
LOAD User_Clock.c.o
LOAD AT24CXX.cpp.o
LOAD BCD_CON.cpp.o
LOAD Command_Analysis.cpp.o
LOAD fun_periph.cpp.o
LOAD LoRa.cpp.o
LOAD Memory.cpp.o
LOAD private_i2c.cpp.o
LOAD Private_RTC.cpp.o
LOAD private_sensor.cpp.o
LOAD public.cpp.o
LOAD receipt.cpp.o
LOAD SHT1x.cpp.o
LOAD SoftwareI2C.cpp.o
LOAD User_CRC8.cpp.o
LOAD RTClock\RTClock.cpp.o
LOAD RTClock\utility\rtc_util.c.o
LOAD C:\Users\Administrator\AppData\Local\Temp\VMBCore\arduino16x\3c66a55e0122d96a6ed3ec018219d544\variant\board.cpp.o
LOAD C:\Users\Administrator\AppData\Local\Temp\VMBCore\arduino16x\3c66a55e0122d96a6ed3ec018219d544\variant\boards.cpp.o
LOAD C:\Users\Administrator\AppData\Local\Temp\VMBCore\arduino16x\3c66a55e0122d96a6ed3ec018219d544\variant\boards_setup.cpp.o
LOAD C:\Users\Administrator\AppData\Local\Temp\VMBCore\arduino16x\3c66a55e0122d96a6ed3ec018219d544\variant\start.S.o
LOAD C:\Users\Administrator\AppData\Local\Temp\VMBCore\arduino16x\3c66a55e0122d96a6ed3ec018219d544\variant\start_c.c.o
LOAD C:\Users\Administrator\AppData\Local\Temp\VMBCore\arduino16x\3c66a55e0122d96a6ed3ec018219d544\variant\syscalls.c.o
LOAD C:\Users\Administrator\AppData\Local\Temp\VMBuilds\STM32_LoRa_SensorV2.2.1\stm32_genericSTM32F103C\Debug/core.a
END GROUP
LOAD c:/users/administrator/appdata/local/arduino15/packages/arduino/tools/arm-none-eabi-gcc/4.8.3-2014q1/bin/../lib/gcc/arm-none-eabi/4.8.3/../../../../arm-none-eabi/lib/armv7-m\libstdc++.a
LOAD c:/users/administrator/appdata/local/arduino15/packages/arduino/tools/arm-none-eabi-gcc/4.8.3-2014q1/bin/../lib/gcc/arm-none-eabi/4.8.3/../../../../arm-none-eabi/lib/armv7-m\libm.a
START GROUP
LOAD c:/users/administrator/appdata/local/arduino15/packages/arduino/tools/arm-none-eabi-gcc/4.8.3-2014q1/bin/../lib/gcc/arm-none-eabi/4.8.3/armv7-m\libgcc.a
LOAD c:/users/administrator/appdata/local/arduino15/packages/arduino/tools/arm-none-eabi-gcc/4.8.3-2014q1/bin/../lib/gcc/arm-none-eabi/4.8.3/../../../../arm-none-eabi/lib/armv7-m\libc.a
END GROUP
LOAD c:/users/administrator/appdata/local/arduino15/packages/arduino/tools/arm-none-eabi-gcc/4.8.3-2014q1/bin/../lib/gcc/arm-none-eabi/4.8.3/armv7-m/crtend.o
LOAD c:/users/administrator/appdata/local/arduino15/packages/arduino/tools/arm-none-eabi-gcc/4.8.3-2014q1/bin/../lib/gcc/arm-none-eabi/4.8.3/armv7-m/crtn.o
START GROUP
LOAD c:/users/administrator/appdata/local/arduino15/packages/arduino/tools/arm-none-eabi-gcc/4.8.3-2014q1/bin/../lib/gcc/arm-none-eabi/4.8.3/armv7-m\libgcc.a
LOAD c:/users/administrator/appdata/local/arduino15/packages/arduino/tools/arm-none-eabi-gcc/4.8.3-2014q1/bin/../lib/gcc/arm-none-eabi/4.8.3/../../../../arm-none-eabi/lib/armv7-m\libc.a
LOAD c:/users/administrator/appdata/local/arduino15/packages/arduino/tools/arm-none-eabi-gcc/4.8.3-2014q1/bin/../lib/gcc/arm-none-eabi/4.8.3/../../../../arm-none-eabi/lib/armv7-m\libm.a
END GROUP
START GROUP
LOAD c:/users/administrator/appdata/local/arduino15/packages/arduino/tools/arm-none-eabi-gcc/4.8.3-2014q1/bin/../lib/gcc/arm-none-eabi/4.8.3/../../../../arm-none-eabi/lib/armv7-m\libnosys.a
END GROUP
                0x20005000                PROVIDE (__msp_init, (ORIGIN (ram) + 0x5000))
                0x08003de4                PROVIDE (__exc_reset, __start__)

.text           0x08000000     0xd114
                0x08000000                __text_start__ = .
 *(.stm32.interrupt_vector)
 .stm32.interrupt_vector
                0x08000000       0xec C:\Users\Administrator\AppData\Local\Temp\VMBuilds\STM32_LoRa_SensorV2.2.1\stm32_genericSTM32F103C\Debug/core.a(vector_table.S.o)
                0x08000000                __stm32_vector_table
 *(.text .text.* .gnu.linkonce.t.*)
 .text          0x080000ec       0x54 c:/users/administrator/appdata/local/arduino15/packages/arduino/tools/arm-none-eabi-gcc/4.8.3-2014q1/bin/../lib/gcc/arm-none-eabi/4.8.3/armv7-m/crtbegin.o
 .text._Z22Request_Access_Networkv
                0x08000140       0xf8 STM32_LoRa_SensorV2.2.1.cpp.o
                0x08000140                Request_Access_Network()
 .text._Z31Data_Communication_with_Gatewayv
                0x08000238       0x60 STM32_LoRa_SensorV2.2.1.cpp.o
                0x08000238                Data_Communication_with_Gateway()
 .text._Z24Key_Reset_LoRa_Parameterv
                0x08000298       0x58 STM32_LoRa_SensorV2.2.1.cpp.o
                0x08000298                Key_Reset_LoRa_Parameter()
 .text._Z5Sleepv
                0x080002f0       0x50 STM32_LoRa_SensorV2.2.1.cpp.o
                0x080002f0                Sleep()
 .text._Z5setupv
                0x08000340      0x198 STM32_LoRa_SensorV2.2.1.cpp.o
                0x08000340                setup()
 .text._Z4loopv
                0x080004d8        0x4 STM32_LoRa_SensorV2.2.1.cpp.o
                0x080004d8                loop()
 .text.monthLength
                0x080004dc       0x20 User_Clock.c.o
 .text.osal_ConvertUTCTime
                0x080004fc      0x118 User_Clock.c.o
                0x080004fc                osal_ConvertUTCTime
 .text.osal_ConvertUTCSecs
                0x08000614       0xbc User_Clock.c.o
                0x08000614                osal_ConvertUTCSecs
 .text._ZN7AT24Cxx8I2C_InitEv
                0x080006d0        0x4 AT24CXX.cpp.o
                0x080006d0                AT24Cxx::I2C_Init()
 .text._ZN7AT24Cxx19AT24CXX_ReadOneByteEj
                0x080006d4       0x5c AT24CXX.cpp.o
                0x080006d4                AT24Cxx::AT24CXX_ReadOneByte(unsigned int)
 .text._ZN7AT24Cxx20AT24CXX_WriteOneByteEjh
                0x08000730       0x4e AT24CXX.cpp.o
                0x08000730                AT24Cxx::AT24CXX_WriteOneByte(unsigned int, unsigned char)
 *fill*         0x0800077e        0x2 
 .text._Z7ASC2BCDPhPcj
                0x08000780       0x70 BCD_CON.cpp.o
                0x08000780                ASC2BCD(unsigned char*, char*, unsigned int)
 .text._Z7PackBCDPcfii
                0x080007f0      0x160 BCD_CON.cpp.o
                0x080007f0                PackBCD(char*, float, int, int)
 .text._ZN16Command_Analysis16FrameID_AnalysisEv
                0x08000950       0x50 Command_Analysis.cpp.o
                0x08000950                Command_Analysis::FrameID_Analysis()
 .text._ZN16Command_Analysis11Verify_CRC8Ehh
                0x080009a0       0x28 Command_Analysis.cpp.o
                0x080009a0                Command_Analysis::Verify_CRC8(unsigned char, unsigned char)
 .text._ZN16Command_Analysis21Verify_Device_Type_IDEv
                0x080009c8       0x18 Command_Analysis.cpp.o
                0x080009c8                Command_Analysis::Verify_Device_Type_ID()
 .text._ZN16Command_Analysis20Verify_Mass_CommandsEv
                0x080009e0       0x1c Command_Analysis.cpp.o
                0x080009e0                Command_Analysis::Verify_Mass_Commands()
 .text._ZN16Command_Analysis18Verify_Area_NumberEv
                0x080009fc       0x2c Command_Analysis.cpp.o
                0x080009fc                Command_Analysis::Verify_Area_Number()
 .text._ZN16Command_Analysis17Verify_Work_GroupEv
                0x08000a28       0x40 Command_Analysis.cpp.o
                0x08000a28                Command_Analysis::Verify_Work_Group()
 .text._ZN16Command_Analysis21Verify_Frame_ValidityEhhbb
                0x08000a68       0x70 Command_Analysis.cpp.o
                0x08000a68                Command_Analysis::Verify_Frame_Validity(unsigned char, unsigned char, bool, bool)
 .text._ZN16Command_Analysis23Query_Current_Work_ParaEv
                0x08000ad8       0x84 Command_Analysis.cpp.o
                0x08000ad8                Command_Analysis::Query_Current_Work_Para()
 .text._ZN16Command_Analysis16Set_Group_NumberEv
                0x08000b5c       0x88 Command_Analysis.cpp.o
                0x08000b5c                Command_Analysis::Set_Group_Number()
 .text._ZN16Command_Analysis19Set_SN_Area_ChannelEv
                0x08000be4       0xb4 Command_Analysis.cpp.o
                0x08000be4                Command_Analysis::Set_SN_Area_Channel()
 .text._ZN16Command_Analysis20Detailed_Work_StatusEv
                0x08000c98       0x48 Command_Analysis.cpp.o
                0x08000c98                Command_Analysis::Detailed_Work_Status()
 .text._ZN16Command_Analysis21Receive_Data_AnalysisEv
                0x08000ce0       0x3e Command_Analysis.cpp.o
                0x08000ce0                Command_Analysis::Receive_Data_Analysis()
 *fill*         0x08000d1e        0x2 
 .text._ZN16Command_Analysis16Receive_LoRa_CmdEv
                0x08000d20      0x124 Command_Analysis.cpp.o
                0x08000d20                Command_Analysis::Receive_LoRa_Cmd()
 .text._Z13LED_Interruptv
                0x08000e44       0x60 fun_periph.cpp.o
                0x08000e44                LED_Interrupt()
 .text._ZN16Some_Peripherals22Peripheral_GPIO_ConfigEv
                0x08000ea4       0x4c fun_periph.cpp.o
                0x08000ea4                Some_Peripherals::Peripheral_GPIO_Config()
 .text._ZN16Some_Peripherals11LED_DisplayE3LEDh
                0x08000ef0       0x54 fun_periph.cpp.o
                0x08000ef0                Some_Peripherals::LED_Display(LED, unsigned char)
 .text._ZN16Some_Peripherals8Stop_LEDEv
                0x08000f44       0x20 fun_periph.cpp.o
                0x08000f44                Some_Peripherals::Stop_LED()
 .text._ZN16Some_Peripherals9Start_LEDEv
                0x08000f64        0xc fun_periph.cpp.o
                0x08000f64                Some_Peripherals::Start_LED()
 .text._ZN16Some_Peripherals11Get_VoltageEv
                0x08000f70       0x78 fun_periph.cpp.o
                0x08000f70                Some_Peripherals::Get_Voltage()
 .text._ZN4LoRa16LoRa_GPIO_ConfigEv
                0x08000fe8       0x44 LoRa.cpp.o
                0x08000fe8                LoRa::LoRa_GPIO_Config()
 .text._ZN4LoRa8BaudRateEj
                0x0800102c        0xc LoRa.cpp.o
                0x0800102c                LoRa::BaudRate(unsigned int)
 .text._ZN4LoRa4ModeE9LoRa_Mode
                0x08001038       0x1c LoRa.cpp.o
                0x08001038                LoRa::Mode(LoRa_Mode)
 .text._ZN4LoRa7IsResetEb
                0x08001054       0x20 LoRa.cpp.o
                0x08001054                LoRa::IsReset(bool)
 .text._ZN4LoRa13LoRa_ShutdownEv
                0x08001074       0x40 LoRa.cpp.o
                0x08001074                LoRa::LoRa_Shutdown()
 .text._ZN4LoRa12LoRa_RestartEv
                0x080010b4       0x30 LoRa.cpp.o
                0x080010b4                LoRa::LoRa_Restart()
 .text._ZN4LoRa20Detect_Error_ReceiptEPhS0_
                0x080010e4       0x38 LoRa.cpp.o
                0x080010e4                LoRa::Detect_Error_Receipt(unsigned char*, unsigned char*)
 .text._ZN4LoRa17Detect_OK_ReceiptEPhS0_
                0x0800111c       0x1a LoRa.cpp.o
                0x0800111c                LoRa::Detect_OK_Receipt(unsigned char*, unsigned char*)
 .text._ZN4LoRa7Get_CSQEPhhS0_
                0x08001136       0x2a LoRa.cpp.o
                0x08001136                LoRa::Get_CSQ(unsigned char*, unsigned char, unsigned char*)
 .text._ZN4LoRa13String_to_HexEPhh
                0x08001160       0x44 LoRa.cpp.o
                0x08001160                LoRa::String_to_Hex(unsigned char*, unsigned char)
 .text._ZN4LoRa9Get_BytesEPhhS0_
                0x080011a4       0x70 LoRa.cpp.o
                0x080011a4                LoRa::Get_Bytes(unsigned char*, unsigned char, unsigned char*)
 .text._ZN4LoRa13Parse_CommandEPhhS0_PS0_
                0x08001214       0x6a LoRa.cpp.o
                0x08001214                LoRa::Parse_Command(unsigned char*, unsigned char, unsigned char*, unsigned char**)
 *fill*         0x0800127e        0x2 
 .text._ZN4LoRa12AT_Query_CmdEPcPhS1_
                0x08001280       0xdc LoRa.cpp.o
                0x08001280                LoRa::AT_Query_Cmd(char*, unsigned char*, unsigned char*)
 .text._ZN4LoRa13AT_Config_CmdEPcS0_Ph
                0x0800135c      0x124 LoRa.cpp.o
                0x0800135c                LoRa::AT_Config_Cmd(char*, char*, unsigned char*)
 .text._ZN4LoRa7LoRa_ATEPhbPcS1_
                0x08001480       0xa8 LoRa.cpp.o
                0x08001480                LoRa::LoRa_AT(unsigned char*, bool, char*, char*)
 .text._ZN4LoRa10Rewrite_IDEv
                0x08001528       0x80 LoRa.cpp.o
                0x08001528                LoRa::Rewrite_ID()
 .text._ZN4LoRa14Parameter_InitEv
                0x080015a8      0x1cc LoRa.cpp.o
                0x080015a8                LoRa::Parameter_Init()
 .text._ZN17EEPROM_Operations18EEPROM_GPIO_ConfigEv
                0x08001774       0x1e Memory.cpp.o
                0x08001774                EEPROM_Operations::EEPROM_GPIO_Config()
 .text._ZN17EEPROM_Operations20EEPROM_Write_DisableEv
                0x08001792       0x14 Memory.cpp.o
                0x08001792                EEPROM_Operations::EEPROM_Write_Disable()
 .text._ZN17EEPROM_Operations19EEPROM_Write_EnableEv
                0x080017a6       0x14 Memory.cpp.o
                0x080017a6                EEPROM_Operations::EEPROM_Write_Enable()
 .text._ZN13SN_Operations12Save_SN_CodeEPh
                0x080017ba       0x76 Memory.cpp.o
                0x080017ba                SN_Operations::Save_SN_Code(unsigned char*)
 .text._ZN13SN_Operations16Save_BKP_SN_CodeEPh
                0x08001830       0x76 Memory.cpp.o
                0x08001830                SN_Operations::Save_BKP_SN_Code(unsigned char*)
 .text._ZN13SN_Operations12Read_SN_CodeEPh
                0x080018a6       0x58 Memory.cpp.o
                0x080018a6                SN_Operations::Read_SN_Code(unsigned char*)
 .text._ZN13SN_Operations16Read_BKP_SN_CodeEPh
                0x080018fe       0x58 Memory.cpp.o
                0x080018fe                SN_Operations::Read_BKP_SN_Code(unsigned char*)
 .text._ZN13SN_Operations16Read_Random_SeedEPh
                0x08001956       0x2a Memory.cpp.o
                0x08001956                SN_Operations::Read_Random_Seed(unsigned char*)
 .text._ZN13SN_Operations18Clear_SN_Save_FlagEv
                0x08001980       0x2a Memory.cpp.o
                0x08001980                SN_Operations::Clear_SN_Save_Flag()
 .text._ZN13SN_Operations22Clear_BKP_SN_Save_FlagEv
                0x080019aa       0x2a Memory.cpp.o
                0x080019aa                SN_Operations::Clear_BKP_SN_Save_Flag()
 .text._ZN13SN_Operations26Set_SN_Access_Network_FlagEv
                0x080019d4       0x2a Memory.cpp.o
                0x080019d4                SN_Operations::Set_SN_Access_Network_Flag()
 .text._ZN13SN_Operations28Clear_SN_Access_Network_FlagEv
                0x080019fe       0x48 Memory.cpp.o
                0x080019fe                SN_Operations::Clear_SN_Access_Network_Flag()
 .text._ZN13SN_Operations29Verify_SN_Access_Network_FlagEv
                0x08001a46       0x12 Memory.cpp.o
                0x08001a46                SN_Operations::Verify_SN_Access_Network_Flag()
 .text._ZN13SN_Operations10Self_CheckEPh
                0x08001a58       0x88 Memory.cpp.o
                0x08001a58                SN_Operations::Self_Check(unsigned char*)
 .text._ZN11LoRa_Config21Save_LoRa_Config_FlagEv
                0x08001ae0       0x1c Memory.cpp.o
                0x08001ae0                LoRa_Config::Save_LoRa_Config_Flag()
 .text._ZN11LoRa_Config23Verify_LoRa_Config_FlagEv
                0x08001afc       0x12 Memory.cpp.o
                0x08001afc                LoRa_Config::Verify_LoRa_Config_Flag()
 .text._ZN11LoRa_Config22Clear_LoRa_Config_FlagEv
                0x08001b0e       0x1c Memory.cpp.o
                0x08001b0e                LoRa_Config::Clear_LoRa_Config_Flag()
 .text._ZN19Control_Information17Save_Group_NumberEPh
                0x08001b2a       0x76 Memory.cpp.o
                0x08001b2a                Control_Information::Save_Group_Number(unsigned char*)
 .text._ZN19Control_Information17Read_Group_NumberEPh
                0x08001ba0       0x1e Memory.cpp.o
                0x08001ba0                Control_Information::Read_Group_Number(unsigned char*)
 .text._ZN19Control_Information18Clear_Group_NumberEv
                0x08001bbe       0x42 Memory.cpp.o
                0x08001bbe                Control_Information::Clear_Group_Number()
 .text._ZN19Control_Information16Save_Area_NumberEh
                0x08001c00       0x5a Memory.cpp.o
                0x08001c00                Control_Information::Save_Area_Number(unsigned char)
 .text._ZN19Control_Information16Read_Area_NumberEv
                0x08001c5a        0x6 Memory.cpp.o
                0x08001c5a                Control_Information::Read_Area_Number()
 .text._ZN19Control_Information17Clear_Area_NumberEv
                0x08001c60       0x1a Memory.cpp.o
                0x08001c60                Control_Information::Clear_Area_Number()
 *fill*         0x08001c7a        0x2 
 .text._ZN26Work_Parameter_Information17Save_Collect_TimeEj
                0x08001c7c       0x70 Memory.cpp.o
                0x08001c7c                Work_Parameter_Information::Save_Collect_Time(unsigned int)
 .text._ZN26Work_Parameter_Information17Read_Collect_TimeEv
                0x08001cec       0x1a Memory.cpp.o
                0x08001cec                Work_Parameter_Information::Read_Collect_Time()
 .text._ZN26Work_Parameter_Information24Verify_Collect_Time_FlagEv
                0x08001d06       0x12 Memory.cpp.o
                0x08001d06                Work_Parameter_Information::Verify_Collect_Time_Flag()
 .text._ZN3I2C4InitEv
                0x08001d18       0x26 private_i2c.cpp.o
                0x08001d18                I2C::Init()
 .text._ZN3I2C7SDA_OutEv
                0x08001d3e        0x8 private_i2c.cpp.o
                0x08001d3e                I2C::SDA_Out()
 .text._ZN3I2C6SDA_InEv
                0x08001d46        0x8 private_i2c.cpp.o
                0x08001d46                I2C::SDA_In()
 .text._ZN3I2C5StartEv
                0x08001d4e       0x36 private_i2c.cpp.o
                0x08001d4e                I2C::Start()
 .text._ZN3I2C4StopEv
                0x08001d84       0x36 private_i2c.cpp.o
                0x08001d84                I2C::Stop()
 .text._ZN3I2C3AckEv
                0x08001dba       0x3a private_i2c.cpp.o
                0x08001dba                I2C::Ack()
 .text._ZN3I2C4NAckEv
                0x08001df4       0x3a private_i2c.cpp.o
                0x08001df4                I2C::NAck()
 .text._ZN3I2C8Wait_AckEv
                0x08001e2e       0x4e private_i2c.cpp.o
                0x08001e2e                I2C::Wait_Ack()
 .text._ZN3I2C9Send_ByteEh
                0x08001e7c       0x4e private_i2c.cpp.o
                0x08001e7c                I2C::Send_Byte(unsigned char)
 .text._ZN3I2C9Read_ByteEh
                0x08001eca       0x54 private_i2c.cpp.o
                0x08001eca                I2C::Read_Byte(unsigned char)
 .text._Z13RTC_Interruptv
                0x08001f1e       0x10 Private_RTC.cpp.o
                0x08001f1e                RTC_Interrupt()
 *fill*         0x08001f2e        0x2 
 .text._ZN4date10Update_RTCEPh
                0x08001f30      0x1ac Private_RTC.cpp.o
                0x08001f30                date::Update_RTC(unsigned char*)
 .text._ZN4date7Get_RTCEPh
                0x080020dc       0x80 Private_RTC.cpp.o
                0x080020dc                date::Get_RTC(unsigned char*)
 .text._ZN4date9Set_AlarmEv
                0x0800215c      0x174 Private_RTC.cpp.o
                0x0800215c                date::Set_Alarm()
 .text._ZN4date17Set_onehour_AlarmEv
                0x080022d0       0x6c Private_RTC.cpp.o
                0x080022d0                date::Set_onehour_Alarm()
 .text.startup._GLOBAL__sub_I_Date
                0x0800233c        0xc Private_RTC.cpp.o
 .text._ZN8MAX440095resetEv
                0x08002348        0x2 private_sensor.cpp.o
                0x08002348                MAX44009::reset()
 .text._ZN8MAX4400916checkMeasurementEv
                0x0800234a        0x4 private_sensor.cpp.o
                0x0800234a                MAX44009::checkMeasurement()
 .text._ZN8MAX4400916awaitMeasurementEv
                0x0800234e        0x4 private_sensor.cpp.o
                0x0800234e                MAX44009::awaitMeasurement()
 *fill*         0x08002352        0x2 
 .text._Z7N_CRC16Phj
                0x08002354       0x2c private_sensor.cpp.o
                0x08002354                N_CRC16(unsigned char*, unsigned int)
 .text._ZN8WirePlusC2Ev
                0x08002380       0x34 private_sensor.cpp.o
                0x08002380                WirePlus::WirePlus()
                0x08002380                WirePlus::WirePlus()
 .text._ZN8WirePlus5probeEh
                0x080023b4       0x20 private_sensor.cpp.o
                0x080023b4                WirePlus::probe(unsigned char)
 .text._ZN8MAX4400910initializeEv
                0x080023d4       0x20 private_sensor.cpp.o
                0x080023d4                MAX44009::initialize()
 .text._ZN8WirePlus9writeByteEhhh
                0x080023f4       0x2c private_sensor.cpp.o
                0x080023f4                WirePlus::writeByte(unsigned char, unsigned char, unsigned char)
 .text._ZN8WirePlus4readEhhPhh
                0x08002420       0x54 private_sensor.cpp.o
                0x08002420                WirePlus::read(unsigned char, unsigned char, unsigned char*, unsigned char)
 .text._ZN8WirePlus11setRegisterEhhhh
                0x08002474       0x3a private_sensor.cpp.o
                0x08002474                WirePlus::setRegister(unsigned char, unsigned char, unsigned char, unsigned char)
 *fill*         0x080024ae        0x2 
 .text._ZN8MAX4400910setEnabledEh
                0x080024b0       0x3c private_sensor.cpp.o
                0x080024b0                MAX44009::setEnabled(unsigned char)
 .text._ZN6Sensor14CJMCU6750_InitEv
                0x080024ec       0x58 private_sensor.cpp.o
                0x080024ec                Sensor::CJMCU6750_Init()
 *fill*         0x08002544        0x4 
 .text._ZN6Sensor15Read_Lux_and_UVEPmPj
                0x08002548       0xe8 private_sensor.cpp.o
                0x08002548                Sensor::Read_Lux_and_UV(unsigned long*, unsigned int*)
 .text.startup._GLOBAL__sub_I_auchCRCHi
                0x08002630       0x1c private_sensor.cpp.o
 .text._ZN6Sensor24Read_Solid_Humi_and_TempEPfPjPhh
                0x0800264c      0x10c private_sensor.cpp.o
                0x0800264c                Sensor::Read_Solid_Humi_and_Temp(float*, unsigned int*, unsigned char*, unsigned char)
 .text._ZN6Sensor13Read_Soild_PHEPjh
                0x08002758       0xa8 private_sensor.cpp.o
                0x08002758                Sensor::Read_Soild_PH(unsigned int*, unsigned char)
 .text._ZN6Sensor18Read_Salt_and_CondEPjS0_h
                0x08002800       0xb8 private_sensor.cpp.o
                0x08002800                Sensor::Read_Salt_and_Cond(unsigned int*, unsigned int*, unsigned char)
 .text._ZN6Sensor19Get_All_Sensor_DataEv
                0x080028b8      0x17c private_sensor.cpp.o
                0x080028b8                Sensor::Get_All_Sensor_Data()
 .text._ZN8TypeConv10Hex_To_DecEh
                0x08002a34       0x12 public.cpp.o
                0x08002a34                TypeConv::Hex_To_Dec(unsigned char)
 .text._ZN8TypeConv10Hex_To_DecEPh
                0x08002a46       0x14 public.cpp.o
                0x08002a46                TypeConv::Hex_To_Dec(unsigned char*)
 .text._ZN8TypeConv10Dec_To_HexEh
                0x08002a5a       0x12 public.cpp.o
                0x08002a5a                TypeConv::Dec_To_Hex(unsigned char)
 .text._ZN7Receipt25Receipt_Random_Wait_ValueEPm
                0x08002a6c       0x44 receipt.cpp.o
                0x08002a6c                Receipt::Receipt_Random_Wait_Value(unsigned long*)
 .text._ZN7Receipt11Print_DebugEPhh
                0x08002ab0       0x34 receipt.cpp.o
                0x08002ab0                Receipt::Print_Debug(unsigned char*, unsigned char)
 .text._ZN7Receipt24Report_General_ParameterEv
                0x08002ae4      0x154 receipt.cpp.o
                0x08002ae4                Receipt::Report_General_Parameter()
 .text._ZN7Receipt29Request_Device_SN_and_ChannelEv
                0x08002c38       0xd8 receipt.cpp.o
                0x08002c38                Receipt::Request_Device_SN_and_Channel()
 .text._ZN7Receipt25Working_Parameter_ReceiptEv
                0x08002d10      0x124 receipt.cpp.o
                0x08002d10                Receipt::Working_Parameter_Receipt()
 .text._ZN7Receipt15General_ReceiptEhh
                0x08002e34      0x10c receipt.cpp.o
                0x08002e34                Receipt::General_Receipt(unsigned char, unsigned char)
 .text._ZN7Receipt16Send_Sensor_DataEv
                0x08002f40      0x394 receipt.cpp.o
                0x08002f40                Receipt::Send_Sensor_Data()
 .text._ZN5SHT1x7shiftInEiii
                0x080032d4       0x40 SHT1x.cpp.o
                0x080032d4                SHT1x::shiftIn(int, int, int)
 .text._ZN5SHT1x14sendCommandSHTEiii
                0x08003314       0x86 SHT1x.cpp.o
                0x08003314                SHT1x::sendCommandSHT(int, int, int)
 .text._ZN5SHT1x16waitForResultSHTEi
                0x0800339a       0x22 SHT1x.cpp.o
                0x0800339a                SHT1x::waitForResultSHT(int)
 .text._ZN5SHT1x12getData16SHTEii
                0x080033bc       0x72 SHT1x.cpp.o
                0x080033bc                SHT1x::getData16SHT(int, int)
 .text._ZN5SHT1x10skipCrcSHTEii
                0x0800342e       0x34 SHT1x.cpp.o
                0x0800342e                SHT1x::skipCrcSHT(int, int)
 .text._ZN5SHT1x18readTemperatureRawEv
                0x08003462       0x34 SHT1x.cpp.o
                0x08003462                SHT1x::readTemperatureRaw()
 *fill*         0x08003496        0x2 
 .text._ZN5SHT1x16readTemperatureCEv
                0x08003498       0x24 SHT1x.cpp.o
                0x08003498                SHT1x::readTemperatureC()
 .text._ZN5SHT1x12readHumidityEv
                0x080034bc       0xc0 SHT1x.cpp.o
                0x080034bc                SHT1x::readHumidity()
 .text.startup._GLOBAL__sub_I_sht10
                0x0800357c       0x10 SHT1x.cpp.o
 .text._ZL6microsv
                0x0800358c       0x34 SoftwareI2C.cpp.o
 .text._ZN11SoftwareI2C5beginEii
                0x080035c0       0x30 SoftwareI2C.cpp.o
                0x080035c0                SoftwareI2C::begin(int, int)
 .text._ZN11SoftwareI2C6sdaSetEh
                0x080035f0       0x20 SoftwareI2C.cpp.o
                0x080035f0                SoftwareI2C::sdaSet(unsigned char)
 .text._ZN11SoftwareI2C9sendStartEv
                0x08003610       0x22 SoftwareI2C.cpp.o
                0x08003610                SoftwareI2C::sendStart()
 .text._ZN11SoftwareI2C8sendStopEv
                0x08003632       0x40 SoftwareI2C.cpp.o
                0x08003632                SoftwareI2C::sendStop()
 .text._ZN11SoftwareI2C11sendByteAckEh
                0x08003672       0x74 SoftwareI2C.cpp.o
                0x08003672                SoftwareI2C::sendByteAck(unsigned char)
 .text._ZN11SoftwareI2C17beginTransmissionEh
                0x080036e6       0x18 SoftwareI2C.cpp.o
                0x080036e6                SoftwareI2C::beginTransmission(unsigned char)
 .text._ZN11SoftwareI2C15endTransmissionEv
                0x080036fe        0xa SoftwareI2C.cpp.o
                0x080036fe                SoftwareI2C::endTransmission()
 .text._ZN11SoftwareI2C5writeEh
                0x08003708        0x8 SoftwareI2C.cpp.o
                0x08003708                SoftwareI2C::write(unsigned char)
 .text._ZN11SoftwareI2C11requestFromEhh
                0x08003710       0x1c SoftwareI2C.cpp.o
                0x08003710                SoftwareI2C::requestFrom(unsigned char, unsigned char)
 .text._ZN11SoftwareI2C4readEv
                0x0800372c       0xba SoftwareI2C.cpp.o
                0x0800372c                SoftwareI2C::read()
 .text._Z7GetCrc8Phi
                0x080037e6       0x2e User_CRC8.cpp.o
                0x080037e6                GetCrc8(unsigned char*, int)
 .text._ZN7RTClockC2E11rtc_clk_srct
                0x08003814       0x46 RTClock\RTClock.cpp.o
                0x08003814                RTClock::RTClock(rtc_clk_src, unsigned short)
                0x08003814                RTClock::RTClock(rtc_clk_src, unsigned short)
 .text._ZN7RTClockC2E11rtc_clk_src
                0x0800385a       0x12 RTClock\RTClock.cpp.o
                0x0800385a                RTClock::RTClock(rtc_clk_src)
                0x0800385a                RTClock::RTClock(rtc_clk_src)
 .text._ZN7RTClock7setTimeEl
                0x0800386c        0x6 RTClock\RTClock.cpp.o
                0x0800386c                RTClock::setTime(long)
 .text._ZN7RTClock7getTimeEv
                0x08003872        0x4 RTClock\RTClock.cpp.o
                0x08003872                RTClock::getTime()
 .text._ZN7RTClock11createAlarmEPFvvEl
                0x08003876       0x16 RTClock\RTClock.cpp.o
                0x08003876                RTClock::createAlarm(void (*)(), long)
 .text.rtc_wait_finished
                0x0800388c       0x1c RTClock\utility\rtc_util.c.o
 .text.rtc_wait_sync
                0x080038a8       0x1c RTClock\utility\rtc_util.c.o
 .text.rtc_clear_sync
                0x080038c4       0x20 RTClock\utility\rtc_util.c.o
 .text.rtc_enter_config_mode
                0x080038e4       0x20 RTClock\utility\rtc_util.c.o
 .text.rtc_exit_config_mode
                0x08003904       0x20 RTClock\utility\rtc_util.c.o
 .text.rtc_init
                0x08003924       0xac RTClock\utility\rtc_util.c.o
                0x08003924                rtc_init
 .text.rtc_attach_interrupt
                0x080039d0       0x60 RTClock\utility\rtc_util.c.o
                0x080039d0                rtc_attach_interrupt
 .text.rtc_detach_interrupt
                0x08003a30       0x40 RTClock\utility\rtc_util.c.o
                0x08003a30                rtc_detach_interrupt
 .text.__irq_rtc
                0x08003a70       0x48 RTClock\utility\rtc_util.c.o
                0x08003a70                __irq_rtc
 .text.__irq_rtcalarm
                0x08003ab8       0x1c RTClock\utility\rtc_util.c.o
                0x08003ab8                __irq_rtcalarm
 .text.rtc_get_count
                0x08003ad4       0x24 RTClock\utility\rtc_util.c.o
                0x08003ad4                rtc_get_count
 .text.rtc_set_count
                0x08003af8       0x34 RTClock\utility\rtc_util.c.o
                0x08003af8                rtc_set_count
 .text.rtc_set_prescaler_load
                0x08003b2c       0x34 RTClock\utility\rtc_util.c.o
                0x08003b2c                rtc_set_prescaler_load
 .text.rtc_set_alarm
                0x08003b60       0x34 RTClock\utility\rtc_util.c.o
                0x08003b60                rtc_set_alarm
 .text._Z9boardInitv
                0x08003b94        0x2 C:\Users\Administrator\AppData\Local\Temp\VMBCore\arduino16x\3c66a55e0122d96a6ed3ec018219d544\variant\board.cpp.o
                0x08003b94                boardInit()
 *fill*         0x08003b96        0x2 
 .text.startup._GLOBAL__sub_I__Z9boardInitv
                0x08003b98       0x48 C:\Users\Administrator\AppData\Local\Temp\VMBCore\arduino16x\3c66a55e0122d96a6ed3ec018219d544\variant\board.cpp.o
 .text._ZL18adc_default_configP7adc_dev
                0x08003be0       0x1c C:\Users\Administrator\AppData\Local\Temp\VMBCore\arduino16x\3c66a55e0122d96a6ed3ec018219d544\variant\boards.cpp.o
 .text._ZL20timer_default_configP9timer_dev
                0x08003bfc       0x9e C:\Users\Administrator\AppData\Local\Temp\VMBCore\arduino16x\3c66a55e0122d96a6ed3ec018219d544\variant\boards.cpp.o
 *fill*         0x08003c9a        0x2 
 .text._Z4initv
                0x08003c9c       0xbc C:\Users\Administrator\AppData\Local\Temp\VMBCore\arduino16x\3c66a55e0122d96a6ed3ec018219d544\variant\boards.cpp.o
                0x08003c9c                init()
 .text._ZN6wirish4priv15board_reset_pllEv
                0x08003d58        0x2 C:\Users\Administrator\AppData\Local\Temp\VMBCore\arduino16x\3c66a55e0122d96a6ed3ec018219d544\variant\boards_setup.cpp.o
                0x08003d58                wirish::priv::board_reset_pll()
 .text._ZN6wirish4priv28board_setup_clock_prescalersEv
                0x08003d5a       0x2e C:\Users\Administrator\AppData\Local\Temp\VMBCore\arduino16x\3c66a55e0122d96a6ed3ec018219d544\variant\boards_setup.cpp.o
                0x08003d5a                wirish::priv::board_setup_clock_prescalers()
 .text._ZN6wirish4priv16board_setup_gpioEv
                0x08003d88        0x4 C:\Users\Administrator\AppData\Local\Temp\VMBCore\arduino16x\3c66a55e0122d96a6ed3ec018219d544\variant\boards_setup.cpp.o
                0x08003d88                wirish::priv::board_setup_gpio()
 .text._ZN6wirish4priv15board_setup_usbEv
                0x08003d8c       0x54 C:\Users\Administrator\AppData\Local\Temp\VMBCore\arduino16x\3c66a55e0122d96a6ed3ec018219d544\variant\boards_setup.cpp.o
                0x08003d8c                wirish::priv::board_setup_usb()
 .text._ZN6wirish4priv11series_initEv
                0x08003de0        0x4 C:\Users\Administrator\AppData\Local\Temp\VMBCore\arduino16x\3c66a55e0122d96a6ed3ec018219d544\variant\boards_setup.cpp.o
                0x08003de0                wirish::priv::series_init()
 .text          0x08003de4       0x10 C:\Users\Administrator\AppData\Local\Temp\VMBCore\arduino16x\3c66a55e0122d96a6ed3ec018219d544\variant\start.S.o
                0x08003de4                __start__
 .text.start_c  0x08003df4       0x64 C:\Users\Administrator\AppData\Local\Temp\VMBCore\arduino16x\3c66a55e0122d96a6ed3ec018219d544\variant\start_c.c.o
                0x08003df4                start_c
 .text._sbrk    0x08003e58       0x44 C:\Users\Administrator\AppData\Local\Temp\VMBCore\arduino16x\3c66a55e0122d96a6ed3ec018219d544\variant\syscalls.c.o
                0x08003e58                _sbrk
 .text._exit    0x08003e9c        0x2 C:\Users\Administrator\AppData\Local\Temp\VMBCore\arduino16x\3c66a55e0122d96a6ed3ec018219d544\variant\syscalls.c.o
                0x08003e9c                _exit
 *fill*         0x08003e9e        0x2 
 .text          0x08003ea0       0x60 C:\Users\Administrator\AppData\Local\Temp\VMBuilds\STM32_LoRa_SensorV2.2.1\stm32_genericSTM32F103C\Debug/core.a(exc.S.o)
                0x08003ea0                __exc_nmi
                0x08003ea4                __exc_hardfault
                0x08003ea8                __exc_memmanage
                0x08003eac                __exc_busfault
                0x08003eb0                __exc_usagefault
 .text          0x08003f00        0x2 C:\Users\Administrator\AppData\Local\Temp\VMBuilds\STM32_LoRa_SensorV2.2.1\stm32_genericSTM32F103C\Debug/core.a(isrs.S.o)
                0x08003f00                __stm32reservedexception9
                0x08003f00                __irq_dma1_channel3
                0x08003f00                __irq_i2c2_er
                0x08003f00                __irq_i2c1_er
                0x08003f00                __irq_dma1_channel6
                0x08003f00                __exc_debug_monitor
                0x08003f00                __irq_dma1_channel1
                0x08003f00                __exc_svc
                0x08003f00                __irq_dma1_channel4
                0x08003f00                __irq_dma1_channel7
                0x08003f00                __irq_exti0
                0x08003f00                __irq_can_rx1
                0x08003f00                __irq_spi2
                0x08003f00                __irq_can_sce
                0x08003f00                __irq_exti2
                0x08003f00                __irq_exti3
                0x08003f00                __irq_exti9_5
                0x08003f00                __irq_pvd
                0x08003f00                __irq_tamper
                0x08003f00                __default_handler
                0x08003f00                __irq_wwdg
                0x08003f00                __stm32reservedexception10
                0x08003f00                __irq_flash
                0x08003f00                __irq_i2c2_ev
                0x08003f00                __irq_dma1_channel2
                0x08003f00                __irq_dma1_channel5
                0x08003f00                __stm32reservedexception13
                0x08003f00                __irq_spi1
                0x08003f00                __stm32reservedexception7
                0x08003f00                __irq_usb_hp_can_tx
                0x08003f00                __irq_exti15_10
                0x08003f00                __irq_exti4
                0x08003f00                __stm32reservedexception8
                0x08003f00                __exc_pendsv
                0x08003f00                __irq_i2c1_ev
                0x08003f00                __irq_usbwakeup
                0x08003f00                __irq_exti1
                0x08003f00                __irq_rcc
 .text.adc_init
                0x08003f02       0x14 C:\Users\Administrator\AppData\Local\Temp\VMBuilds\STM32_LoRa_SensorV2.2.1\stm32_genericSTM32F103C\Debug/core.a(adc.c.o)
                0x08003f02                adc_init
 .text.adc_set_extsel
                0x08003f16       0x12 C:\Users\Administrator\AppData\Local\Temp\VMBuilds\STM32_LoRa_SensorV2.2.1\stm32_genericSTM32F103C\Debug/core.a(adc.c.o)
                0x08003f16                adc_set_extsel
 .text.adc_set_sample_rate
                0x08003f28       0x30 C:\Users\Administrator\AppData\Local\Temp\VMBuilds\STM32_LoRa_SensorV2.2.1\stm32_genericSTM32F103C\Debug/core.a(adc.c.o)
                0x08003f28                adc_set_sample_rate
 .text.adc_read
                0x08003f58       0x20 C:\Users\Administrator\AppData\Local\Temp\VMBuilds\STM32_LoRa_SensorV2.2.1\stm32_genericSTM32F103C\Debug/core.a(adc.c.o)
                0x08003f58                adc_read
 .text.__irq_adc
                0x08003f78       0x50 C:\Users\Administrator\AppData\Local\Temp\VMBuilds\STM32_LoRa_SensorV2.2.1\stm32_genericSTM32F103C\Debug/core.a(adc_f1.c.o)
                0x08003f78                __irq_adc
 .text.adc_calibrate
                0x08003fc8       0x24 C:\Users\Administrator\AppData\Local\Temp\VMBuilds\STM32_LoRa_SensorV2.2.1\stm32_genericSTM32F103C\Debug/core.a(adc_f1.c.o)
                0x08003fc8                adc_calibrate
 .text.adc_set_prescaler
                0x08003fec        0x8 C:\Users\Administrator\AppData\Local\Temp\VMBuilds\STM32_LoRa_SensorV2.2.1\stm32_genericSTM32F103C\Debug/core.a(adc_f1.c.o)
                0x08003fec                adc_set_prescaler
 .text.adc_foreach
                0x08003ff4       0x1c C:\Users\Administrator\AppData\Local\Temp\VMBuilds\STM32_LoRa_SensorV2.2.1\stm32_genericSTM32F103C\Debug/core.a(adc_f1.c.o)
                0x08003ff4                adc_foreach
 .text.adc_enable_single_swstart
                0x08004010       0x36 C:\Users\Administrator\AppData\Local\Temp\VMBuilds\STM32_LoRa_SensorV2.2.1\stm32_genericSTM32F103C\Debug/core.a(adc_f1.c.o)
                0x08004010                adc_enable_single_swstart
 .text.bkp_init
                0x08004046       0x18 C:\Users\Administrator\AppData\Local\Temp\VMBuilds\STM32_LoRa_SensorV2.2.1\stm32_genericSTM32F103C\Debug/core.a(bkp_f1.c.o)
                0x08004046                bkp_init
 *fill*         0x0800405e        0x2 
 .text.bkp_enable_writes
                0x08004060        0xc C:\Users\Administrator\AppData\Local\Temp\VMBuilds\STM32_LoRa_SensorV2.2.1\stm32_genericSTM32F103C\Debug/core.a(bkp_f1.c.o)
                0x08004060                bkp_enable_writes
 .text.bkp_disable_writes
                0x0800406c        0xc C:\Users\Administrator\AppData\Local\Temp\VMBuilds\STM32_LoRa_SensorV2.2.1\stm32_genericSTM32F103C\Debug/core.a(bkp_f1.c.o)
                0x0800406c                bkp_disable_writes
 .text.flash_set_latency
                0x08004078       0x14 C:\Users\Administrator\AppData\Local\Temp\VMBuilds\STM32_LoRa_SensorV2.2.1\stm32_genericSTM32F103C\Debug/core.a(flash.c.o)
                0x08004078                flash_set_latency
 .text.gpio_init_all
                0x0800408c       0x30 C:\Users\Administrator\AppData\Local\Temp\VMBuilds\STM32_LoRa_SensorV2.2.1\stm32_genericSTM32F103C\Debug/core.a(gpio_f1.c.o)
                0x0800408c                gpio_init_all
 .text.gpio_set_mode
                0x080040bc       0x50 C:\Users\Administrator\AppData\Local\Temp\VMBuilds\STM32_LoRa_SensorV2.2.1\stm32_genericSTM32F103C\Debug/core.a(gpio_f1.c.o)
                0x080040bc                gpio_set_mode
 .text.afio_init
                0x0800410c       0x12 C:\Users\Administrator\AppData\Local\Temp\VMBuilds\STM32_LoRa_SensorV2.2.1\stm32_genericSTM32F103C\Debug/core.a(gpio_f1.c.o)
                0x0800410c                afio_init
 *fill*         0x0800411e        0x2 
 .text.nvic_irq_set_priority
                0x08004120       0x28 C:\Users\Administrator\AppData\Local\Temp\VMBuilds\STM32_LoRa_SensorV2.2.1\stm32_genericSTM32F103C\Debug/core.a(nvic.c.o)
                0x08004120                nvic_irq_set_priority
 .text.nvic_init
                0x08004148       0x30 C:\Users\Administrator\AppData\Local\Temp\VMBuilds\STM32_LoRa_SensorV2.2.1\stm32_genericSTM32F103C\Debug/core.a(nvic.c.o)
                0x08004148                nvic_init
 .text.nvic_sys_reset
                0x08004178       0x1c C:\Users\Administrator\AppData\Local\Temp\VMBuilds\STM32_LoRa_SensorV2.2.1\stm32_genericSTM32F103C\Debug/core.a(nvic.c.o)
                0x08004178                nvic_sys_reset
 .text.PWR_WakeUpPinCmd
                0x08004194        0xc C:\Users\Administrator\AppData\Local\Temp\VMBuilds\STM32_LoRa_SensorV2.2.1\stm32_genericSTM32F103C\Debug/core.a(pwr.c.o)
                0x08004194                PWR_WakeUpPinCmd
 .text.PWR_EnterSTANDBYMode
                0x080041a0       0x28 C:\Users\Administrator\AppData\Local\Temp\VMBuilds\STM32_LoRa_SensorV2.2.1\stm32_genericSTM32F103C\Debug/core.a(pwr.c.o)
                0x080041a0                PWR_EnterSTANDBYMode
 .text.PWR_ClearFlag
                0x080041c8       0x10 C:\Users\Administrator\AppData\Local\Temp\VMBuilds\STM32_LoRa_SensorV2.2.1\stm32_genericSTM32F103C\Debug/core.a(pwr.c.o)
                0x080041c8                PWR_ClearFlag
 .text.rcc_dev_clk
                0x080041d8        0xc C:\Users\Administrator\AppData\Local\Temp\VMBuilds\STM32_LoRa_SensorV2.2.1\stm32_genericSTM32F103C\Debug/core.a(rcc.c.o)
                0x080041d8                rcc_dev_clk
 .text.rcc_switch_sysclk
                0x080041e4       0x20 C:\Users\Administrator\AppData\Local\Temp\VMBuilds\STM32_LoRa_SensorV2.2.1\stm32_genericSTM32F103C\Debug/core.a(rcc.c.o)
                0x080041e4                rcc_switch_sysclk
 .text.rcc_turn_on_clk
                0x08004204       0x1a C:\Users\Administrator\AppData\Local\Temp\VMBuilds\STM32_LoRa_SensorV2.2.1\stm32_genericSTM32F103C\Debug/core.a(rcc.c.o)
                0x08004204                rcc_turn_on_clk
 .text.rcc_turn_off_clk
                0x0800421e       0x1c C:\Users\Administrator\AppData\Local\Temp\VMBuilds\STM32_LoRa_SensorV2.2.1\stm32_genericSTM32F103C\Debug/core.a(rcc.c.o)
                0x0800421e                rcc_turn_off_clk
 .text.rcc_is_clk_on
                0x0800423a       0x1e C:\Users\Administrator\AppData\Local\Temp\VMBuilds\STM32_LoRa_SensorV2.2.1\stm32_genericSTM32F103C\Debug/core.a(rcc.c.o)
                0x0800423a                rcc_is_clk_on
 .text.rcc_is_clk_ready
                0x08004258       0x18 C:\Users\Administrator\AppData\Local\Temp\VMBuilds\STM32_LoRa_SensorV2.2.1\stm32_genericSTM32F103C\Debug/core.a(rcc.c.o)
                0x08004258                rcc_is_clk_ready
 .text.rcc_configure_pll
                0x08004270       0x38 C:\Users\Administrator\AppData\Local\Temp\VMBuilds\STM32_LoRa_SensorV2.2.1\stm32_genericSTM32F103C\Debug/core.a(rcc_f1.c.o)
                0x08004270                rcc_configure_pll
 .text.rcc_clk_enable
                0x080042a8       0x30 C:\Users\Administrator\AppData\Local\Temp\VMBuilds\STM32_LoRa_SensorV2.2.1\stm32_genericSTM32F103C\Debug/core.a(rcc_f1.c.o)
                0x080042a8                rcc_clk_enable
 .text.rcc_reset_dev
                0x080042d8       0x34 C:\Users\Administrator\AppData\Local\Temp\VMBuilds\STM32_LoRa_SensorV2.2.1\stm32_genericSTM32F103C\Debug/core.a(rcc_f1.c.o)
                0x080042d8                rcc_reset_dev
 .text.rcc_set_prescaler
                0x0800430c       0x20 C:\Users\Administrator\AppData\Local\Temp\VMBuilds\STM32_LoRa_SensorV2.2.1\stm32_genericSTM32F103C\Debug/core.a(rcc_f1.c.o)
                0x0800430c                rcc_set_prescaler
 .text.rcc_clk_disable
                0x0800432c       0x30 C:\Users\Administrator\AppData\Local\Temp\VMBuilds\STM32_LoRa_SensorV2.2.1\stm32_genericSTM32F103C\Debug/core.a(rcc_f1.c.o)
                0x0800432c                rcc_clk_disable
 .text.systick_init
                0x0800435c       0x10 C:\Users\Administrator\AppData\Local\Temp\VMBuilds\STM32_LoRa_SensorV2.2.1\stm32_genericSTM32F103C\Debug/core.a(systick.c.o)
                0x0800435c                systick_init
 .text.__exc_systick
                0x0800436c       0x1c C:\Users\Administrator\AppData\Local\Temp\VMBuilds\STM32_LoRa_SensorV2.2.1\stm32_genericSTM32F103C\Debug/core.a(systick.c.o)
                0x0800436c                __exc_systick
 .text.timer_oc_set_mode
                0x08004388       0x3a C:\Users\Administrator\AppData\Local\Temp\VMBuilds\STM32_LoRa_SensorV2.2.1\stm32_genericSTM32F103C\Debug/core.a(timer.c.o)
 *fill*         0x080043c2        0x2 
 .text.timer_foreach
                0x080043c4       0x28 C:\Users\Administrator\AppData\Local\Temp\VMBuilds\STM32_LoRa_SensorV2.2.1\stm32_genericSTM32F103C\Debug/core.a(timer.c.o)
                0x080043c4                timer_foreach
 .text.timer_init
                0x080043ec       0x14 C:\Users\Administrator\AppData\Local\Temp\VMBuilds\STM32_LoRa_SensorV2.2.1\stm32_genericSTM32F103C\Debug/core.a(timer.c.o)
                0x080043ec                timer_init
 .text.timer_has_cc_channel
                0x08004400       0x30 C:\Users\Administrator\AppData\Local\Temp\VMBuilds\STM32_LoRa_SensorV2.2.1\stm32_genericSTM32F103C\Debug/core.a(timer.c.o)
                0x08004400                timer_has_cc_channel
 .text.timer_attach_interrupt
                0x08004430       0xd4 C:\Users\Administrator\AppData\Local\Temp\VMBuilds\STM32_LoRa_SensorV2.2.1\stm32_genericSTM32F103C\Debug/core.a(timer.c.o)
                0x08004430                timer_attach_interrupt
 .text.timer_detach_interrupt
                0x08004504       0x1e C:\Users\Administrator\AppData\Local\Temp\VMBuilds\STM32_LoRa_SensorV2.2.1\stm32_genericSTM32F103C\Debug/core.a(timer.c.o)
                0x08004504                timer_detach_interrupt
 *fill*         0x08004522        0x2 
 .text.timer_set_mode
                0x08004524       0xb4 C:\Users\Administrator\AppData\Local\Temp\VMBuilds\STM32_LoRa_SensorV2.2.1\stm32_genericSTM32F103C\Debug/core.a(timer.c.o)
                0x08004524                timer_set_mode
 .text.__irq_tim1_brk
                0x080045d8       0x24 C:\Users\Administrator\AppData\Local\Temp\VMBuilds\STM32_LoRa_SensorV2.2.1\stm32_genericSTM32F103C\Debug/core.a(timer.c.o)
                0x080045d8                __irq_tim1_brk
 .text.__irq_tim1_up
                0x080045fc       0x24 C:\Users\Administrator\AppData\Local\Temp\VMBuilds\STM32_LoRa_SensorV2.2.1\stm32_genericSTM32F103C\Debug/core.a(timer.c.o)
                0x080045fc                __irq_tim1_up
 .text.__irq_tim1_trg_com
                0x08004620       0x38 C:\Users\Administrator\AppData\Local\Temp\VMBuilds\STM32_LoRa_SensorV2.2.1\stm32_genericSTM32F103C\Debug/core.a(timer.c.o)
                0x08004620                __irq_tim1_trg_com
 .text.__irq_tim1_cc
                0x08004658       0x54 C:\Users\Administrator\AppData\Local\Temp\VMBuilds\STM32_LoRa_SensorV2.2.1\stm32_genericSTM32F103C\Debug/core.a(timer.c.o)
                0x08004658                __irq_tim1_cc
 .text.__irq_tim2
                0x080046ac       0x70 C:\Users\Administrator\AppData\Local\Temp\VMBuilds\STM32_LoRa_SensorV2.2.1\stm32_genericSTM32F103C\Debug/core.a(timer.c.o)
                0x080046ac                __irq_tim2
 .text.__irq_tim3
                0x0800471c       0x70 C:\Users\Administrator\AppData\Local\Temp\VMBuilds\STM32_LoRa_SensorV2.2.1\stm32_genericSTM32F103C\Debug/core.a(timer.c.o)
                0x0800471c                __irq_tim3
 .text.__irq_tim4
                0x0800478c       0x70 C:\Users\Administrator\AppData\Local\Temp\VMBuilds\STM32_LoRa_SensorV2.2.1\stm32_genericSTM32F103C\Debug/core.a(timer.c.o)
                0x0800478c                __irq_tim4
 .text.rb_remove
                0x080047fc       0x24 C:\Users\Administrator\AppData\Local\Temp\VMBuilds\STM32_LoRa_SensorV2.2.1\stm32_genericSTM32F103C\Debug/core.a(usart_f1.c.o)
 .text.rb_push_insert
                0x08004820       0x52 C:\Users\Administrator\AppData\Local\Temp\VMBuilds\STM32_LoRa_SensorV2.2.1\stm32_genericSTM32F103C\Debug/core.a(usart_f1.c.o)
 .text.usart_config_gpios_async
                0x08004872       0x4a C:\Users\Administrator\AppData\Local\Temp\VMBuilds\STM32_LoRa_SensorV2.2.1\stm32_genericSTM32F103C\Debug/core.a(usart_f1.c.o)
                0x08004872                usart_config_gpios_async
 .text.usart_set_baud_rate
                0x080048bc       0x3c C:\Users\Administrator\AppData\Local\Temp\VMBuilds\STM32_LoRa_SensorV2.2.1\stm32_genericSTM32F103C\Debug/core.a(usart_f1.c.o)
                0x080048bc                usart_set_baud_rate
 .text.__irq_usart1
                0x080048f8       0x54 C:\Users\Administrator\AppData\Local\Temp\VMBuilds\STM32_LoRa_SensorV2.2.1\stm32_genericSTM32F103C\Debug/core.a(usart_f1.c.o)
                0x080048f8                __irq_usart1
 .text.__irq_usart2
                0x0800494c       0x54 C:\Users\Administrator\AppData\Local\Temp\VMBuilds\STM32_LoRa_SensorV2.2.1\stm32_genericSTM32F103C\Debug/core.a(usart_f1.c.o)
                0x0800494c                __irq_usart2
 .text.__irq_usart3
                0x080049a0       0x54 C:\Users\Administrator\AppData\Local\Temp\VMBuilds\STM32_LoRa_SensorV2.2.1\stm32_genericSTM32F103C\Debug/core.a(usart_f1.c.o)
                0x080049a0                __irq_usart3
 .text._usart_clock_freq
                0x080049f4       0x24 C:\Users\Administrator\AppData\Local\Temp\VMBuilds\STM32_LoRa_SensorV2.2.1\stm32_genericSTM32F103C\Debug/core.a(usart_private.c.o)
                0x080049f4                _usart_clock_freq
 .text.usart_putc
                0x08004a18       0x1c C:\Users\Administrator\AppData\Local\Temp\VMBuilds\STM32_LoRa_SensorV2.2.1\stm32_genericSTM32F103C\Debug/core.a(util.c.o)
 .text.usart_putstr
                0x08004a34       0x16 C:\Users\Administrator\AppData\Local\Temp\VMBuilds\STM32_LoRa_SensorV2.2.1\stm32_genericSTM32F103C\Debug/core.a(util.c.o)
 *fill*         0x08004a4a        0x2 
 .text.throb    0x08004a4c       0x4c C:\Users\Administrator\AppData\Local\Temp\VMBuilds\STM32_LoRa_SensorV2.2.1\stm32_genericSTM32F103C\Debug/core.a(util.c.o)
                0x08004a4c                throb
 .text.__error  0x08004a98       0x14 C:\Users\Administrator\AppData\Local\Temp\VMBuilds\STM32_LoRa_SensorV2.2.1\stm32_genericSTM32F103C\Debug/core.a(util.c.o)
                0x08004a98                __error
 .text._fail    0x08004aac       0x64 C:\Users\Administrator\AppData\Local\Temp\VMBuilds\STM32_LoRa_SensorV2.2.1\stm32_genericSTM32F103C\Debug/core.a(util.c.o)
                0x08004aac                _fail
 .text._ZN14HardwareSerial4readEv
                0x08004b10       0x4e C:\Users\Administrator\AppData\Local\Temp\VMBuilds\STM32_LoRa_SensorV2.2.1\stm32_genericSTM32F103C\Debug/core.a(HardwareSerial.cpp.o)
                0x08004b10                HardwareSerial::read()
 .text._ZN14HardwareSerial4peekEv
                0x08004b5e       0x22 C:\Users\Administrator\AppData\Local\Temp\VMBuilds\STM32_LoRa_SensorV2.2.1\stm32_genericSTM32F103C\Debug/core.a(HardwareSerial.cpp.o)
                0x08004b5e                HardwareSerial::peek()
 .text._ZN14HardwareSerial5flushEv
                0x08004b80       0x1a C:\Users\Administrator\AppData\Local\Temp\VMBuilds\STM32_LoRa_SensorV2.2.1\stm32_genericSTM32F103C\Debug/core.a(HardwareSerial.cpp.o)
                0x08004b80                HardwareSerial::flush()
 .text._ZN14HardwareSerial5writeEh
                0x08004b9a       0x1e C:\Users\Administrator\AppData\Local\Temp\VMBuilds\STM32_LoRa_SensorV2.2.1\stm32_genericSTM32F103C\Debug/core.a(HardwareSerial.cpp.o)
                0x08004b9a                HardwareSerial::write(unsigned char)
 .text._ZN14HardwareSerial9availableEv
                0x08004bb8       0x26 C:\Users\Administrator\AppData\Local\Temp\VMBuilds\STM32_LoRa_SensorV2.2.1\stm32_genericSTM32F103C\Debug/core.a(HardwareSerial.cpp.o)
                0x08004bb8                HardwareSerial::available()
 *fill*         0x08004bde        0x2 
 .text._ZN14HardwareSerialC2EP9usart_devhh
                0x08004be0       0x1c C:\Users\Administrator\AppData\Local\Temp\VMBuilds\STM32_LoRa_SensorV2.2.1\stm32_genericSTM32F103C\Debug/core.a(HardwareSerial.cpp.o)
                0x08004be0                HardwareSerial::HardwareSerial(usart_dev*, unsigned char, unsigned char)
                0x08004be0                HardwareSerial::HardwareSerial(usart_dev*, unsigned char, unsigned char)
 .text._ZN14HardwareSerial5beginEmh
                0x08004bfc       0x78 C:\Users\Administrator\AppData\Local\Temp\VMBuilds\STM32_LoRa_SensorV2.2.1\stm32_genericSTM32F103C\Debug/core.a(HardwareSerial.cpp.o)
                0x08004bfc                HardwareSerial::begin(unsigned long, unsigned char)
 .text._ZN14HardwareSerial5beginEm
                0x08004c74        0x6 C:\Users\Administrator\AppData\Local\Temp\VMBuilds\STM32_LoRa_SensorV2.2.1\stm32_genericSTM32F103C\Debug/core.a(HardwareSerial.cpp.o)
                0x08004c74                HardwareSerial::begin(unsigned long)
 .text._ZN14HardwareSerial3endEv
                0x08004c7a        0x6 C:\Users\Administrator\AppData\Local\Temp\VMBuilds\STM32_LoRa_SensorV2.2.1\stm32_genericSTM32F103C\Debug/core.a(HardwareSerial.cpp.o)
                0x08004c7a                HardwareSerial::end()
 .text.set_this_dev
                0x08004c80       0x1c C:\Users\Administrator\AppData\Local\Temp\VMBuilds\STM32_LoRa_SensorV2.2.1\stm32_genericSTM32F103C\Debug/core.a(HardwareTimer.cpp.o)
 .text._ZN13HardwareTimerC2Eh
                0x08004c9c       0x2c C:\Users\Administrator\AppData\Local\Temp\VMBuilds\STM32_LoRa_SensorV2.2.1\stm32_genericSTM32F103C\Debug/core.a(HardwareTimer.cpp.o)
                0x08004c9c                HardwareTimer::HardwareTimer(unsigned char)
                0x08004c9c                HardwareTimer::HardwareTimer(unsigned char)
 .text._ZN13HardwareTimer5pauseEv
                0x08004cc8       0x10 C:\Users\Administrator\AppData\Local\Temp\VMBuilds\STM32_LoRa_SensorV2.2.1\stm32_genericSTM32F103C\Debug/core.a(HardwareTimer.cpp.o)
                0x08004cc8                HardwareTimer::pause()
 .text._ZN13HardwareTimer6resumeEv
                0x08004cd8       0x10 C:\Users\Administrator\AppData\Local\Temp\VMBuilds\STM32_LoRa_SensorV2.2.1\stm32_genericSTM32F103C\Debug/core.a(HardwareTimer.cpp.o)
                0x08004cd8                HardwareTimer::resume()
 .text._ZN13HardwareTimer17setPrescaleFactorEm
                0x08004ce8        0xc C:\Users\Administrator\AppData\Local\Temp\VMBuilds\STM32_LoRa_SensorV2.2.1\stm32_genericSTM32F103C\Debug/core.a(HardwareTimer.cpp.o)
                0x08004ce8                HardwareTimer::setPrescaleFactor(unsigned long)
 .text._ZN13HardwareTimer8setCountEt
                0x08004cf4       0x12 C:\Users\Administrator\AppData\Local\Temp\VMBuilds\STM32_LoRa_SensorV2.2.1\stm32_genericSTM32F103C\Debug/core.a(HardwareTimer.cpp.o)
                0x08004cf4                HardwareTimer::setCount(unsigned short)
 .text._ZN13HardwareTimer9setPeriodEm
                0x08004d06       0x3e C:\Users\Administrator\AppData\Local\Temp\VMBuilds\STM32_LoRa_SensorV2.2.1\stm32_genericSTM32F103C\Debug/core.a(HardwareTimer.cpp.o)
                0x08004d06                HardwareTimer::setPeriod(unsigned long)
 .text._ZN13HardwareTimer7setModeEi10timer_mode
                0x08004d44        0x8 C:\Users\Administrator\AppData\Local\Temp\VMBuilds\STM32_LoRa_SensorV2.2.1\stm32_genericSTM32F103C\Debug/core.a(HardwareTimer.cpp.o)
                0x08004d44                HardwareTimer::setMode(int, timer_mode)
 .text._ZN13HardwareTimer10setCompareEit
                0x08004d4c       0x1e C:\Users\Administrator\AppData\Local\Temp\VMBuilds\STM32_LoRa_SensorV2.2.1\stm32_genericSTM32F103C\Debug/core.a(HardwareTimer.cpp.o)
                0x08004d4c                HardwareTimer::setCompare(int, unsigned short)
 .text._ZN13HardwareTimer15attachInterruptEiPFvvE
                0x08004d6a        0x8 C:\Users\Administrator\AppData\Local\Temp\VMBuilds\STM32_LoRa_SensorV2.2.1\stm32_genericSTM32F103C\Debug/core.a(HardwareTimer.cpp.o)
                0x08004d6a                HardwareTimer::attachInterrupt(int, void (*)())
 *fill*         0x08004d72        0x2 
 .text.startup._GLOBAL__sub_I__ZN13HardwareTimerC2Eh
                0x08004d74       0x38 C:\Users\Administrator\AppData\Local\Temp\VMBuilds\STM32_LoRa_SensorV2.2.1\stm32_genericSTM32F103C\Debug/core.a(HardwareTimer.cpp.o)
 .text.startup._Z7premainv
                0x08004dac        0x4 C:\Users\Administrator\AppData\Local\Temp\VMBuilds\STM32_LoRa_SensorV2.2.1\stm32_genericSTM32F103C\Debug/core.a(main.cpp.o)
                0x08004dac                premain()
 .text.startup.main
                0x08004db0        0xc C:\Users\Administrator\AppData\Local\Temp\VMBuilds\STM32_LoRa_SensorV2.2.1\stm32_genericSTM32F103C\Debug/core.a(main.cpp.o)
                0x08004db0                main
 .text._ZN5Print5writeEPKc
                0x08004dbc       0x1c C:\Users\Administrator\AppData\Local\Temp\VMBuilds\STM32_LoRa_SensorV2.2.1\stm32_genericSTM32F103C\Debug/core.a(Print.cpp.o)
                0x08004dbc                Print::write(char const*)
 .text._ZN5Print5writeEPKvm
                0x08004dd8       0x20 C:\Users\Administrator\AppData\Local\Temp\VMBuilds\STM32_LoRa_SensorV2.2.1\stm32_genericSTM32F103C\Debug/core.a(Print.cpp.o)
                0x08004dd8                Print::write(void const*, unsigned long)
 .text._ZN5Print5printERK6String
                0x08004df8       0x10 C:\Users\Administrator\AppData\Local\Temp\VMBuilds\STM32_LoRa_SensorV2.2.1\stm32_genericSTM32F103C\Debug/core.a(Print.cpp.o)
                0x08004df8                Print::print(String const&)
 .text._ZN5Print5printEc
                0x08004e08        0xa C:\Users\Administrator\AppData\Local\Temp\VMBuilds\STM32_LoRa_SensorV2.2.1\stm32_genericSTM32F103C\Debug/core.a(Print.cpp.o)
                0x08004e08                Print::print(char)
 .text._ZN5Print5printEPKc
                0x08004e12        0xa C:\Users\Administrator\AppData\Local\Temp\VMBuilds\STM32_LoRa_SensorV2.2.1\stm32_genericSTM32F103C\Debug/core.a(Print.cpp.o)
                0x08004e12                Print::print(char const*)
 .text._ZN5Print7printlnEv
                0x08004e1c       0x18 C:\Users\Administrator\AppData\Local\Temp\VMBuilds\STM32_LoRa_SensorV2.2.1\stm32_genericSTM32F103C\Debug/core.a(Print.cpp.o)
                0x08004e1c                Print::println()
 .text._ZN5Print7printlnERK6String
                0x08004e34       0x14 C:\Users\Administrator\AppData\Local\Temp\VMBuilds\STM32_LoRa_SensorV2.2.1\stm32_genericSTM32F103C\Debug/core.a(Print.cpp.o)
                0x08004e34                Print::println(String const&)
 .text._ZN5Print7printlnEPKc
                0x08004e48       0x14 C:\Users\Administrator\AppData\Local\Temp\VMBuilds\STM32_LoRa_SensorV2.2.1\stm32_genericSTM32F103C\Debug/core.a(Print.cpp.o)
                0x08004e48                Print::println(char const*)
 .text._ZN5Print11printNumberEyh
                0x08004e5c       0x84 C:\Users\Administrator\AppData\Local\Temp\VMBuilds\STM32_LoRa_SensorV2.2.1\stm32_genericSTM32F103C\Debug/core.a(Print.cpp.o)
                0x08004e5c                Print::printNumber(unsigned long long, unsigned char)
 .text._ZN5Print5printExi
                0x08004ee0       0x40 C:\Users\Administrator\AppData\Local\Temp\VMBuilds\STM32_LoRa_SensorV2.2.1\stm32_genericSTM32F103C\Debug/core.a(Print.cpp.o)
                0x08004ee0                Print::print(long long, int)
 .text._ZN5Print5printEii
                0x08004f20       0x12 C:\Users\Administrator\AppData\Local\Temp\VMBuilds\STM32_LoRa_SensorV2.2.1\stm32_genericSTM32F103C\Debug/core.a(Print.cpp.o)
                0x08004f20                Print::print(int, int)
 .text._ZN5Print7printlnEii
                0x08004f32       0x14 C:\Users\Administrator\AppData\Local\Temp\VMBuilds\STM32_LoRa_SensorV2.2.1\stm32_genericSTM32F103C\Debug/core.a(Print.cpp.o)
                0x08004f32                Print::println(int, int)
 .text._ZN5Print5printEyi
                0x08004f46       0x1c C:\Users\Administrator\AppData\Local\Temp\VMBuilds\STM32_LoRa_SensorV2.2.1\stm32_genericSTM32F103C\Debug/core.a(Print.cpp.o)
                0x08004f46                Print::print(unsigned long long, int)
 .text._ZN5Print5printEhi
                0x08004f62       0x12 C:\Users\Administrator\AppData\Local\Temp\VMBuilds\STM32_LoRa_SensorV2.2.1\stm32_genericSTM32F103C\Debug/core.a(Print.cpp.o)
                0x08004f62                Print::print(unsigned char, int)
 .text._ZN5Print7printlnEhi
                0x08004f74       0x14 C:\Users\Administrator\AppData\Local\Temp\VMBuilds\STM32_LoRa_SensorV2.2.1\stm32_genericSTM32F103C\Debug/core.a(Print.cpp.o)
                0x08004f74                Print::println(unsigned char, int)
 .text._ZN5Print5printEji
                0x08004f88       0x12 C:\Users\Administrator\AppData\Local\Temp\VMBuilds\STM32_LoRa_SensorV2.2.1\stm32_genericSTM32F103C\Debug/core.a(Print.cpp.o)
                0x08004f88                Print::print(unsigned int, int)
 .text._ZN5Print7printlnEji
                0x08004f9a       0x14 C:\Users\Administrator\AppData\Local\Temp\VMBuilds\STM32_LoRa_SensorV2.2.1\stm32_genericSTM32F103C\Debug/core.a(Print.cpp.o)
                0x08004f9a                Print::println(unsigned int, int)
 .text._ZN5Print5printEmi
                0x08004fae       0x12 C:\Users\Administrator\AppData\Local\Temp\VMBuilds\STM32_LoRa_SensorV2.2.1\stm32_genericSTM32F103C\Debug/core.a(Print.cpp.o)
                0x08004fae                Print::print(unsigned long, int)
 .text._ZN5Print10printFloatEdh
                0x08004fc0      0x158 C:\Users\Administrator\AppData\Local\Temp\VMBuilds\STM32_LoRa_SensorV2.2.1\stm32_genericSTM32F103C\Debug/core.a(Print.cpp.o)
                0x08004fc0                Print::printFloat(double, unsigned char)
 .text._ZN5Print7printlnEdi
                0x08005118       0x1c C:\Users\Administrator\AppData\Local\Temp\VMBuilds\STM32_LoRa_SensorV2.2.1\stm32_genericSTM32F103C\Debug/core.a(Print.cpp.o)
                0x08005118                Print::println(double, int)
 .text._ZN9USBSerial9availableEv
                0x08005134        0x4 C:\Users\Administrator\AppData\Local\Temp\VMBuilds\STM32_LoRa_SensorV2.2.1\stm32_genericSTM32F103C\Debug/core.a(usb_serial.cpp.o)
                0x08005134                USBSerial::available()
 .text._ZN9USBSerial4peekEv
                0x08005138       0x1e C:\Users\Administrator\AppData\Local\Temp\VMBuilds\STM32_LoRa_SensorV2.2.1\stm32_genericSTM32F103C\Debug/core.a(usb_serial.cpp.o)
                0x08005138                USBSerial::peek()
 .text._ZN9USBSerial4readEv
                0x08005156       0x1e C:\Users\Administrator\AppData\Local\Temp\VMBuilds\STM32_LoRa_SensorV2.2.1\stm32_genericSTM32F103C\Debug/core.a(usb_serial.cpp.o)
                0x08005156                USBSerial::read()
 .text._ZL14ifaceSetupHookjPv
                0x08005174       0x50 C:\Users\Administrator\AppData\Local\Temp\VMBuilds\STM32_LoRa_SensorV2.2.1\stm32_genericSTM32F103C\Debug/core.a(usb_serial.cpp.o)
 .text._ZL6rxHookjPv
                0x080051c4       0x98 C:\Users\Administrator\AppData\Local\Temp\VMBuilds\STM32_LoRa_SensorV2.2.1\stm32_genericSTM32F103C\Debug/core.a(usb_serial.cpp.o)
 .text._ZL10wait_resetv
                0x0800525c       0x10 C:\Users\Administrator\AppData\Local\Temp\VMBuilds\STM32_LoRa_SensorV2.2.1\stm32_genericSTM32F103C\Debug/core.a(usb_serial.cpp.o)
 .text._ZN9USBSerialC2Ev
                0x0800526c       0x14 C:\Users\Administrator\AppData\Local\Temp\VMBuilds\STM32_LoRa_SensorV2.2.1\stm32_genericSTM32F103C\Debug/core.a(usb_serial.cpp.o)
                0x0800526c                USBSerial::USBSerial()
                0x0800526c                USBSerial::USBSerial()
 .text._ZN9USBSerial5beginEv
                0x08005280       0x34 C:\Users\Administrator\AppData\Local\Temp\VMBuilds\STM32_LoRa_SensorV2.2.1\stm32_genericSTM32F103C\Debug/core.a(usb_serial.cpp.o)
                0x08005280                USBSerial::begin()
 .text._ZN9USBSerial5beginEm
                0x080052b4       0x10 C:\Users\Administrator\AppData\Local\Temp\VMBuilds\STM32_LoRa_SensorV2.2.1\stm32_genericSTM32F103C\Debug/core.a(usb_serial.cpp.o)
                0x080052b4                USBSerial::begin(unsigned long)
 .text._ZN9USBSerial4readEPhm
                0x080052c4       0x1c C:\Users\Administrator\AppData\Local\Temp\VMBuilds\STM32_LoRa_SensorV2.2.1\stm32_genericSTM32F103C\Debug/core.a(usb_serial.cpp.o)
                0x080052c4                USBSerial::read(unsigned char*, unsigned long)
 .text._ZN9USBSerial5flushEv
                0x080052e0       0x1c C:\Users\Administrator\AppData\Local\Temp\VMBuilds\STM32_LoRa_SensorV2.2.1\stm32_genericSTM32F103C\Debug/core.a(usb_serial.cpp.o)
                0x080052e0                USBSerial::flush()
 .text._ZN9USBSerialcvbEv
                0x080052fc       0x20 C:\Users\Administrator\AppData\Local\Temp\VMBuilds\STM32_LoRa_SensorV2.2.1\stm32_genericSTM32F103C\Debug/core.a(usb_serial.cpp.o)
                0x080052fc                USBSerial::operator bool()
 .text._ZN9USBSerial5writeEPKhm
                0x0800531c       0x24 C:\Users\Administrator\AppData\Local\Temp\VMBuilds\STM32_LoRa_SensorV2.2.1\stm32_genericSTM32F103C\Debug/core.a(usb_serial.cpp.o)
                0x0800531c                USBSerial::write(unsigned char const*, unsigned long)
 .text._ZN9USBSerial5writeEh
                0x08005340       0x18 C:\Users\Administrator\AppData\Local\Temp\VMBuilds\STM32_LoRa_SensorV2.2.1\stm32_genericSTM32F103C\Debug/core.a(usb_serial.cpp.o)
                0x08005340                USBSerial::write(unsigned char)
 .text._ZN9USBSerial5writeEPKc
                0x08005358       0x1a C:\Users\Administrator\AppData\Local\Temp\VMBuilds\STM32_LoRa_SensorV2.2.1\stm32_genericSTM32F103C\Debug/core.a(usb_serial.cpp.o)
                0x08005358                USBSerial::write(char const*)
 *fill*         0x08005372        0x2 
 .text.startup._GLOBAL__sub_I__ZN9USBSerial9_hasBegunE
                0x08005374        0xc C:\Users\Administrator\AppData\Local\Temp\VMBuilds\STM32_LoRa_SensorV2.2.1\stm32_genericSTM32F103C\Debug/core.a(usb_serial.cpp.o)
 .text._Z10analogReadh
                0x08005380       0x1c C:\Users\Administrator\AppData\Local\Temp\VMBuilds\STM32_LoRa_SensorV2.2.1\stm32_genericSTM32F103C\Debug/core.a(wirish_analog.cpp.o)
                0x08005380                analogRead(unsigned char)
 .text._Z11digitalReadh
                0x0800539c       0x2c C:\Users\Administrator\AppData\Local\Temp\VMBuilds\STM32_LoRa_SensorV2.2.1\stm32_genericSTM32F103C\Debug/core.a(wirish_digital.cpp.o)
                0x0800539c                digitalRead(unsigned char)
 .text._Z12digitalWritehh
                0x080053c8       0x2c C:\Users\Administrator\AppData\Local\Temp\VMBuilds\STM32_LoRa_SensorV2.2.1\stm32_genericSTM32F103C\Debug/core.a(wirish_digital.cpp.o)
                0x080053c8                digitalWrite(unsigned char, unsigned char)
 .text._Z6randoml
                0x080053f4       0x16 C:\Users\Administrator\AppData\Local\Temp\VMBuilds\STM32_LoRa_SensorV2.2.1\stm32_genericSTM32F103C\Debug/core.a(wirish_math.cpp.o)
                0x080053f4                random(long)
 .text._Z6randomll
                0x0800540a       0x14 C:\Users\Administrator\AppData\Local\Temp\VMBuilds\STM32_LoRa_SensorV2.2.1\stm32_genericSTM32F103C\Debug/core.a(wirish_math.cpp.o)
                0x0800540a                random(long, long)
 *fill*         0x0800541e        0x2 
 .text._Z8shiftOuthhhh
                0x08005420       0x64 C:\Users\Administrator\AppData\Local\Temp\VMBuilds\STM32_LoRa_SensorV2.2.1\stm32_genericSTM32F103C\Debug/core.a(wirish_shift.cpp.o)
                0x08005420                shiftOut(unsigned char, unsigned char, unsigned char, unsigned char)
 .text._Z5delaym
                0x08005484       0x1c C:\Users\Administrator\AppData\Local\Temp\VMBuilds\STM32_LoRa_SensorV2.2.1\stm32_genericSTM32F103C\Debug/core.a(wirish_time.cpp.o)
                0x08005484                delay(unsigned long)
 .text._Z17delayMicrosecondsm
                0x080054a0        0xe C:\Users\Administrator\AppData\Local\Temp\VMBuilds\STM32_LoRa_SensorV2.2.1\stm32_genericSTM32F103C\Debug/core.a(wirish_time.cpp.o)
                0x080054a0                delayMicroseconds(unsigned long)
 .text._ZN6StringD2Ev
                0x080054ae        0xe C:\Users\Administrator\AppData\Local\Temp\VMBuilds\STM32_LoRa_SensorV2.2.1\stm32_genericSTM32F103C\Debug/core.a(WString.cpp.o)
                0x080054ae                String::~String()
                0x080054ae                String::~String()
 .text._ZN6String10invalidateEv
                0x080054bc       0x16 C:\Users\Administrator\AppData\Local\Temp\VMBuilds\STM32_LoRa_SensorV2.2.1\stm32_genericSTM32F103C\Debug/core.a(WString.cpp.o)
                0x080054bc                String::invalidate()
 .text._ZN6String12changeBufferEj
                0x080054d2       0x18 C:\Users\Administrator\AppData\Local\Temp\VMBuilds\STM32_LoRa_SensorV2.2.1\stm32_genericSTM32F103C\Debug/core.a(WString.cpp.o)
                0x080054d2                String::changeBuffer(unsigned int)
 .text._ZN6String7reserveEj
                0x080054ea       0x22 C:\Users\Administrator\AppData\Local\Temp\VMBuilds\STM32_LoRa_SensorV2.2.1\stm32_genericSTM32F103C\Debug/core.a(WString.cpp.o)
                0x080054ea                String::reserve(unsigned int)
 .text._ZN6String4copyEPKcj
                0x0800550c       0x26 C:\Users\Administrator\AppData\Local\Temp\VMBuilds\STM32_LoRa_SensorV2.2.1\stm32_genericSTM32F103C\Debug/core.a(WString.cpp.o)
                0x0800550c                String::copy(char const*, unsigned int)
 .text._ZN6StringC2EPKc
                0x08005532       0x24 C:\Users\Administrator\AppData\Local\Temp\VMBuilds\STM32_LoRa_SensorV2.2.1\stm32_genericSTM32F103C\Debug/core.a(WString.cpp.o)
                0x08005532                String::String(char const*)
                0x08005532                String::String(char const*)
 .text._ZN6StringaSERKS_
                0x08005556       0x1e C:\Users\Administrator\AppData\Local\Temp\VMBuilds\STM32_LoRa_SensorV2.2.1\stm32_genericSTM32F103C\Debug/core.a(WString.cpp.o)
                0x08005556                String::operator=(String const&)
 .text._ZN6StringC2ERKS_
                0x08005574       0x14 C:\Users\Administrator\AppData\Local\Temp\VMBuilds\STM32_LoRa_SensorV2.2.1\stm32_genericSTM32F103C\Debug/core.a(WString.cpp.o)
                0x08005574                String::String(String const&)
                0x08005574                String::String(String const&)
 .text._ZN6String6concatEPKcj
                0x08005588       0x2e C:\Users\Administrator\AppData\Local\Temp\VMBuilds\STM32_LoRa_SensorV2.2.1\stm32_genericSTM32F103C\Debug/core.a(WString.cpp.o)
                0x08005588                String::concat(char const*, unsigned int)
 .text._ZN6String6concatEj
                0x080055b6       0x22 C:\Users\Administrator\AppData\Local\Temp\VMBuilds\STM32_LoRa_SensorV2.2.1\stm32_genericSTM32F103C\Debug/core.a(WString.cpp.o)
                0x080055b6                String::concat(unsigned int)
 .text._ZplRK15StringSumHelperPKc
                0x080055d8       0x24 C:\Users\Administrator\AppData\Local\Temp\VMBuilds\STM32_LoRa_SensorV2.2.1\stm32_genericSTM32F103C\Debug/core.a(WString.cpp.o)
                0x080055d8                operator+(StringSumHelper const&, char const*)
 .text._ZplRK15StringSumHelperj
                0x080055fc       0x14 C:\Users\Administrator\AppData\Local\Temp\VMBuilds\STM32_LoRa_SensorV2.2.1\stm32_genericSTM32F103C\Debug/core.a(WString.cpp.o)
                0x080055fc                operator+(StringSumHelper const&, unsigned int)
 .text._Z7pinModeh13WiringPinMode
                0x08005610       0x84 C:\Users\Administrator\AppData\Local\Temp\VMBuilds\STM32_LoRa_SensorV2.2.1\stm32_genericSTM32F103C\Debug/core.a(wirish_digital_f1.cpp.o)
                0x08005610                pinMode(unsigned char, WiringPinMode)
 .text.__empty  0x08005694        0x2 C:\Users\Administrator\AppData\Local\Temp\VMBuilds\STM32_LoRa_SensorV2.2.1\stm32_genericSTM32F103C\Debug/core.a(hooks.c.o)
                0x08005694                yield
 .text.ultoa    0x08005696       0x52 C:\Users\Administrator\AppData\Local\Temp\VMBuilds\STM32_LoRa_SensorV2.2.1\stm32_genericSTM32F103C\Debug/core.a(itoa.c.o)
                0x08005696                ultoa
 .text.utoa     0x080056e8        0x4 C:\Users\Administrator\AppData\Local\Temp\VMBuilds\STM32_LoRa_SensorV2.2.1\stm32_genericSTM32F103C\Debug/core.a(itoa.c.o)
                0x080056e8                utoa
 .text.gpio_init
                0x080056ec       0x14 C:\Users\Administrator\AppData\Local\Temp\VMBuilds\STM32_LoRa_SensorV2.2.1\stm32_genericSTM32F103C\Debug/core.a(gpio.c.o)
                0x080056ec                gpio_init
 .text.iwdg_init
                0x08005700       0x20 C:\Users\Administrator\AppData\Local\Temp\VMBuilds\STM32_LoRa_SensorV2.2.1\stm32_genericSTM32F103C\Debug/core.a(iwdg.c.o)
                0x08005700                iwdg_init
 .text.usart_init
                0x08005720       0x54 C:\Users\Administrator\AppData\Local\Temp\VMBuilds\STM32_LoRa_SensorV2.2.1\stm32_genericSTM32F103C\Debug/core.a(usart.c.o)
                0x08005720                usart_init
 .text.usart_enable
                0x08005774       0x14 C:\Users\Administrator\AppData\Local\Temp\VMBuilds\STM32_LoRa_SensorV2.2.1\stm32_genericSTM32F103C\Debug/core.a(usart.c.o)
                0x08005774                usart_enable
 .text.usart_disable
                0x08005788       0x38 C:\Users\Administrator\AppData\Local\Temp\VMBuilds\STM32_LoRa_SensorV2.2.1\stm32_genericSTM32F103C\Debug/core.a(usart.c.o)
                0x08005788                usart_disable
 .text.usart_tx
                0x080057c0       0x9c C:\Users\Administrator\AppData\Local\Temp\VMBuilds\STM32_LoRa_SensorV2.2.1\stm32_genericSTM32F103C\Debug/core.a(usart.c.o)
                0x080057c0                usart_tx
 .text.usart_putudec
                0x0800585c       0x44 C:\Users\Administrator\AppData\Local\Temp\VMBuilds\STM32_LoRa_SensorV2.2.1\stm32_genericSTM32F103C\Debug/core.a(usart.c.o)
                0x0800585c                usart_putudec
 .text.usb_resume
                0x080058a0       0xb4 C:\Users\Administrator\AppData\Local\Temp\VMBuilds\STM32_LoRa_SensorV2.2.1\stm32_genericSTM32F103C\Debug/core.a(usb.c.o)
 .text.usb_init_usblib
                0x08005954       0x48 C:\Users\Administrator\AppData\Local\Temp\VMBuilds\STM32_LoRa_SensorV2.2.1\stm32_genericSTM32F103C\Debug/core.a(usb.c.o)
                0x08005954                usb_init_usblib
 .text.__irq_usb_lp_can_rx0
                0x0800599c      0x1f0 C:\Users\Administrator\AppData\Local\Temp\VMBuilds\STM32_LoRa_SensorV2.2.1\stm32_genericSTM32F103C\Debug/core.a(usb.c.o)
                0x0800599c                __irq_usb_lp_can_rx0
 .text.usb_set_ep_rx_stat
                0x08005b8c       0x22 C:\Users\Administrator\AppData\Local\Temp\VMBuilds\STM32_LoRa_SensorV2.2.1\stm32_genericSTM32F103C\Debug/core.a(usb_cdcacm.c.o)
 *fill*         0x08005bae        0x2 
 .text.vcomGetSetLineCoding
                0x08005bb0       0x18 C:\Users\Administrator\AppData\Local\Temp\VMBuilds\STM32_LoRa_SensorV2.2.1\stm32_genericSTM32F103C\Debug/core.a(usb_cdcacm.c.o)
 .text.usbDataSetup
                0x08005bc8       0x54 C:\Users\Administrator\AppData\Local\Temp\VMBuilds\STM32_LoRa_SensorV2.2.1\stm32_genericSTM32F103C\Debug/core.a(usb_cdcacm.c.o)
 .text.usbNoDataSetup
                0x08005c1c       0x50 C:\Users\Administrator\AppData\Local\Temp\VMBuilds\STM32_LoRa_SensorV2.2.1\stm32_genericSTM32F103C\Debug/core.a(usb_cdcacm.c.o)
 .text.usbGetInterfaceSetting
                0x08005c6c       0x10 C:\Users\Administrator\AppData\Local\Temp\VMBuilds\STM32_LoRa_SensorV2.2.1\stm32_genericSTM32F103C\Debug/core.a(usb_cdcacm.c.o)
 .text.usbSetConfiguration
                0x08005c7c       0x1c C:\Users\Administrator\AppData\Local\Temp\VMBuilds\STM32_LoRa_SensorV2.2.1\stm32_genericSTM32F103C\Debug/core.a(usb_cdcacm.c.o)
 .text.usbSetDeviceAddress
                0x08005c98       0x10 C:\Users\Administrator\AppData\Local\Temp\VMBuilds\STM32_LoRa_SensorV2.2.1\stm32_genericSTM32F103C\Debug/core.a(usb_cdcacm.c.o)
 .text.usbGetStringDescriptor
                0x08005ca8       0x20 C:\Users\Administrator\AppData\Local\Temp\VMBuilds\STM32_LoRa_SensorV2.2.1\stm32_genericSTM32F103C\Debug/core.a(usb_cdcacm.c.o)
 .text.usbGetConfigDescriptor
                0x08005cc8        0xc C:\Users\Administrator\AppData\Local\Temp\VMBuilds\STM32_LoRa_SensorV2.2.1\stm32_genericSTM32F103C\Debug/core.a(usb_cdcacm.c.o)
 .text.usbGetDeviceDescriptor
                0x08005cd4        0xc C:\Users\Administrator\AppData\Local\Temp\VMBuilds\STM32_LoRa_SensorV2.2.1\stm32_genericSTM32F103C\Debug/core.a(usb_cdcacm.c.o)
 .text.usbInit  0x08005ce0       0x44 C:\Users\Administrator\AppData\Local\Temp\VMBuilds\STM32_LoRa_SensorV2.2.1\stm32_genericSTM32F103C\Debug/core.a(usb_cdcacm.c.o)
 .text.vcomDataTxCb
                0x08005d24       0xa0 C:\Users\Administrator\AppData\Local\Temp\VMBuilds\STM32_LoRa_SensorV2.2.1\stm32_genericSTM32F103C\Debug/core.a(usb_cdcacm.c.o)
 .text.usbReset
                0x08005dc4      0x160 C:\Users\Administrator\AppData\Local\Temp\VMBuilds\STM32_LoRa_SensorV2.2.1\stm32_genericSTM32F103C\Debug/core.a(usb_cdcacm.c.o)
 .text.vcomDataRxCb
                0x08005f24       0x7c C:\Users\Administrator\AppData\Local\Temp\VMBuilds\STM32_LoRa_SensorV2.2.1\stm32_genericSTM32F103C\Debug/core.a(usb_cdcacm.c.o)
 .text.usb_cdcacm_set_hooks
                0x08005fa0       0x1c C:\Users\Administrator\AppData\Local\Temp\VMBuilds\STM32_LoRa_SensorV2.2.1\stm32_genericSTM32F103C\Debug/core.a(usb_cdcacm.c.o)
                0x08005fa0                usb_cdcacm_set_hooks
 .text.usb_cdcacm_enable
                0x08005fbc       0x38 C:\Users\Administrator\AppData\Local\Temp\VMBuilds\STM32_LoRa_SensorV2.2.1\stm32_genericSTM32F103C\Debug/core.a(usb_cdcacm.c.o)
                0x08005fbc                usb_cdcacm_enable
 .text.usb_cdcacm_tx
                0x08005ff4       0x60 C:\Users\Administrator\AppData\Local\Temp\VMBuilds\STM32_LoRa_SensorV2.2.1\stm32_genericSTM32F103C\Debug/core.a(usb_cdcacm.c.o)
                0x08005ff4                usb_cdcacm_tx
 .text.usb_cdcacm_data_available
                0x08006054       0x18 C:\Users\Administrator\AppData\Local\Temp\VMBuilds\STM32_LoRa_SensorV2.2.1\stm32_genericSTM32F103C\Debug/core.a(usb_cdcacm.c.o)
                0x08006054                usb_cdcacm_data_available
 .text.usb_cdcacm_peek
                0x0800606c       0x38 C:\Users\Administrator\AppData\Local\Temp\VMBuilds\STM32_LoRa_SensorV2.2.1\stm32_genericSTM32F103C\Debug/core.a(usb_cdcacm.c.o)
                0x0800606c                usb_cdcacm_peek
 .text.usb_cdcacm_rx
                0x080060a4       0x34 C:\Users\Administrator\AppData\Local\Temp\VMBuilds\STM32_LoRa_SensorV2.2.1\stm32_genericSTM32F103C\Debug/core.a(usb_cdcacm.c.o)
                0x080060a4                usb_cdcacm_rx
 .text.usb_cdcacm_peek_ex
                0x080060d8       0x40 C:\Users\Administrator\AppData\Local\Temp\VMBuilds\STM32_LoRa_SensorV2.2.1\stm32_genericSTM32F103C\Debug/core.a(usb_cdcacm.c.o)
                0x080060d8                usb_cdcacm_peek_ex
 .text.usb_cdcacm_get_dtr
                0x08006118       0x10 C:\Users\Administrator\AppData\Local\Temp\VMBuilds\STM32_LoRa_SensorV2.2.1\stm32_genericSTM32F103C\Debug/core.a(usb_cdcacm.c.o)
                0x08006118                usb_cdcacm_get_dtr
 .text.usb_cdcacm_get_baud
                0x08006128        0xc C:\Users\Administrator\AppData\Local\Temp\VMBuilds\STM32_LoRa_SensorV2.2.1\stm32_genericSTM32F103C\Debug/core.a(usb_cdcacm.c.o)
                0x08006128                usb_cdcacm_get_baud
 .text.usb_set_ep_rx_count
                0x08006134       0x40 C:\Users\Administrator\AppData\Local\Temp\VMBuilds\STM32_LoRa_SensorV2.2.1\stm32_genericSTM32F103C\Debug/core.a(usb_reg_map.c.o)
                0x08006134                usb_set_ep_rx_count
 .text.Standard_GetConfiguration
                0x08006174       0x24 C:\Users\Administrator\AppData\Local\Temp\VMBuilds\STM32_LoRa_SensorV2.2.1\stm32_genericSTM32F103C\Debug/core.a(usb_core.c.o)
                0x08006174                Standard_GetConfiguration
 .text.Standard_GetInterface
                0x08006198       0x24 C:\Users\Administrator\AppData\Local\Temp\VMBuilds\STM32_LoRa_SensorV2.2.1\stm32_genericSTM32F103C\Debug/core.a(usb_core.c.o)
                0x08006198                Standard_GetInterface
 .text.Standard_GetStatus
                0x080061bc       0x90 C:\Users\Administrator\AppData\Local\Temp\VMBuilds\STM32_LoRa_SensorV2.2.1\stm32_genericSTM32F103C\Debug/core.a(usb_core.c.o)
                0x080061bc                Standard_GetStatus
 .text.DataStageIn
                0x0800624c       0xa8 C:\Users\Administrator\AppData\Local\Temp\VMBuilds\STM32_LoRa_SensorV2.2.1\stm32_genericSTM32F103C\Debug/core.a(usb_core.c.o)
 .text.Standard_SetConfiguration
                0x080062f4       0x38 C:\Users\Administrator\AppData\Local\Temp\VMBuilds\STM32_LoRa_SensorV2.2.1\stm32_genericSTM32F103C\Debug/core.a(usb_core.c.o)
                0x080062f4                Standard_SetConfiguration
 .text.Standard_SetInterface
                0x0800632c       0x48 C:\Users\Administrator\AppData\Local\Temp\VMBuilds\STM32_LoRa_SensorV2.2.1\stm32_genericSTM32F103C\Debug/core.a(usb_core.c.o)
                0x0800632c                Standard_SetInterface
 .text.Standard_ClearFeature
                0x08006374       0xd0 C:\Users\Administrator\AppData\Local\Temp\VMBuilds\STM32_LoRa_SensorV2.2.1\stm32_genericSTM32F103C\Debug/core.a(usb_core.c.o)
                0x08006374                Standard_ClearFeature
 .text.Standard_SetEndPointFeature
                0x08006444       0x84 C:\Users\Administrator\AppData\Local\Temp\VMBuilds\STM32_LoRa_SensorV2.2.1\stm32_genericSTM32F103C\Debug/core.a(usb_core.c.o)
                0x08006444                Standard_SetEndPointFeature
 .text.Standard_SetDeviceFeature
                0x080064c8       0x24 C:\Users\Administrator\AppData\Local\Temp\VMBuilds\STM32_LoRa_SensorV2.2.1\stm32_genericSTM32F103C\Debug/core.a(usb_core.c.o)
                0x080064c8                Standard_SetDeviceFeature
 .text.Standard_GetDescriptorData
                0x080064ec       0x1c C:\Users\Administrator\AppData\Local\Temp\VMBuilds\STM32_LoRa_SensorV2.2.1\stm32_genericSTM32F103C\Debug/core.a(usb_core.c.o)
                0x080064ec                Standard_GetDescriptorData
 .text.Post0_Process
                0x08006508       0x40 C:\Users\Administrator\AppData\Local\Temp\VMBuilds\STM32_LoRa_SensorV2.2.1\stm32_genericSTM32F103C\Debug/core.a(usb_core.c.o)
                0x08006508                Post0_Process
 .text.Setup0_Process
                0x08006548      0x2d0 C:\Users\Administrator\AppData\Local\Temp\VMBuilds\STM32_LoRa_SensorV2.2.1\stm32_genericSTM32F103C\Debug/core.a(usb_core.c.o)
                0x08006548                Setup0_Process
 .text.Out0_Process
                0x08006818       0xc8 C:\Users\Administrator\AppData\Local\Temp\VMBuilds\STM32_LoRa_SensorV2.2.1\stm32_genericSTM32F103C\Debug/core.a(usb_core.c.o)
                0x08006818                Out0_Process
 .text.SetDeviceAddress
                0x080068e0       0x38 C:\Users\Administrator\AppData\Local\Temp\VMBuilds\STM32_LoRa_SensorV2.2.1\stm32_genericSTM32F103C\Debug/core.a(usb_core.c.o)
                0x080068e0                SetDeviceAddress
 .text.In0_Process
                0x08006918       0x5c C:\Users\Administrator\AppData\Local\Temp\VMBuilds\STM32_LoRa_SensorV2.2.1\stm32_genericSTM32F103C\Debug/core.a(usb_core.c.o)
                0x08006918                In0_Process
 .text.NOP_Process
                0x08006974        0x2 C:\Users\Administrator\AppData\Local\Temp\VMBuilds\STM32_LoRa_SensorV2.2.1\stm32_genericSTM32F103C\Debug/core.a(usb_core.c.o)
                0x08006974                NOP_Process
 .text.UserToPMABufferCopy
                0x08006976       0x30 C:\Users\Administrator\AppData\Local\Temp\VMBuilds\STM32_LoRa_SensorV2.2.1\stm32_genericSTM32F103C\Debug/core.a(usb_mem.c.o)
                0x08006976                UserToPMABufferCopy
 .text.PMAToUserBufferCopy
                0x080069a6       0x24 C:\Users\Administrator\AppData\Local\Temp\VMBuilds\STM32_LoRa_SensorV2.2.1\stm32_genericSTM32F103C\Debug/core.a(usb_mem.c.o)
                0x080069a6                PMAToUserBufferCopy
 .text.SetEPTxStatus
                0x080069ca       0x2a C:\Users\Administrator\AppData\Local\Temp\VMBuilds\STM32_LoRa_SensorV2.2.1\stm32_genericSTM32F103C\Debug/core.a(usb_regs.c.o)
                0x080069ca                SetEPTxStatus
 .text.ClearDTOG_RX
                0x080069f4       0x20 C:\Users\Administrator\AppData\Local\Temp\VMBuilds\STM32_LoRa_SensorV2.2.1\stm32_genericSTM32F103C\Debug/core.a(usb_regs.c.o)
                0x080069f4                ClearDTOG_RX
 .text.ClearDTOG_TX
                0x08006a14       0x20 C:\Users\Administrator\AppData\Local\Temp\VMBuilds\STM32_LoRa_SensorV2.2.1\stm32_genericSTM32F103C\Debug/core.a(usb_regs.c.o)
                0x08006a14                ClearDTOG_TX
 .text.GetEPTxAddr
                0x08006a34       0x1c C:\Users\Administrator\AppData\Local\Temp\VMBuilds\STM32_LoRa_SensorV2.2.1\stm32_genericSTM32F103C\Debug/core.a(usb_regs.c.o)
                0x08006a34                GetEPTxAddr
 .text.GetEPRxAddr
                0x08006a50       0x1c C:\Users\Administrator\AppData\Local\Temp\VMBuilds\STM32_LoRa_SensorV2.2.1\stm32_genericSTM32F103C\Debug/core.a(usb_regs.c.o)
                0x08006a50                GetEPRxAddr
 .text.SetEPTxCount
                0x08006a6c       0x1c C:\Users\Administrator\AppData\Local\Temp\VMBuilds\STM32_LoRa_SensorV2.2.1\stm32_genericSTM32F103C\Debug/core.a(usb_regs.c.o)
                0x08006a6c                SetEPTxCount
 .text.SetEPRxCount
                0x08006a88       0x40 C:\Users\Administrator\AppData\Local\Temp\VMBuilds\STM32_LoRa_SensorV2.2.1\stm32_genericSTM32F103C\Debug/core.a(usb_regs.c.o)
                0x08006a88                SetEPRxCount
 .text.pow      0x08006ac8      0x2f8 c:/users/administrator/appdata/local/arduino15/packages/arduino/tools/arm-none-eabi-gcc/4.8.3-2014q1/bin/../lib/gcc/arm-none-eabi/4.8.3/../../../../arm-none-eabi/lib/armv7-m\libm.a(lib_a-w_pow.o)
                0x08006ac8                pow
 .text.__ieee754_pow
                0x08006dc0      0xab8 c:/users/administrator/appdata/local/arduino15/packages/arduino/tools/arm-none-eabi-gcc/4.8.3-2014q1/bin/../lib/gcc/arm-none-eabi/4.8.3/../../../../arm-none-eabi/lib/armv7-m\libm.a(lib_a-e_pow.o)
                0x08006dc0                __ieee754_pow
 .text.__ieee754_sqrt
                0x08007878      0x180 c:/users/administrator/appdata/local/arduino15/packages/arduino/tools/arm-none-eabi-gcc/4.8.3-2014q1/bin/../lib/gcc/arm-none-eabi/4.8.3/../../../../arm-none-eabi/lib/armv7-m\libm.a(lib_a-e_sqrt.o)
                0x08007878                __ieee754_sqrt
 .text.fabs     0x080079f8        0x8 c:/users/administrator/appdata/local/arduino15/packages/arduino/tools/arm-none-eabi-gcc/4.8.3-2014q1/bin/../lib/gcc/arm-none-eabi/4.8.3/../../../../arm-none-eabi/lib/armv7-m\libm.a(lib_a-s_fabs.o)
                0x080079f8                fabs
 .text.finite   0x08007a00        0xc c:/users/administrator/appdata/local/arduino15/packages/arduino/tools/arm-none-eabi-gcc/4.8.3-2014q1/bin/../lib/gcc/arm-none-eabi/4.8.3/../../../../arm-none-eabi/lib/armv7-m\libm.a(lib_a-s_finite.o)
                0x08007a00                finite
 .text.__fpclassifyd
                0x08007a0c       0x50 c:/users/administrator/appdata/local/arduino15/packages/arduino/tools/arm-none-eabi-gcc/4.8.3-2014q1/bin/../lib/gcc/arm-none-eabi/4.8.3/../../../../arm-none-eabi/lib/armv7-m\libm.a(lib_a-s_fpclassify.o)
                0x08007a0c                __fpclassifyd
 .text.matherr  0x08007a5c        0x4 c:/users/administrator/appdata/local/arduino15/packages/arduino/tools/arm-none-eabi-gcc/4.8.3-2014q1/bin/../lib/gcc/arm-none-eabi/4.8.3/../../../../arm-none-eabi/lib/armv7-m\libm.a(lib_a-s_matherr.o)
                0x08007a5c                matherr
 .text.nan      0x08007a60        0xc c:/users/administrator/appdata/local/arduino15/packages/arduino/tools/arm-none-eabi-gcc/4.8.3-2014q1/bin/../lib/gcc/arm-none-eabi/4.8.3/../../../../arm-none-eabi/lib/armv7-m\libm.a(lib_a-s_nan.o)
                0x08007a60                nan
 .text.rint     0x08007a6c      0x118 c:/users/administrator/appdata/local/arduino15/packages/arduino/tools/arm-none-eabi-gcc/4.8.3-2014q1/bin/../lib/gcc/arm-none-eabi/4.8.3/../../../../arm-none-eabi/lib/armv7-m\libm.a(lib_a-s_rint.o)
                0x08007a6c                rint
 *fill*         0x08007b84        0x4 
 .text.scalbn   0x08007b88      0x100 c:/users/administrator/appdata/local/arduino15/packages/arduino/tools/arm-none-eabi-gcc/4.8.3-2014q1/bin/../lib/gcc/arm-none-eabi/4.8.3/../../../../arm-none-eabi/lib/armv7-m\libm.a(lib_a-s_scalbn.o)
                0x08007b88                scalbn
 .text.copysign
                0x08007c88       0x14 c:/users/administrator/appdata/local/arduino15/packages/arduino/tools/arm-none-eabi-gcc/4.8.3-2014q1/bin/../lib/gcc/arm-none-eabi/4.8.3/../../../../arm-none-eabi/lib/armv7-m\libm.a(lib_a-s_copysign.o)
                0x08007c88                copysign
 .text          0x08007c9c      0x370 c:/users/administrator/appdata/local/arduino15/packages/arduino/tools/arm-none-eabi-gcc/4.8.3-2014q1/bin/../lib/gcc/arm-none-eabi/4.8.3/armv7-m\libgcc.a(_arm_addsubdf3.o)
                0x08007c9c                __aeabi_drsub
                0x08007ca4                __aeabi_dsub
                0x08007ca4                __subdf3
                0x08007ca8                __aeabi_dadd
                0x08007ca8                __adddf3
                0x08007f20                __floatunsidf
                0x08007f20                __aeabi_ui2d
                0x08007f40                __floatsidf
                0x08007f40                __aeabi_i2d
                0x08007f64                __aeabi_f2d
                0x08007f64                __extendsfdf2
                0x08007fa0                __floatundidf
                0x08007fa0                __aeabi_ul2d
                0x08007fb0                __floatdidf
                0x08007fb0                __aeabi_l2d
 .text          0x0800800c      0x424 c:/users/administrator/appdata/local/arduino15/packages/arduino/tools/arm-none-eabi-gcc/4.8.3-2014q1/bin/../lib/gcc/arm-none-eabi/4.8.3/armv7-m\libgcc.a(_arm_muldivdf3.o)
                0x0800800c                __aeabi_dmul
                0x0800800c                __muldf3
                0x08008260                __divdf3
                0x08008260                __aeabi_ddiv
 .text          0x08008430      0x110 c:/users/administrator/appdata/local/arduino15/packages/arduino/tools/arm-none-eabi-gcc/4.8.3-2014q1/bin/../lib/gcc/arm-none-eabi/4.8.3/armv7-m\libgcc.a(_arm_cmpdf2.o)
                0x08008430                __gtdf2
                0x08008430                __gedf2
                0x08008438                __ltdf2
                0x08008438                __ledf2
                0x08008440                __nedf2
                0x08008440                __eqdf2
                0x08008440                __cmpdf2
                0x080084bc                __aeabi_cdrcmple
                0x080084cc                __aeabi_cdcmpeq
                0x080084cc                __aeabi_cdcmple
                0x080084dc                __aeabi_dcmpeq
                0x080084f0                __aeabi_dcmplt
                0x08008504                __aeabi_dcmple
                0x08008518                __aeabi_dcmpge
                0x0800852c                __aeabi_dcmpgt
 .text          0x08008540       0x50 c:/users/administrator/appdata/local/arduino15/packages/arduino/tools/arm-none-eabi-gcc/4.8.3-2014q1/bin/../lib/gcc/arm-none-eabi/4.8.3/armv7-m\libgcc.a(_arm_fixdfsi.o)
                0x08008540                __aeabi_d2iz
                0x08008540                __fixdfsi