Archive member included because of file (symbol)

C:\Users\Administrator\AppData\Local\Temp\VMBuilds\STM32_LoRa_SensorV2.1.7\stm32_genericSTM32F103C\Release/core.a(exc.S.o)
                              (__exc_hardfault)
C:\Users\Administrator\AppData\Local\Temp\VMBuilds\STM32_LoRa_SensorV2.1.7\stm32_genericSTM32F103C\Release/core.a(isrs.S.o)
                              (__stm32reservedexception7)
C:\Users\Administrator\AppData\Local\Temp\VMBuilds\STM32_LoRa_SensorV2.1.7\stm32_genericSTM32F103C\Release/core.a(vector_table.S.o)
                              (__stm32_vector_table)
C:\Users\Administrator\AppData\Local\Temp\VMBuilds\STM32_LoRa_SensorV2.1.7\stm32_genericSTM32F103C\Release/core.a(adc.c.o)
                              C:\Users\Administrator\AppData\Local\Temp\VMBCore\arduino16x\4ac6e3baee5c611223e857e65022f38c\variant\boards.cpp.o (adc_set_sample_rate)
C:\Users\Administrator\AppData\Local\Temp\VMBuilds\STM32_LoRa_SensorV2.1.7\stm32_genericSTM32F103C\Release/core.a(adc_f1.c.o)
                              C:\Users\Administrator\AppData\Local\Temp\VMBCore\arduino16x\4ac6e3baee5c611223e857e65022f38c\variant\boards.cpp.o (adc_set_prescaler)
C:\Users\Administrator\AppData\Local\Temp\VMBuilds\STM32_LoRa_SensorV2.1.7\stm32_genericSTM32F103C\Release/core.a(bkp_f1.c.o)
                              STM32_LoRa_SensorV2.1.7.cpp.o (bkp_init)
C:\Users\Administrator\AppData\Local\Temp\VMBuilds\STM32_LoRa_SensorV2.1.7\stm32_genericSTM32F103C\Release/core.a(flash.c.o)
                              C:\Users\Administrator\AppData\Local\Temp\VMBCore\arduino16x\4ac6e3baee5c611223e857e65022f38c\variant\boards.cpp.o (flash_set_latency)
C:\Users\Administrator\AppData\Local\Temp\VMBuilds\STM32_LoRa_SensorV2.1.7\stm32_genericSTM32F103C\Release/core.a(gpio_f1.c.o)
                              C:\Users\Administrator\AppData\Local\Temp\VMBCore\arduino16x\4ac6e3baee5c611223e857e65022f38c\variant\boards_setup.cpp.o (gpio_init_all)
C:\Users\Administrator\AppData\Local\Temp\VMBuilds\STM32_LoRa_SensorV2.1.7\stm32_genericSTM32F103C\Release/core.a(iwdg.c.o)
                              LoRa.cpp.o (iwdg_feed)
C:\Users\Administrator\AppData\Local\Temp\VMBuilds\STM32_LoRa_SensorV2.1.7\stm32_genericSTM32F103C\Release/core.a(nvic.c.o)
                              C:\Users\Administrator\AppData\Local\Temp\VMBCore\arduino16x\4ac6e3baee5c611223e857e65022f38c\variant\boards.cpp.o (nvic_init)
C:\Users\Administrator\AppData\Local\Temp\VMBuilds\STM32_LoRa_SensorV2.1.7\stm32_genericSTM32F103C\Release/core.a(pwr.c.o)
                              STM32_LoRa_SensorV2.1.7.cpp.o (PWR_WakeUpPinCmd)
C:\Users\Administrator\AppData\Local\Temp\VMBuilds\STM32_LoRa_SensorV2.1.7\stm32_genericSTM32F103C\Release/core.a(rcc.c.o)
                              C:\Users\Administrator\AppData\Local\Temp\VMBCore\arduino16x\4ac6e3baee5c611223e857e65022f38c\variant\boards.cpp.o (rcc_switch_sysclk)
C:\Users\Administrator\AppData\Local\Temp\VMBuilds\STM32_LoRa_SensorV2.1.7\stm32_genericSTM32F103C\Release/core.a(rcc_f1.c.o)
                              C:\Users\Administrator\AppData\Local\Temp\VMBCore\arduino16x\4ac6e3baee5c611223e857e65022f38c\variant\boards.cpp.o (rcc_configure_pll)
C:\Users\Administrator\AppData\Local\Temp\VMBuilds\STM32_LoRa_SensorV2.1.7\stm32_genericSTM32F103C\Release/core.a(systick.c.o)
                              C:\Users\Administrator\AppData\Local\Temp\VMBCore\arduino16x\4ac6e3baee5c611223e857e65022f38c\variant\boards.cpp.o (systick_init)
C:\Users\Administrator\AppData\Local\Temp\VMBuilds\STM32_LoRa_SensorV2.1.7\stm32_genericSTM32F103C\Release/core.a(timer.c.o)
                              C:\Users\Administrator\AppData\Local\Temp\VMBCore\arduino16x\4ac6e3baee5c611223e857e65022f38c\variant\boards.cpp.o (timer_foreach)
C:\Users\Administrator\AppData\Local\Temp\VMBuilds\STM32_LoRa_SensorV2.1.7\stm32_genericSTM32F103C\Release/core.a(usart_f1.c.o)
                              C:\Users\Administrator\AppData\Local\Temp\VMBCore\arduino16x\4ac6e3baee5c611223e857e65022f38c\variant\board.cpp.o (USART3)
C:\Users\Administrator\AppData\Local\Temp\VMBuilds\STM32_LoRa_SensorV2.1.7\stm32_genericSTM32F103C\Release/core.a(usart_private.c.o)
                              C:\Users\Administrator\AppData\Local\Temp\VMBuilds\STM32_LoRa_SensorV2.1.7\stm32_genericSTM32F103C\Release/core.a(usart_f1.c.o) (_usart_clock_freq)
C:\Users\Administrator\AppData\Local\Temp\VMBuilds\STM32_LoRa_SensorV2.1.7\stm32_genericSTM32F103C\Release/core.a(util.c.o)
                              C:\Users\Administrator\AppData\Local\Temp\VMBuilds\STM32_LoRa_SensorV2.1.7\stm32_genericSTM32F103C\Release/core.a(exc.S.o) (__error)
C:\Users\Administrator\AppData\Local\Temp\VMBuilds\STM32_LoRa_SensorV2.1.7\stm32_genericSTM32F103C\Release/core.a(HardwareSerial.cpp.o)
                              Command_Analysis.cpp.o (HardwareSerial::read())
C:\Users\Administrator\AppData\Local\Temp\VMBuilds\STM32_LoRa_SensorV2.1.7\stm32_genericSTM32F103C\Release/core.a(HardwareTimer.cpp.o)
[...]
Memory Configuration

Name             Origin             Length             Attributes
ram              0x20000000         0x00005000         xrw
rom              0x08000000         0x00010000         xr
*default*        0x00000000         0xffffffff

Linker script and memory map

LOAD c:/users/administrator/appdata/local/arduino15/packages/arduino/tools/arm-none-eabi-gcc/4.8.3-2014q1/bin/../lib/gcc/arm-none-eabi/4.8.3/armv7-m/crti.o
LOAD c:/users/administrator/appdata/local/arduino15/packages/arduino/tools/arm-none-eabi-gcc/4.8.3-2014q1/bin/../lib/gcc/arm-none-eabi/4.8.3/armv7-m/crtbegin.o
LOAD c:/users/administrator/appdata/local/arduino15/packages/arduino/tools/arm-none-eabi-gcc/4.8.3-2014q1/bin/../lib/gcc/arm-none-eabi/4.8.3/../../../../arm-none-eabi/lib/armv7-m/crt0.o
LOAD c:/users/administrator/appdata/local/arduino15/packages/arduino/tools/arm-none-eabi-gcc/4.8.3-2014q1/bin/../lib/gcc/arm-none-eabi/4.8.3/armv7-m\libgcc.a
START GROUP
LOAD STM32_LoRa_SensorV2.1.7.cpp.o
LOAD User_Clock.c.o
LOAD AT24CXX.cpp.o
LOAD BCD_CON.cpp.o
LOAD Command_Analysis.cpp.o
LOAD fun_periph.cpp.o
LOAD LoRa.cpp.o
LOAD Memory.cpp.o
LOAD private_i2c.cpp.o
LOAD Private_RTC.cpp.o
LOAD private_sensor.cpp.o
LOAD public.cpp.o
LOAD receipt.cpp.o
LOAD SHT1x.cpp.o
LOAD SoftwareI2C.cpp.o
LOAD User_CRC8.cpp.o
LOAD MAX44009\i2c.cpp.o
LOAD RTClock\RTClock.cpp.o
LOAD RTClock\utility\rtc_util.c.o
LOAD C:\Users\Administrator\AppData\Local\Temp\VMBCore\arduino16x\4ac6e3baee5c611223e857e65022f38c\variant\start.S.o
LOAD C:\Users\Administrator\AppData\Local\Temp\VMBCore\arduino16x\4ac6e3baee5c611223e857e65022f38c\variant\start_c.c.o
LOAD C:\Users\Administrator\AppData\Local\Temp\VMBCore\arduino16x\4ac6e3baee5c611223e857e65022f38c\variant\syscalls.c.o
LOAD C:\Users\Administrator\AppData\Local\Temp\VMBCore\arduino16x\4ac6e3baee5c611223e857e65022f38c\variant\board.cpp.o
LOAD C:\Users\Administrator\AppData\Local\Temp\VMBCore\arduino16x\4ac6e3baee5c611223e857e65022f38c\variant\boards.cpp.o
LOAD C:\Users\Administrator\AppData\Local\Temp\VMBCore\arduino16x\4ac6e3baee5c611223e857e65022f38c\variant\boards_setup.cpp.o
LOAD C:\Users\Administrator\AppData\Local\Temp\VMBuilds\STM32_LoRa_SensorV2.1.7\stm32_genericSTM32F103C\Release/core.a
END GROUP
LOAD c:/users/administrator/appdata/local/arduino15/packages/arduino/tools/arm-none-eabi-gcc/4.8.3-2014q1/bin/../lib/gcc/arm-none-eabi/4.8.3/../../../../arm-none-eabi/lib/armv7-m\libstdc++.a
LOAD c:/users/administrator/appdata/local/arduino15/packages/arduino/tools/arm-none-eabi-gcc/4.8.3-2014q1/bin/../lib/gcc/arm-none-eabi/4.8.3/../../../../arm-none-eabi/lib/armv7-m\libm.a
START GROUP
LOAD c:/users/administrator/appdata/local/arduino15/packages/arduino/tools/arm-none-eabi-gcc/4.8.3-2014q1/bin/../lib/gcc/arm-none-eabi/4.8.3/armv7-m\libgcc.a
LOAD c:/users/administrator/appdata/local/arduino15/packages/arduino/tools/arm-none-eabi-gcc/4.8.3-2014q1/bin/../lib/gcc/arm-none-eabi/4.8.3/../../../../arm-none-eabi/lib/armv7-m\libc.a
END GROUP
LOAD c:/users/administrator/appdata/local/arduino15/packages/arduino/tools/arm-none-eabi-gcc/4.8.3-2014q1/bin/../lib/gcc/arm-none-eabi/4.8.3/armv7-m/crtend.o
LOAD c:/users/administrator/appdata/local/arduino15/packages/arduino/tools/arm-none-eabi-gcc/4.8.3-2014q1/bin/../lib/gcc/arm-none-eabi/4.8.3/armv7-m/crtn.o
START GROUP
LOAD c:/users/administrator/appdata/local/arduino15/packages/arduino/tools/arm-none-eabi-gcc/4.8.3-2014q1/bin/../lib/gcc/arm-none-eabi/4.8.3/armv7-m\libgcc.a
LOAD c:/users/administrator/appdata/local/arduino15/packages/arduino/tools/arm-none-eabi-gcc/4.8.3-2014q1/bin/../lib/gcc/arm-none-eabi/4.8.3/../../../../arm-none-eabi/lib/armv7-m\libc.a
LOAD c:/users/administrator/appdata/local/arduino15/packages/arduino/tools/arm-none-eabi-gcc/4.8.3-2014q1/bin/../lib/gcc/arm-none-eabi/4.8.3/../../../../arm-none-eabi/lib/armv7-m\libm.a
END GROUP
START GROUP
LOAD c:/users/administrator/appdata/local/arduino15/packages/arduino/tools/arm-none-eabi-gcc/4.8.3-2014q1/bin/../lib/gcc/arm-none-eabi/4.8.3/../../../../arm-none-eabi/lib/armv7-m\libnosys.a
END GROUP
                0x20005000                PROVIDE (__msp_init, (ORIGIN (ram) + 0x5000))
                0x08003830                PROVIDE (__exc_reset, __start__)

.text           0x08000000     0xc930
                0x08000000                __text_start__ = .
 *(.stm32.interrupt_vector)
 .stm32.interrupt_vector
                0x08000000       0xec C:\Users\Administrator\AppData\Local\Temp\VMBuilds\STM32_LoRa_SensorV2.1.7\stm32_genericSTM32F103C\Release/core.a(vector_table.S.o)
                0x08000000                __stm32_vector_table
 *(.text .text.* .gnu.linkonce.t.*)
 .text          0x080000ec       0x54 c:/users/administrator/appdata/local/arduino15/packages/arduino/tools/arm-none-eabi-gcc/4.8.3-2014q1/bin/../lib/gcc/arm-none-eabi/4.8.3/armv7-m/crtbegin.o
 .text._Z22Request_Access_Networkv
                0x08000140       0xf8 STM32_LoRa_SensorV2.1.7.cpp.o
                0x08000140                Request_Access_Network()
 .text._Z31Data_Communication_with_Gatewayv
                0x08000238       0x60 STM32_LoRa_SensorV2.1.7.cpp.o
                0x08000238                Data_Communication_with_Gateway()
 .text._Z5Sleepv
                0x08000298       0x48 STM32_LoRa_SensorV2.1.7.cpp.o
                0x08000298                Sleep()
 .text._Z4loopv
                0x080002e0        0x4 STM32_LoRa_SensorV2.1.7.cpp.o
                0x080002e0                loop()
 .text._Z24Key_Reset_LoRa_Parameterv
                0x080002e4       0x58 STM32_LoRa_SensorV2.1.7.cpp.o
                0x080002e4                Key_Reset_LoRa_Parameter()
 .text._Z5setupv
                0x0800033c      0x164 STM32_LoRa_SensorV2.1.7.cpp.o
                0x0800033c                setup()
 .text.monthLength
                0x080004a0       0x20 User_Clock.c.o
 .text.osal_ConvertUTCTime
                0x080004c0      0x118 User_Clock.c.o
                0x080004c0                osal_ConvertUTCTime
 .text.osal_ConvertUTCSecs
                0x080005d8       0xbc User_Clock.c.o
                0x080005d8                osal_ConvertUTCSecs
 .text._ZN7AT24Cxx8I2C_InitEv
                0x08000694        0x4 AT24CXX.cpp.o
                0x08000694                AT24Cxx::I2C_Init()
 .text._ZN7AT24Cxx19AT24CXX_ReadOneByteEj
                0x08000698       0x5c AT24CXX.cpp.o
                0x08000698                AT24Cxx::AT24CXX_ReadOneByte(unsigned int)
 .text._ZN7AT24Cxx20AT24CXX_WriteOneByteEjh
                0x080006f4       0x4e AT24CXX.cpp.o
                0x080006f4                AT24Cxx::AT24CXX_WriteOneByte(unsigned int, unsigned char)
 *fill*         0x08000742        0x2 
 .text._Z7ASC2BCDPhPcj
                0x08000744       0x70 BCD_CON.cpp.o
                0x08000744                ASC2BCD(unsigned char*, char*, unsigned int)
 .text._Z7PackBCDPcfii
                0x080007b4      0x160 BCD_CON.cpp.o
                0x080007b4                PackBCD(char*, float, int, int)
 .text._ZN16Command_Analysis16FrameID_AnalysisEv
                0x08000914       0x50 Command_Analysis.cpp.o
                0x08000914                Command_Analysis::FrameID_Analysis()
 .text._ZN16Command_Analysis11Verify_CRC8Ehh
                0x08000964       0x28 Command_Analysis.cpp.o
                0x08000964                Command_Analysis::Verify_CRC8(unsigned char, unsigned char)
 .text._ZN16Command_Analysis21Verify_Device_Type_IDEv
                0x0800098c       0x18 Command_Analysis.cpp.o
                0x0800098c                Command_Analysis::Verify_Device_Type_ID()
 .text._ZN16Command_Analysis20Verify_Mass_CommandsEv
                0x080009a4       0x1c Command_Analysis.cpp.o
                0x080009a4                Command_Analysis::Verify_Mass_Commands()
 .text._ZN16Command_Analysis18Verify_Area_NumberEv
                0x080009c0       0x2c Command_Analysis.cpp.o
                0x080009c0                Command_Analysis::Verify_Area_Number()
 .text._ZN16Command_Analysis17Verify_Work_GroupEv
                0x080009ec       0x40 Command_Analysis.cpp.o
                0x080009ec                Command_Analysis::Verify_Work_Group()
 .text._ZN16Command_Analysis21Verify_Frame_ValidityEhhbb
                0x08000a2c       0x70 Command_Analysis.cpp.o
                0x08000a2c                Command_Analysis::Verify_Frame_Validity(unsigned char, unsigned char, bool, bool)
 .text._ZN16Command_Analysis23Query_Current_Work_ParaEv
                0x08000a9c       0x84 Command_Analysis.cpp.o
                0x08000a9c                Command_Analysis::Query_Current_Work_Para()
 .text._ZN16Command_Analysis16Set_Group_NumberEv
                0x08000b20       0x88 Command_Analysis.cpp.o
                0x08000b20                Command_Analysis::Set_Group_Number()
 .text._ZN16Command_Analysis19Set_SN_Area_ChannelEv
                0x08000ba8       0xb4 Command_Analysis.cpp.o
                0x08000ba8                Command_Analysis::Set_SN_Area_Channel()
 .text._ZN16Command_Analysis20Detailed_Work_StatusEv
                0x08000c5c       0x48 Command_Analysis.cpp.o
                0x08000c5c                Command_Analysis::Detailed_Work_Status()
 .text._ZN16Command_Analysis21Receive_Data_AnalysisEv
                0x08000ca4       0x3e Command_Analysis.cpp.o
                0x08000ca4                Command_Analysis::Receive_Data_Analysis()
 *fill*         0x08000ce2        0x2 
 .text._ZN16Command_Analysis16Receive_LoRa_CmdEv
                0x08000ce4      0x124 Command_Analysis.cpp.o
                0x08000ce4                Command_Analysis::Receive_LoRa_Cmd()
 .text._Z13LED_Interruptv
                0x08000e08       0x60 fun_periph.cpp.o
                0x08000e08                LED_Interrupt()
 .text._ZN16Some_Peripherals22Peripheral_GPIO_ConfigEv
                0x08000e68       0x4c fun_periph.cpp.o
                0x08000e68                Some_Peripherals::Peripheral_GPIO_Config()
 .text._ZN16Some_Peripherals11LED_DisplayE3LEDh
                0x08000eb4       0x54 fun_periph.cpp.o
                0x08000eb4                Some_Peripherals::LED_Display(LED, unsigned char)
 .text._ZN16Some_Peripherals8Stop_LEDEv
                0x08000f08       0x20 fun_periph.cpp.o
                0x08000f08                Some_Peripherals::Stop_LED()
 .text._ZN16Some_Peripherals9Start_LEDEv
                0x08000f28        0xc fun_periph.cpp.o
                0x08000f28                Some_Peripherals::Start_LED()
 *fill*         0x08000f34        0x4 
 .text._ZN16Some_Peripherals11Get_VoltageEv
                0x08000f38       0x78 fun_periph.cpp.o
                0x08000f38                Some_Peripherals::Get_Voltage()
 .text._ZN4LoRa16LoRa_GPIO_ConfigEv
                0x08000fb0       0x44 LoRa.cpp.o
                0x08000fb0                LoRa::LoRa_GPIO_Config()
 .text._ZN4LoRa8BaudRateEj
                0x08000ff4        0xc LoRa.cpp.o
                0x08000ff4                LoRa::BaudRate(unsigned int)
 .text._ZN4LoRa4ModeE9LoRa_Mode
                0x08001000       0x1c LoRa.cpp.o
                0x08001000                LoRa::Mode(LoRa_Mode)
 .text._ZN4LoRa7IsResetEb
                0x0800101c       0x20 LoRa.cpp.o
                0x0800101c                LoRa::IsReset(bool)
 .text._ZN4LoRa20Detect_Error_ReceiptEPhS0_
                0x0800103c       0x38 LoRa.cpp.o
                0x0800103c                LoRa::Detect_Error_Receipt(unsigned char*, unsigned char*)
 .text._ZN4LoRa17Detect_OK_ReceiptEPhS0_
                0x08001074       0x1a LoRa.cpp.o
                0x08001074                LoRa::Detect_OK_Receipt(unsigned char*, unsigned char*)
 .text._ZN4LoRa7Get_CSQEPhhS0_
                0x0800108e       0x2a LoRa.cpp.o
                0x0800108e                LoRa::Get_CSQ(unsigned char*, unsigned char, unsigned char*)
 .text._ZN4LoRa13String_to_HexEPhh
                0x080010b8       0x44 LoRa.cpp.o
                0x080010b8                LoRa::String_to_Hex(unsigned char*, unsigned char)
 .text._ZN4LoRa9Get_BytesEPhhS0_
                0x080010fc       0x70 LoRa.cpp.o
                0x080010fc                LoRa::Get_Bytes(unsigned char*, unsigned char, unsigned char*)
 .text._ZN4LoRa13Parse_CommandEPhhS0_PS0_
                0x0800116c       0x6a LoRa.cpp.o
                0x0800116c                LoRa::Parse_Command(unsigned char*, unsigned char, unsigned char*, unsigned char**)
 *fill*         0x080011d6        0x2 
 .text._ZN4LoRa12AT_Query_CmdEPcPhS1_
                0x080011d8       0xdc LoRa.cpp.o
                0x080011d8                LoRa::AT_Query_Cmd(char*, unsigned char*, unsigned char*)
 .text._ZN4LoRa13AT_Config_CmdEPcS0_Ph
                0x080012b4      0x124 LoRa.cpp.o
                0x080012b4                LoRa::AT_Config_Cmd(char*, char*, unsigned char*)
 .text._ZN4LoRa7LoRa_ATEPhbPcS1_
                0x080013d8       0xb4 LoRa.cpp.o
                0x080013d8                LoRa::LoRa_AT(unsigned char*, bool, char*, char*)
 .text._ZN4LoRa10Rewrite_IDEv
                0x0800148c       0xb0 LoRa.cpp.o
                0x0800148c                LoRa::Rewrite_ID()
 .text._ZN4LoRa14Parameter_InitEv
                0x0800153c      0x158 LoRa.cpp.o
                0x0800153c                LoRa::Parameter_Init()
 .text._ZN17EEPROM_Operations18EEPROM_GPIO_ConfigEv
                0x08001694       0x1e Memory.cpp.o
                0x08001694                EEPROM_Operations::EEPROM_GPIO_Config()
 .text._ZN17EEPROM_Operations20EEPROM_Write_DisableEv
                0x080016b2       0x14 Memory.cpp.o
                0x080016b2                EEPROM_Operations::EEPROM_Write_Disable()
 .text._ZN17EEPROM_Operations19EEPROM_Write_EnableEv
                0x080016c6       0x14 Memory.cpp.o
                0x080016c6                EEPROM_Operations::EEPROM_Write_Enable()
 .text._ZN13SN_Operations12Save_SN_CodeEPh
                0x080016da       0x76 Memory.cpp.o
                0x080016da                SN_Operations::Save_SN_Code(unsigned char*)
 .text._ZN13SN_Operations16Save_BKP_SN_CodeEPh
                0x08001750       0x76 Memory.cpp.o
                0x08001750                SN_Operations::Save_BKP_SN_Code(unsigned char*)
 .text._ZN13SN_Operations12Read_SN_CodeEPh
                0x080017c6       0x58 Memory.cpp.o
                0x080017c6                SN_Operations::Read_SN_Code(unsigned char*)
 .text._ZN13SN_Operations16Read_BKP_SN_CodeEPh
                0x0800181e       0x58 Memory.cpp.o
                0x0800181e                SN_Operations::Read_BKP_SN_Code(unsigned char*)
 .text._ZN13SN_Operations16Read_Random_SeedEPh
                0x08001876       0x2a Memory.cpp.o
                0x08001876                SN_Operations::Read_Random_Seed(unsigned char*)
 .text._ZN13SN_Operations18Clear_SN_Save_FlagEv
                0x080018a0       0x2a Memory.cpp.o
                0x080018a0                SN_Operations::Clear_SN_Save_Flag()
 .text._ZN13SN_Operations22Clear_BKP_SN_Save_FlagEv
                0x080018ca       0x2a Memory.cpp.o
                0x080018ca                SN_Operations::Clear_BKP_SN_Save_Flag()
 .text._ZN13SN_Operations26Set_SN_Access_Network_FlagEv
                0x080018f4       0x2a Memory.cpp.o
                0x080018f4                SN_Operations::Set_SN_Access_Network_Flag()
 .text._ZN13SN_Operations28Clear_SN_Access_Network_FlagEv
                0x0800191e       0x48 Memory.cpp.o
                0x0800191e                SN_Operations::Clear_SN_Access_Network_Flag()
 .text._ZN13SN_Operations29Verify_SN_Access_Network_FlagEv
                0x08001966       0x12 Memory.cpp.o
                0x08001966                SN_Operations::Verify_SN_Access_Network_Flag()
 .text._ZN13SN_Operations10Self_CheckEPh
                0x08001978       0x88 Memory.cpp.o
                0x08001978                SN_Operations::Self_Check(unsigned char*)
 .text._ZN11LoRa_Config21Save_LoRa_Config_FlagEv
                0x08001a00       0x1c Memory.cpp.o
                0x08001a00                LoRa_Config::Save_LoRa_Config_Flag()
 .text._ZN11LoRa_Config23Verify_LoRa_Config_FlagEv
                0x08001a1c       0x12 Memory.cpp.o
                0x08001a1c                LoRa_Config::Verify_LoRa_Config_Flag()
 .text._ZN11LoRa_Config22Clear_LoRa_Config_FlagEv
                0x08001a2e       0x1c Memory.cpp.o
                0x08001a2e                LoRa_Config::Clear_LoRa_Config_Flag()
 .text._ZN19Control_Information17Save_Group_NumberEPh
                0x08001a4a       0x76 Memory.cpp.o
                0x08001a4a                Control_Information::Save_Group_Number(unsigned char*)
 .text._ZN19Control_Information17Read_Group_NumberEPh
                0x08001ac0       0x1e Memory.cpp.o
                0x08001ac0                Control_Information::Read_Group_Number(unsigned char*)
 .text._ZN19Control_Information18Clear_Group_NumberEv
                0x08001ade       0x42 Memory.cpp.o
                0x08001ade                Control_Information::Clear_Group_Number()
 .text._ZN19Control_Information16Save_Area_NumberEh
                0x08001b20       0x5a Memory.cpp.o
                0x08001b20                Control_Information::Save_Area_Number(unsigned char)
 .text._ZN19Control_Information16Read_Area_NumberEv
                0x08001b7a        0x6 Memory.cpp.o
                0x08001b7a                Control_Information::Read_Area_Number()
 .text._ZN19Control_Information17Clear_Area_NumberEv
                0x08001b80       0x1a Memory.cpp.o
                0x08001b80                Control_Information::Clear_Area_Number()
 *fill*         0x08001b9a        0x2 
 .text._ZN26Work_Parameter_Information17Save_Collect_TimeEj
                0x08001b9c       0x70 Memory.cpp.o
                0x08001b9c                Work_Parameter_Information::Save_Collect_Time(unsigned int)
 .text._ZN26Work_Parameter_Information17Read_Collect_TimeEv
                0x08001c0c       0x1a Memory.cpp.o
                0x08001c0c                Work_Parameter_Information::Read_Collect_Time()
 .text._ZN26Work_Parameter_Information24Verify_Collect_Time_FlagEv
                0x08001c26       0x12 Memory.cpp.o
                0x08001c26                Work_Parameter_Information::Verify_Collect_Time_Flag()
 .text._ZN3I2C4InitEv
                0x08001c38       0x26 private_i2c.cpp.o
                0x08001c38                I2C::Init()
 .text._ZN3I2C7SDA_OutEv
                0x08001c5e        0x8 private_i2c.cpp.o
                0x08001c5e                I2C::SDA_Out()
 .text._ZN3I2C6SDA_InEv
                0x08001c66        0x8 private_i2c.cpp.o
                0x08001c66                I2C::SDA_In()
 .text._ZN3I2C5StartEv
                0x08001c6e       0x36 private_i2c.cpp.o
                0x08001c6e                I2C::Start()
 .text._ZN3I2C4StopEv
                0x08001ca4       0x36 private_i2c.cpp.o
                0x08001ca4                I2C::Stop()
 .text._ZN3I2C3AckEv
                0x08001cda       0x3a private_i2c.cpp.o
                0x08001cda                I2C::Ack()
 .text._ZN3I2C4NAckEv
                0x08001d14       0x3a private_i2c.cpp.o
                0x08001d14                I2C::NAck()
 .text._ZN3I2C8Wait_AckEv
                0x08001d4e       0x4e private_i2c.cpp.o
                0x08001d4e                I2C::Wait_Ack()
 .text._ZN3I2C9Send_ByteEh
                0x08001d9c       0x4e private_i2c.cpp.o
                0x08001d9c                I2C::Send_Byte(unsigned char)
 .text._ZN3I2C9Read_ByteEh
                0x08001dea       0x54 private_i2c.cpp.o
                0x08001dea                I2C::Read_Byte(unsigned char)
 .text._Z13RTC_Interruptv
                0x08001e3e       0x10 Private_RTC.cpp.o
                0x08001e3e                RTC_Interrupt()
 *fill*         0x08001e4e        0x2 
 .text._ZN4date10Update_RTCEPh
                0x08001e50      0x1ac Private_RTC.cpp.o
                0x08001e50                date::Update_RTC(unsigned char*)
 .text._ZN4date7Get_RTCEPh
                0x08001ffc       0x80 Private_RTC.cpp.o
                0x08001ffc                date::Get_RTC(unsigned char*)
 .text._ZN4date9Set_AlarmEv
                0x0800207c       0x70 Private_RTC.cpp.o
                0x0800207c                date::Set_Alarm()
 .text.startup._GLOBAL__sub_I_Date
                0x080020ec        0xc Private_RTC.cpp.o
 .text._ZN8MAX440095resetEv
                0x080020f8        0x2 private_sensor.cpp.o
                0x080020f8                MAX44009::reset()
 .text._ZN8MAX4400916checkMeasurementEv
                0x080020fa        0x4 private_sensor.cpp.o
                0x080020fa                MAX44009::checkMeasurement()
 .text._ZN8MAX4400916awaitMeasurementEv
                0x080020fe        0x4 private_sensor.cpp.o
                0x080020fe                MAX44009::awaitMeasurement()
 *fill*         0x08002102        0x2 
 .text._Z7N_CRC16Phj
                0x08002104       0x2c private_sensor.cpp.o
                0x08002104                N_CRC16(unsigned char*, unsigned int)
 .text._ZN8WirePlusC2Ev
                0x08002130       0x34 private_sensor.cpp.o
                0x08002130                WirePlus::WirePlus()
                0x08002130                WirePlus::WirePlus()
 .text._ZN8WirePlus5probeEh
                0x08002164       0x20 private_sensor.cpp.o
                0x08002164                WirePlus::probe(unsigned char)
 .text._ZN8MAX4400910initializeEv
                0x08002184       0x20 private_sensor.cpp.o
                0x08002184                MAX44009::initialize()
 .text._ZN8WirePlus9writeByteEhhh
                0x080021a4       0x2c private_sensor.cpp.o
                0x080021a4                WirePlus::writeByte(unsigned char, unsigned char, unsigned char)
 .text._ZN8WirePlus4readEhhPhh
                0x080021d0       0x54 private_sensor.cpp.o
                0x080021d0                WirePlus::read(unsigned char, unsigned char, unsigned char*, unsigned char)
 .text._ZN8WirePlus11setRegisterEhhhh
                0x08002224       0x3a private_sensor.cpp.o
                0x08002224                WirePlus::setRegister(unsigned char, unsigned char, unsigned char, unsigned char)
 *fill*         0x0800225e        0x2 
 .text._ZN8MAX4400910setEnabledEh
                0x08002260       0x3c private_sensor.cpp.o
                0x08002260                MAX44009::setEnabled(unsigned char)
 .text._ZN6Sensor14CJMCU6750_InitEv
                0x0800229c       0x58 private_sensor.cpp.o
                0x0800229c                Sensor::CJMCU6750_Init()
 *fill*         0x080022f4        0x4 
 .text._ZN6Sensor15Read_Lux_and_UVEPmPj
                0x080022f8       0xe8 private_sensor.cpp.o
                0x080022f8                Sensor::Read_Lux_and_UV(unsigned long*, unsigned int*)
 .text.startup._GLOBAL__sub_I_auchCRCHi
                0x080023e0       0x1c private_sensor.cpp.o
 .text._ZN6Sensor24Read_Solid_Humi_and_TempEPfPjPhh
                0x080023fc      0x10c private_sensor.cpp.o
                0x080023fc                Sensor::Read_Solid_Humi_and_Temp(float*, unsigned int*, unsigned char*, unsigned char)
 .text._ZN6Sensor18Read_Salt_and_CondEPjS0_h
                0x08002508       0xb8 private_sensor.cpp.o
                0x08002508                Sensor::Read_Salt_and_Cond(unsigned int*, unsigned int*, unsigned char)
 .text._ZN6Sensor19Get_All_Sensor_DataEv
                0x080025c0      0x138 private_sensor.cpp.o
                0x080025c0                Sensor::Get_All_Sensor_Data()
 .text._ZN8TypeConv10Hex_To_DecEh
                0x080026f8       0x12 public.cpp.o
                0x080026f8                TypeConv::Hex_To_Dec(unsigned char)
 .text._ZN8TypeConv10Hex_To_DecEPh
                0x0800270a       0x14 public.cpp.o
                0x0800270a                TypeConv::Hex_To_Dec(unsigned char*)
 .text._ZN8TypeConv10Dec_To_HexEh
                0x0800271e       0x12 public.cpp.o
                0x0800271e                TypeConv::Dec_To_Hex(unsigned char)
 .text._ZN7Receipt25Receipt_Random_Wait_ValueEPm
                0x08002730       0x44 receipt.cpp.o
                0x08002730                Receipt::Receipt_Random_Wait_Value(unsigned long*)
 .text._ZN7Receipt11Print_DebugEPhh
                0x08002774       0x34 receipt.cpp.o
                0x08002774                Receipt::Print_Debug(unsigned char*, unsigned char)
 .text._ZN7Receipt24Report_General_ParameterEv
                0x080027a8      0x154 receipt.cpp.o
                0x080027a8                Receipt::Report_General_Parameter()
 .text._ZN7Receipt29Request_Device_SN_and_ChannelEv
                0x080028fc       0xd8 receipt.cpp.o
                0x080028fc                Receipt::Request_Device_SN_and_Channel()
 .text._ZN7Receipt25Working_Parameter_ReceiptEv
                0x080029d4      0x124 receipt.cpp.o
                0x080029d4                Receipt::Working_Parameter_Receipt()
 .text._ZN7Receipt15General_ReceiptEhh
                0x08002af8      0x10c receipt.cpp.o
                0x08002af8                Receipt::General_Receipt(unsigned char, unsigned char)
 .text._ZN7Receipt16Send_Sensor_DataEv
                0x08002c04      0x36c receipt.cpp.o
                0x08002c04                Receipt::Send_Sensor_Data()
 .text._ZN5SHT1x7shiftInEiii
                0x08002f70       0x40 SHT1x.cpp.o
                0x08002f70                SHT1x::shiftIn(int, int, int)
 .text._ZN5SHT1x14sendCommandSHTEiii
                0x08002fb0       0x86 SHT1x.cpp.o
                0x08002fb0                SHT1x::sendCommandSHT(int, int, int)
 .text._ZN5SHT1x16waitForResultSHTEi
                0x08003036       0x22 SHT1x.cpp.o
                0x08003036                SHT1x::waitForResultSHT(int)
 .text._ZN5SHT1x12getData16SHTEii
                0x08003058       0x72 SHT1x.cpp.o
                0x08003058                SHT1x::getData16SHT(int, int)
 .text._ZN5SHT1x10skipCrcSHTEii
                0x080030ca       0x34 SHT1x.cpp.o
                0x080030ca                SHT1x::skipCrcSHT(int, int)
 .text._ZN5SHT1x18readTemperatureRawEv
                0x080030fe       0x34 SHT1x.cpp.o
                0x080030fe                SHT1x::readTemperatureRaw()
 *fill*         0x08003132        0x2 
 .text._ZN5SHT1x16readTemperatureCEv
                0x08003134       0x24 SHT1x.cpp.o
                0x08003134                SHT1x::readTemperatureC()
 .text._ZN5SHT1x12readHumidityEv
                0x08003158       0xc0 SHT1x.cpp.o
                0x08003158                SHT1x::readHumidity()
 .text.startup._GLOBAL__sub_I_sht10
                0x08003218       0x10 SHT1x.cpp.o
 .text._ZL6microsv
                0x08003228       0x34 SoftwareI2C.cpp.o
 .text._ZN11SoftwareI2C5beginEii
                0x0800325c       0x30 SoftwareI2C.cpp.o
                0x0800325c                SoftwareI2C::begin(int, int)
 .text._ZN11SoftwareI2C6sdaSetEh
                0x0800328c       0x20 SoftwareI2C.cpp.o
                0x0800328c                SoftwareI2C::sdaSet(unsigned char)
 .text._ZN11SoftwareI2C9sendStartEv
                0x080032ac       0x22 SoftwareI2C.cpp.o
                0x080032ac                SoftwareI2C::sendStart()
 .text._ZN11SoftwareI2C8sendStopEv
                0x080032ce       0x40 SoftwareI2C.cpp.o
                0x080032ce                SoftwareI2C::sendStop()
 .text._ZN11SoftwareI2C11sendByteAckEh
                0x0800330e       0x74 SoftwareI2C.cpp.o
                0x0800330e                SoftwareI2C::sendByteAck(unsigned char)
 .text._ZN11SoftwareI2C17beginTransmissionEh
                0x08003382       0x18 SoftwareI2C.cpp.o
                0x08003382                SoftwareI2C::beginTransmission(unsigned char)
 .text._ZN11SoftwareI2C15endTransmissionEv
                0x0800339a        0xa SoftwareI2C.cpp.o
                0x0800339a                SoftwareI2C::endTransmission()
 .text._ZN11SoftwareI2C5writeEh
                0x080033a4        0x8 SoftwareI2C.cpp.o
                0x080033a4                SoftwareI2C::write(unsigned char)
 .text._ZN11SoftwareI2C11requestFromEhh
                0x080033ac       0x1c SoftwareI2C.cpp.o
                0x080033ac                SoftwareI2C::requestFrom(unsigned char, unsigned char)
 .text._ZN11SoftwareI2C4readEv
                0x080033c8       0xba SoftwareI2C.cpp.o
                0x080033c8                SoftwareI2C::read()
 .text._Z7GetCrc8Phi
                0x08003482       0x2e User_CRC8.cpp.o
                0x08003482                GetCrc8(unsigned char*, int)
 .text._ZN7RTClockC2E11rtc_clk_srct
                0x080034b0       0x46 RTClock\RTClock.cpp.o
                0x080034b0                RTClock::RTClock(rtc_clk_src, unsigned short)
                0x080034b0                RTClock::RTClock(rtc_clk_src, unsigned short)
 .text._ZN7RTClockC2E11rtc_clk_src
                0x080034f6       0x12 RTClock\RTClock.cpp.o
                0x080034f6                RTClock::RTClock(rtc_clk_src)
                0x080034f6                RTClock::RTClock(rtc_clk_src)
 .text._ZN7RTClock7setTimeEl
                0x08003508        0x6 RTClock\RTClock.cpp.o
                0x08003508                RTClock::setTime(long)
 .text._ZN7RTClock7getTimeEv
                0x0800350e        0x4 RTClock\RTClock.cpp.o
                0x0800350e                RTClock::getTime()
 .text._ZN7RTClock11createAlarmEPFvvEl
                0x08003512       0x16 RTClock\RTClock.cpp.o
                0x08003512                RTClock::createAlarm(void (*)(), long)
 .text.rtc_wait_finished
                0x08003528       0x1c RTClock\utility\rtc_util.c.o
 .text.rtc_wait_sync
                0x08003544       0x1c RTClock\utility\rtc_util.c.o
 .text.rtc_clear_sync
                0x08003560       0x20 RTClock\utility\rtc_util.c.o
 .text.rtc_enter_config_mode
                0x08003580       0x20 RTClock\utility\rtc_util.c.o
 .text.rtc_exit_config_mode
                0x080035a0       0x20 RTClock\utility\rtc_util.c.o
 .text.rtc_init
                0x080035c0       0xac RTClock\utility\rtc_util.c.o
                0x080035c0                rtc_init
 .text.rtc_attach_interrupt
                0x0800366c       0x60 RTClock\utility\rtc_util.c.o
                0x0800366c                rtc_attach_interrupt
 .text.rtc_detach_interrupt
                0x080036cc       0x40 RTClock\utility\rtc_util.c.o
                0x080036cc                rtc_detach_interrupt
 .text.__irq_rtc
                0x0800370c       0x48 RTClock\utility\rtc_util.c.o
                0x0800370c                __irq_rtc
 .text.__irq_rtcalarm
                0x08003754       0x1c RTClock\utility\rtc_util.c.o
                0x08003754                __irq_rtcalarm
 .text.rtc_get_count
                0x08003770       0x24 RTClock\utility\rtc_util.c.o
                0x08003770                rtc_get_count
 .text.rtc_set_count
                0x08003794       0x34 RTClock\utility\rtc_util.c.o
                0x08003794                rtc_set_count
 .text.rtc_set_prescaler_load
                0x080037c8       0x34 RTClock\utility\rtc_util.c.o
                0x080037c8                rtc_set_prescaler_load
 .text.rtc_set_alarm
                0x080037fc       0x34 RTClock\utility\rtc_util.c.o
                0x080037fc                rtc_set_alarm
 .text          0x08003830       0x10 C:\Users\Administrator\AppData\Local\Temp\VMBCore\arduino16x\4ac6e3baee5c611223e857e65022f38c\variant\start.S.o
                0x08003830                __start__
 .text.start_c  0x08003840       0x64 C:\Users\Administrator\AppData\Local\Temp\VMBCore\arduino16x\4ac6e3baee5c611223e857e65022f38c\variant\start_c.c.o
                0x08003840                start_c
 .text._sbrk    0x080038a4       0x44 C:\Users\Administrator\AppData\Local\Temp\VMBCore\arduino16x\4ac6e3baee5c611223e857e65022f38c\variant\syscalls.c.o
                0x080038a4                _sbrk
 .text._exit    0x080038e8        0x2 C:\Users\Administrator\AppData\Local\Temp\VMBCore\arduino16x\4ac6e3baee5c611223e857e65022f38c\variant\syscalls.c.o
                0x080038e8                _exit
 .text._Z9boardInitv
                0x080038ea        0x2 C:\Users\Administrator\AppData\Local\Temp\VMBCore\arduino16x\4ac6e3baee5c611223e857e65022f38c\variant\board.cpp.o
                0x080038ea                boardInit()
 .text.startup._GLOBAL__sub_I__Z9boardInitv
                0x080038ec       0x48 C:\Users\Administrator\AppData\Local\Temp\VMBCore\arduino16x\4ac6e3baee5c611223e857e65022f38c\variant\board.cpp.o
 .text._ZL18adc_default_configP7adc_dev
                0x08003934       0x1c C:\Users\Administrator\AppData\Local\Temp\VMBCore\arduino16x\4ac6e3baee5c611223e857e65022f38c\variant\boards.cpp.o
 .text._ZL20timer_default_configP9timer_dev
                0x08003950       0x9e C:\Users\Administrator\AppData\Local\Temp\VMBCore\arduino16x\4ac6e3baee5c611223e857e65022f38c\variant\boards.cpp.o
 *fill*         0x080039ee        0x2 
 .text._Z4initv
                0x080039f0       0xbc C:\Users\Administrator\AppData\Local\Temp\VMBCore\arduino16x\4ac6e3baee5c611223e857e65022f38c\variant\boards.cpp.o
                0x080039f0                init()
 .text._ZN6wirish4priv15board_reset_pllEv
                0x08003aac        0x2 C:\Users\Administrator\AppData\Local\Temp\VMBCore\arduino16x\4ac6e3baee5c611223e857e65022f38c\variant\boards_setup.cpp.o
                0x08003aac                wirish::priv::board_reset_pll()
 .text._ZN6wirish4priv28board_setup_clock_prescalersEv
                0x08003aae       0x2e C:\Users\Administrator\AppData\Local\Temp\VMBCore\arduino16x\4ac6e3baee5c611223e857e65022f38c\variant\boards_setup.cpp.o
                0x08003aae                wirish::priv::board_setup_clock_prescalers()
 .text._ZN6wirish4priv16board_setup_gpioEv
                0x08003adc        0x4 C:\Users\Administrator\AppData\Local\Temp\VMBCore\arduino16x\4ac6e3baee5c611223e857e65022f38c\variant\boards_setup.cpp.o
                0x08003adc                wirish::priv::board_setup_gpio()
 .text._ZN6wirish4priv15board_setup_usbEv
                0x08003ae0       0x54 C:\Users\Administrator\AppData\Local\Temp\VMBCore\arduino16x\4ac6e3baee5c611223e857e65022f38c\variant\boards_setup.cpp.o
                0x08003ae0                wirish::priv::board_setup_usb()
 .text._ZN6wirish4priv11series_initEv
                0x08003b34        0x4 C:\Users\Administrator\AppData\Local\Temp\VMBCore\arduino16x\4ac6e3baee5c611223e857e65022f38c\variant\boards_setup.cpp.o
                0x08003b34                wirish::priv::series_init()
 *fill*         0x08003b38        0x8 
 .text          0x08003b40       0x60 C:\Users\Administrator\AppData\Local\Temp\VMBuilds\STM32_LoRa_SensorV2.1.7\stm32_genericSTM32F103C\Release/core.a(exc.S.o)
                0x08003b40                __exc_nmi
                0x08003b44                __exc_hardfault
                0x08003b48                __exc_memmanage
                0x08003b4c                __exc_busfault
                0x08003b50                __exc_usagefault
 .text          0x08003ba0        0x2 C:\Users\Administrator\AppData\Local\Temp\VMBuilds\STM32_LoRa_SensorV2.1.7\stm32_genericSTM32F103C\Release/core.a(isrs.S.o)
                0x08003ba0                __stm32reservedexception9
                0x08003ba0                __irq_dma1_channel3
                0x08003ba0                __irq_i2c2_er
                0x08003ba0                __irq_i2c1_er
                0x08003ba0                __irq_dma1_channel6
                0x08003ba0                __exc_debug_monitor
                0x08003ba0                __irq_dma1_channel1
                0x08003ba0                __exc_svc
                0x08003ba0                __irq_dma1_channel4
                0x08003ba0                __irq_dma1_channel7
                0x08003ba0                __irq_exti0
                0x08003ba0                __irq_can_rx1
                0x08003ba0                __irq_spi2
                0x08003ba0                __irq_can_sce
                0x08003ba0                __irq_exti2
                0x08003ba0                __irq_exti3
                0x08003ba0                __irq_exti9_5
                0x08003ba0                __irq_pvd
                0x08003ba0                __irq_tamper
                0x08003ba0                __default_handler
                0x08003ba0                __irq_wwdg
                0x08003ba0                __stm32reservedexception10
                0x08003ba0                __irq_flash
                0x08003ba0                __irq_i2c2_ev
                0x08003ba0                __irq_dma1_channel2
                0x08003ba0                __irq_dma1_channel5
                0x08003ba0                __stm32reservedexception13
                0x08003ba0                __irq_spi1
                0x08003ba0                __stm32reservedexception7
                0x08003ba0                __irq_usb_hp_can_tx
                0x08003ba0                __irq_exti15_10
                0x08003ba0                __irq_exti4
                0x08003ba0                __stm32reservedexception8
                0x08003ba0                __exc_pendsv
                0x08003ba0                __irq_i2c1_ev
                0x08003ba0                __irq_usbwakeup
                0x08003ba0                __irq_exti1
                0x08003ba0                __irq_rcc
 .text.adc_init
                0x08003ba2       0x14 C:\Users\Administrator\AppData\Local\Temp\VMBuilds\STM32_LoRa_SensorV2.1.7\stm32_genericSTM32F103C\Release/core.a(adc.c.o)
                0x08003ba2                adc_init
 .text.adc_set_extsel
                0x08003bb6       0x12 C:\Users\Administrator\AppData\Local\Temp\VMBuilds\STM32_LoRa_SensorV2.1.7\stm32_genericSTM32F103C\Release/core.a(adc.c.o)
                0x08003bb6                adc_set_extsel
 .text.adc_set_sample_rate
                0x08003bc8       0x30 C:\Users\Administrator\AppData\Local\Temp\VMBuilds\STM32_LoRa_SensorV2.1.7\stm32_genericSTM32F103C\Release/core.a(adc.c.o)
                0x08003bc8                adc_set_sample_rate
 .text.adc_read
                0x08003bf8       0x20 C:\Users\Administrator\AppData\Local\Temp\VMBuilds\STM32_LoRa_SensorV2.1.7\stm32_genericSTM32F103C\Release/core.a(adc.c.o)
                0x08003bf8                adc_read
 .text.__irq_adc
                0x08003c18       0x50 C:\Users\Administrator\AppData\Local\Temp\VMBuilds\STM32_LoRa_SensorV2.1.7\stm32_genericSTM32F103C\Release/core.a(adc_f1.c.o)
                0x08003c18                __irq_adc
 .text.adc_calibrate
                0x08003c68       0x24 C:\Users\Administrator\AppData\Local\Temp\VMBuilds\STM32_LoRa_SensorV2.1.7\stm32_genericSTM32F103C\Release/core.a(adc_f1.c.o)
                0x08003c68                adc_calibrate
 .text.adc_set_prescaler
                0x08003c8c        0x8 C:\Users\Administrator\AppData\Local\Temp\VMBuilds\STM32_LoRa_SensorV2.1.7\stm32_genericSTM32F103C\Release/core.a(adc_f1.c.o)
                0x08003c8c                adc_set_prescaler
 .text.adc_foreach
                0x08003c94       0x1c C:\Users\Administrator\AppData\Local\Temp\VMBuilds\STM32_LoRa_SensorV2.1.7\stm32_genericSTM32F103C\Release/core.a(adc_f1.c.o)
                0x08003c94                adc_foreach
 .text.adc_enable_single_swstart
                0x08003cb0       0x36 C:\Users\Administrator\AppData\Local\Temp\VMBuilds\STM32_LoRa_SensorV2.1.7\stm32_genericSTM32F103C\Release/core.a(adc_f1.c.o)
                0x08003cb0                adc_enable_single_swstart
 .text.bkp_init
                0x08003ce6       0x18 C:\Users\Administrator\AppData\Local\Temp\VMBuilds\STM32_LoRa_SensorV2.1.7\stm32_genericSTM32F103C\Release/core.a(bkp_f1.c.o)
                0x08003ce6                bkp_init
 *fill*         0x08003cfe        0x2 
 .text.bkp_enable_writes
                0x08003d00        0xc C:\Users\Administrator\AppData\Local\Temp\VMBuilds\STM32_LoRa_SensorV2.1.7\stm32_genericSTM32F103C\Release/core.a(bkp_f1.c.o)
                0x08003d00                bkp_enable_writes
 .text.bkp_disable_writes
                0x08003d0c        0xc C:\Users\Administrator\AppData\Local\Temp\VMBuilds\STM32_LoRa_SensorV2.1.7\stm32_genericSTM32F103C\Release/core.a(bkp_f1.c.o)
                0x08003d0c                bkp_disable_writes
 .text.flash_set_latency
                0x08003d18       0x14 C:\Users\Administrator\AppData\Local\Temp\VMBuilds\STM32_LoRa_SensorV2.1.7\stm32_genericSTM32F103C\Release/core.a(flash.c.o)
                0x08003d18                flash_set_latency
 .text.gpio_init_all
                0x08003d2c       0x30 C:\Users\Administrator\AppData\Local\Temp\VMBuilds\STM32_LoRa_SensorV2.1.7\stm32_genericSTM32F103C\Release/core.a(gpio_f1.c.o)
                0x08003d2c                gpio_init_all
 .text.gpio_set_mode
                0x08003d5c       0x50 C:\Users\Administrator\AppData\Local\Temp\VMBuilds\STM32_LoRa_SensorV2.1.7\stm32_genericSTM32F103C\Release/core.a(gpio_f1.c.o)
                0x08003d5c                gpio_set_mode
 .text.afio_init
                0x08003dac       0x12 C:\Users\Administrator\AppData\Local\Temp\VMBuilds\STM32_LoRa_SensorV2.1.7\stm32_genericSTM32F103C\Release/core.a(gpio_f1.c.o)
                0x08003dac                afio_init
 *fill*         0x08003dbe        0x2 
 .text.iwdg_init
                0x08003dc0       0x20 C:\Users\Administrator\AppData\Local\Temp\VMBuilds\STM32_LoRa_SensorV2.1.7\stm32_genericSTM32F103C\Release/core.a(iwdg.c.o)
                0x08003dc0                iwdg_init
 .text.iwdg_feed
                0x08003de0       0x10 C:\Users\Administrator\AppData\Local\Temp\VMBuilds\STM32_LoRa_SensorV2.1.7\stm32_genericSTM32F103C\Release/core.a(iwdg.c.o)
                0x08003de0                iwdg_feed
 .text.nvic_irq_set_priority
                0x08003df0       0x28 C:\Users\Administrator\AppData\Local\Temp\VMBuilds\STM32_LoRa_SensorV2.1.7\stm32_genericSTM32F103C\Release/core.a(nvic.c.o)
                0x08003df0                nvic_irq_set_priority
 .text.nvic_init
                0x08003e18       0x30 C:\Users\Administrator\AppData\Local\Temp\VMBuilds\STM32_LoRa_SensorV2.1.7\stm32_genericSTM32F103C\Release/core.a(nvic.c.o)
                0x08003e18                nvic_init
 .text.nvic_sys_reset
                0x08003e48       0x1c C:\Users\Administrator\AppData\Local\Temp\VMBuilds\STM32_LoRa_SensorV2.1.7\stm32_genericSTM32F103C\Release/core.a(nvic.c.o)
                0x08003e48                nvic_sys_reset
 .text.PWR_WakeUpPinCmd
                0x08003e64        0xc C:\Users\Administrator\AppData\Local\Temp\VMBuilds\STM32_LoRa_SensorV2.1.7\stm32_genericSTM32F103C\Release/core.a(pwr.c.o)
                0x08003e64                PWR_WakeUpPinCmd
 .text.PWR_EnterSTANDBYMode
                0x08003e70       0x28 C:\Users\Administrator\AppData\Local\Temp\VMBuilds\STM32_LoRa_SensorV2.1.7\stm32_genericSTM32F103C\Release/core.a(pwr.c.o)
                0x08003e70                PWR_EnterSTANDBYMode
 .text.PWR_ClearFlag
                0x08003e98       0x10 C:\Users\Administrator\AppData\Local\Temp\VMBuilds\STM32_LoRa_SensorV2.1.7\stm32_genericSTM32F103C\Release/core.a(pwr.c.o)
                0x08003e98                PWR_ClearFlag
 .text.rcc_dev_clk
                0x08003ea8        0xc C:\Users\Administrator\AppData\Local\Temp\VMBuilds\STM32_LoRa_SensorV2.1.7\stm32_genericSTM32F103C\Release/core.a(rcc.c.o)
                0x08003ea8                rcc_dev_clk
 .text.rcc_switch_sysclk
                0x08003eb4       0x20 C:\Users\Administrator\AppData\Local\Temp\VMBuilds\STM32_LoRa_SensorV2.1.7\stm32_genericSTM32F103C\Release/core.a(rcc.c.o)
                0x08003eb4                rcc_switch_sysclk
 .text.rcc_turn_on_clk
                0x08003ed4       0x1a C:\Users\Administrator\AppData\Local\Temp\VMBuilds\STM32_LoRa_SensorV2.1.7\stm32_genericSTM32F103C\Release/core.a(rcc.c.o)
                0x08003ed4                rcc_turn_on_clk
 .text.rcc_turn_off_clk
                0x08003eee       0x1c C:\Users\Administrator\AppData\Local\Temp\VMBuilds\STM32_LoRa_SensorV2.1.7\stm32_genericSTM32F103C\Release/core.a(rcc.c.o)
                0x08003eee                rcc_turn_off_clk
 .text.rcc_is_clk_ready
                0x08003f0a       0x18 C:\Users\Administrator\AppData\Local\Temp\VMBuilds\STM32_LoRa_SensorV2.1.7\stm32_genericSTM32F103C\Release/core.a(rcc.c.o)
                0x08003f0a                rcc_is_clk_ready
 *fill*         0x08003f22        0x2 
 .text.rcc_configure_pll
                0x08003f24       0x18 C:\Users\Administrator\AppData\Local\Temp\VMBuilds\STM32_LoRa_SensorV2.1.7\stm32_genericSTM32F103C\Release/core.a(rcc_f1.c.o)
                0x08003f24                rcc_configure_pll
 .text.rcc_clk_enable
                0x08003f3c       0x30 C:\Users\Administrator\AppData\Local\Temp\VMBuilds\STM32_LoRa_SensorV2.1.7\stm32_genericSTM32F103C\Release/core.a(rcc_f1.c.o)
                0x08003f3c                rcc_clk_enable
 .text.rcc_reset_dev
                0x08003f6c       0x34 C:\Users\Administrator\AppData\Local\Temp\VMBuilds\STM32_LoRa_SensorV2.1.7\stm32_genericSTM32F103C\Release/core.a(rcc_f1.c.o)
                0x08003f6c                rcc_reset_dev
 .text.rcc_set_prescaler
                0x08003fa0       0x20 C:\Users\Administrator\AppData\Local\Temp\VMBuilds\STM32_LoRa_SensorV2.1.7\stm32_genericSTM32F103C\Release/core.a(rcc_f1.c.o)
                0x08003fa0                rcc_set_prescaler
 .text.rcc_clk_disable
                0x08003fc0       0x30 C:\Users\Administrator\AppData\Local\Temp\VMBuilds\STM32_LoRa_SensorV2.1.7\stm32_genericSTM32F103C\Release/core.a(rcc_f1.c.o)
                0x08003fc0                rcc_clk_disable
 .text.systick_init
                0x08003ff0       0x10 C:\Users\Administrator\AppData\Local\Temp\VMBuilds\STM32_LoRa_SensorV2.1.7\stm32_genericSTM32F103C\Release/core.a(systick.c.o)
                0x08003ff0                systick_init
 .text.__exc_systick
                0x08004000       0x1c C:\Users\Administrator\AppData\Local\Temp\VMBuilds\STM32_LoRa_SensorV2.1.7\stm32_genericSTM32F103C\Release/core.a(systick.c.o)
                0x08004000                __exc_systick
 .text.timer_oc_set_mode
                0x0800401c       0x3a C:\Users\Administrator\AppData\Local\Temp\VMBuilds\STM32_LoRa_SensorV2.1.7\stm32_genericSTM32F103C\Release/core.a(timer.c.o)
 *fill*         0x08004056        0x2 
 .text.timer_foreach
                0x08004058       0x28 C:\Users\Administrator\AppData\Local\Temp\VMBuilds\STM32_LoRa_SensorV2.1.7\stm32_genericSTM32F103C\Release/core.a(timer.c.o)
                0x08004058                timer_foreach
 .text.timer_init
                0x08004080       0x14 C:\Users\Administrator\AppData\Local\Temp\VMBuilds\STM32_LoRa_SensorV2.1.7\stm32_genericSTM32F103C\Release/core.a(timer.c.o)
                0x08004080                timer_init
 .text.timer_has_cc_channel
                0x08004094       0x30 C:\Users\Administrator\AppData\Local\Temp\VMBuilds\STM32_LoRa_SensorV2.1.7\stm32_genericSTM32F103C\Release/core.a(timer.c.o)
                0x08004094                timer_has_cc_channel
 .text.timer_attach_interrupt
                0x080040c4       0xc0 C:\Users\Administrator\AppData\Local\Temp\VMBuilds\STM32_LoRa_SensorV2.1.7\stm32_genericSTM32F103C\Release/core.a(timer.c.o)
                0x080040c4                timer_attach_interrupt
 .text.timer_detach_interrupt
                0x08004184       0x1e C:\Users\Administrator\AppData\Local\Temp\VMBuilds\STM32_LoRa_SensorV2.1.7\stm32_genericSTM32F103C\Release/core.a(timer.c.o)
                0x08004184                timer_detach_interrupt
 .text.timer_set_mode
                0x080041a2       0x86 C:\Users\Administrator\AppData\Local\Temp\VMBuilds\STM32_LoRa_SensorV2.1.7\stm32_genericSTM32F103C\Release/core.a(timer.c.o)
                0x080041a2                timer_set_mode
 .text.__irq_tim1_brk
                0x08004228       0x24 C:\Users\Administrator\AppData\Local\Temp\VMBuilds\STM32_LoRa_SensorV2.1.7\stm32_genericSTM32F103C\Release/core.a(timer.c.o)
                0x08004228                __irq_tim1_brk
 .text.__irq_tim1_up
                0x0800424c       0x24 C:\Users\Administrator\AppData\Local\Temp\VMBuilds\STM32_LoRa_SensorV2.1.7\stm32_genericSTM32F103C\Release/core.a(timer.c.o)
                0x0800424c                __irq_tim1_up
 .text.__irq_tim1_trg_com
                0x08004270       0x38 C:\Users\Administrator\AppData\Local\Temp\VMBuilds\STM32_LoRa_SensorV2.1.7\stm32_genericSTM32F103C\Release/core.a(timer.c.o)
                0x08004270                __irq_tim1_trg_com
 .text.__irq_tim1_cc
                0x080042a8       0x54 C:\Users\Administrator\AppData\Local\Temp\VMBuilds\STM32_LoRa_SensorV2.1.7\stm32_genericSTM32F103C\Release/core.a(timer.c.o)
                0x080042a8                __irq_tim1_cc
 .text.__irq_tim2
                0x080042fc       0x70 C:\Users\Administrator\AppData\Local\Temp\VMBuilds\STM32_LoRa_SensorV2.1.7\stm32_genericSTM32F103C\Release/core.a(timer.c.o)
                0x080042fc                __irq_tim2
 .text.__irq_tim3
                0x0800436c       0x70 C:\Users\Administrator\AppData\Local\Temp\VMBuilds\STM32_LoRa_SensorV2.1.7\stm32_genericSTM32F103C\Release/core.a(timer.c.o)
                0x0800436c                __irq_tim3
 .text.__irq_tim4
                0x080043dc       0x70 C:\Users\Administrator\AppData\Local\Temp\VMBuilds\STM32_LoRa_SensorV2.1.7\stm32_genericSTM32F103C\Release/core.a(timer.c.o)
                0x080043dc                __irq_tim4
 .text.rb_remove
                0x0800444c       0x24 C:\Users\Administrator\AppData\Local\Temp\VMBuilds\STM32_LoRa_SensorV2.1.7\stm32_genericSTM32F103C\Release/core.a(usart_f1.c.o)
 .text.rb_push_insert
                0x08004470       0x52 C:\Users\Administrator\AppData\Local\Temp\VMBuilds\STM32_LoRa_SensorV2.1.7\stm32_genericSTM32F103C\Release/core.a(usart_f1.c.o)
 .text.usart_config_gpios_async
                0x080044c2       0x4a C:\Users\Administrator\AppData\Local\Temp\VMBuilds\STM32_LoRa_SensorV2.1.7\stm32_genericSTM32F103C\Release/core.a(usart_f1.c.o)
                0x080044c2                usart_config_gpios_async
 .text.usart_set_baud_rate
                0x0800450c       0x3c C:\Users\Administrator\AppData\Local\Temp\VMBuilds\STM32_LoRa_SensorV2.1.7\stm32_genericSTM32F103C\Release/core.a(usart_f1.c.o)
                0x0800450c                usart_set_baud_rate
 .text.__irq_usart1
                0x08004548       0x54 C:\Users\Administrator\AppData\Local\Temp\VMBuilds\STM32_LoRa_SensorV2.1.7\stm32_genericSTM32F103C\Release/core.a(usart_f1.c.o)
                0x08004548                __irq_usart1
 .text.__irq_usart2
                0x0800459c       0x54 C:\Users\Administrator\AppData\Local\Temp\VMBuilds\STM32_LoRa_SensorV2.1.7\stm32_genericSTM32F103C\Release/core.a(usart_f1.c.o)
                0x0800459c                __irq_usart2
 .text.__irq_usart3
                0x080045f0       0x54 C:\Users\Administrator\AppData\Local\Temp\VMBuilds\STM32_LoRa_SensorV2.1.7\stm32_genericSTM32F103C\Release/core.a(usart_f1.c.o)
                0x080045f0                __irq_usart3
 .text._usart_clock_freq
                0x08004644       0x24 C:\Users\Administrator\AppData\Local\Temp\VMBuilds\STM32_LoRa_SensorV2.1.7\stm32_genericSTM32F103C\Release/core.a(usart_private.c.o)
                0x08004644                _usart_clock_freq
 .text.throb    0x08004668       0x4c C:\Users\Administrator\AppData\Local\Temp\VMBuilds\STM32_LoRa_SensorV2.1.7\stm32_genericSTM32F103C\Release/core.a(util.c.o)
                0x08004668                throb
 .text.__error  0x080046b4       0x14 C:\Users\Administrator\AppData\Local\Temp\VMBuilds\STM32_LoRa_SensorV2.1.7\stm32_genericSTM32F103C\Release/core.a(util.c.o)
                0x080046b4                __error
 .text._ZN14HardwareSerial4readEv
                0x080046c8       0x4e C:\Users\Administrator\AppData\Local\Temp\VMBuilds\STM32_LoRa_SensorV2.1.7\stm32_genericSTM32F103C\Release/core.a(HardwareSerial.cpp.o)
                0x080046c8                HardwareSerial::read()
 .text._ZN14HardwareSerial4peekEv
                0x08004716       0x22 C:\Users\Administrator\AppData\Local\Temp\VMBuilds\STM32_LoRa_SensorV2.1.7\stm32_genericSTM32F103C\Release/core.a(HardwareSerial.cpp.o)
                0x08004716                HardwareSerial::peek()
 .text._ZN14HardwareSerial5flushEv
                0x08004738       0x1a C:\Users\Administrator\AppData\Local\Temp\VMBuilds\STM32_LoRa_SensorV2.1.7\stm32_genericSTM32F103C\Release/core.a(HardwareSerial.cpp.o)
                0x08004738                HardwareSerial::flush()
 .text._ZN14HardwareSerial5writeEh
                0x08004752       0x1e C:\Users\Administrator\AppData\Local\Temp\VMBuilds\STM32_LoRa_SensorV2.1.7\stm32_genericSTM32F103C\Release/core.a(HardwareSerial.cpp.o)
                0x08004752                HardwareSerial::write(unsigned char)
 .text._ZN14HardwareSerial9availableEv
                0x08004770       0x26 C:\Users\Administrator\AppData\Local\Temp\VMBuilds\STM32_LoRa_SensorV2.1.7\stm32_genericSTM32F103C\Release/core.a(HardwareSerial.cpp.o)
                0x08004770                HardwareSerial::available()
 *fill*         0x08004796        0x2 
 .text._ZN14HardwareSerialC2EP9usart_devhh
                0x08004798       0x1c C:\Users\Administrator\AppData\Local\Temp\VMBuilds\STM32_LoRa_SensorV2.1.7\stm32_genericSTM32F103C\Release/core.a(HardwareSerial.cpp.o)
                0x08004798                HardwareSerial::HardwareSerial(usart_dev*, unsigned char, unsigned char)
                0x08004798                HardwareSerial::HardwareSerial(usart_dev*, unsigned char, unsigned char)
 .text._ZN14HardwareSerial5beginEmh
                0x080047b4       0x78 C:\Users\Administrator\AppData\Local\Temp\VMBuilds\STM32_LoRa_SensorV2.1.7\stm32_genericSTM32F103C\Release/core.a(HardwareSerial.cpp.o)
                0x080047b4                HardwareSerial::begin(unsigned long, unsigned char)
 .text._ZN14HardwareSerial5beginEm
                0x0800482c        0x6 C:\Users\Administrator\AppData\Local\Temp\VMBuilds\STM32_LoRa_SensorV2.1.7\stm32_genericSTM32F103C\Release/core.a(HardwareSerial.cpp.o)
                0x0800482c                HardwareSerial::begin(unsigned long)
 *fill*         0x08004832        0x2 
 .text.set_this_dev
                0x08004834       0x1c C:\Users\Administrator\AppData\Local\Temp\VMBuilds\STM32_LoRa_SensorV2.1.7\stm32_genericSTM32F103C\Release/core.a(HardwareTimer.cpp.o)
 .text._ZN13HardwareTimerC2Eh
                0x08004850       0x2c C:\Users\Administrator\AppData\Local\Temp\VMBuilds\STM32_LoRa_SensorV2.1.7\stm32_genericSTM32F103C\Release/core.a(HardwareTimer.cpp.o)
                0x08004850                HardwareTimer::HardwareTimer(unsigned char)
                0x08004850                HardwareTimer::HardwareTimer(unsigned char)
 .text._ZN13HardwareTimer5pauseEv
                0x0800487c       0x10 C:\Users\Administrator\AppData\Local\Temp\VMBuilds\STM32_LoRa_SensorV2.1.7\stm32_genericSTM32F103C\Release/core.a(HardwareTimer.cpp.o)
                0x0800487c                HardwareTimer::pause()
 .text._ZN13HardwareTimer6resumeEv
                0x0800488c       0x10 C:\Users\Administrator\AppData\Local\Temp\VMBuilds\STM32_LoRa_SensorV2.1.7\stm32_genericSTM32F103C\Release/core.a(HardwareTimer.cpp.o)
                0x0800488c                HardwareTimer::resume()
 .text._ZN13HardwareTimer17setPrescaleFactorEm
                0x0800489c        0xc C:\Users\Administrator\AppData\Local\Temp\VMBuilds\STM32_LoRa_SensorV2.1.7\stm32_genericSTM32F103C\Release/core.a(HardwareTimer.cpp.o)
                0x0800489c                HardwareTimer::setPrescaleFactor(unsigned long)
 .text._ZN13HardwareTimer8setCountEt
                0x080048a8       0x12 C:\Users\Administrator\AppData\Local\Temp\VMBuilds\STM32_LoRa_SensorV2.1.7\stm32_genericSTM32F103C\Release/core.a(HardwareTimer.cpp.o)
                0x080048a8                HardwareTimer::setCount(unsigned short)
 .text._ZN13HardwareTimer9setPeriodEm
                0x080048ba       0x3e C:\Users\Administrator\AppData\Local\Temp\VMBuilds\STM32_LoRa_SensorV2.1.7\stm32_genericSTM32F103C\Release/core.a(HardwareTimer.cpp.o)
                0x080048ba                HardwareTimer::setPeriod(unsigned long)
 .text._ZN13HardwareTimer7setModeEi10timer_mode
                0x080048f8        0x8 C:\Users\Administrator\AppData\Local\Temp\VMBuilds\STM32_LoRa_SensorV2.1.7\stm32_genericSTM32F103C\Release/core.a(HardwareTimer.cpp.o)
                0x080048f8                HardwareTimer::setMode(int, timer_mode)
 .text._ZN13HardwareTimer10setCompareEit
                0x08004900       0x1e C:\Users\Administrator\AppData\Local\Temp\VMBuilds\STM32_LoRa_SensorV2.1.7\stm32_genericSTM32F103C\Release/core.a(HardwareTimer.cpp.o)
                0x08004900                HardwareTimer::setCompare(int, unsigned short)
 .text._ZN13HardwareTimer15attachInterruptEiPFvvE
                0x0800491e        0x8 C:\Users\Administrator\AppData\Local\Temp\VMBuilds\STM32_LoRa_SensorV2.1.7\stm32_genericSTM32F103C\Release/core.a(HardwareTimer.cpp.o)
                0x0800491e                HardwareTimer::attachInterrupt(int, void (*)())
 *fill*         0x08004926        0x2 
 .text.startup._GLOBAL__sub_I__ZN13HardwareTimerC2Eh
                0x08004928       0x38 C:\Users\Administrator\AppData\Local\Temp\VMBuilds\STM32_LoRa_SensorV2.1.7\stm32_genericSTM32F103C\Release/core.a(HardwareTimer.cpp.o)
 .text.startup._Z7premainv
                0x08004960        0x4 C:\Users\Administrator\AppData\Local\Temp\VMBuilds\STM32_LoRa_SensorV2.1.7\stm32_genericSTM32F103C\Release/core.a(main.cpp.o)
                0x08004960                premain()
 .text.startup.main
                0x08004964        0xc C:\Users\Administrator\AppData\Local\Temp\VMBuilds\STM32_LoRa_SensorV2.1.7\stm32_genericSTM32F103C\Release/core.a(main.cpp.o)
                0x08004964                main
 .text._ZN5Print5writeEPKc
                0x08004970       0x1c C:\Users\Administrator\AppData\Local\Temp\VMBuilds\STM32_LoRa_SensorV2.1.7\stm32_genericSTM32F103C\Release/core.a(Print.cpp.o)
                0x08004970                Print::write(char const*)
 .text._ZN5Print5writeEPKvm
                0x0800498c       0x20 C:\Users\Administrator\AppData\Local\Temp\VMBuilds\STM32_LoRa_SensorV2.1.7\stm32_genericSTM32F103C\Release/core.a(Print.cpp.o)
                0x0800498c                Print::write(void const*, unsigned long)
 .text._ZN5Print5printEc
                0x080049ac        0xa C:\Users\Administrator\AppData\Local\Temp\VMBuilds\STM32_LoRa_SensorV2.1.7\stm32_genericSTM32F103C\Release/core.a(Print.cpp.o)
                0x080049ac                Print::print(char)
 .text._ZN5Print5printEPKc
                0x080049b6        0xa C:\Users\Administrator\AppData\Local\Temp\VMBuilds\STM32_LoRa_SensorV2.1.7\stm32_genericSTM32F103C\Release/core.a(Print.cpp.o)
                0x080049b6                Print::print(char const*)
 .text._ZN5Print7printlnEv
                0x080049c0       0x18 C:\Users\Administrator\AppData\Local\Temp\VMBuilds\STM32_LoRa_SensorV2.1.7\stm32_genericSTM32F103C\Release/core.a(Print.cpp.o)
                0x080049c0                Print::println()
 .text._ZN5Print7printlnEPKc
                0x080049d8       0x14 C:\Users\Administrator\AppData\Local\Temp\VMBuilds\STM32_LoRa_SensorV2.1.7\stm32_genericSTM32F103C\Release/core.a(Print.cpp.o)
                0x080049d8                Print::println(char const*)
 .text._ZN5Print11printNumberEyh
                0x080049ec       0x84 C:\Users\Administrator\AppData\Local\Temp\VMBuilds\STM32_LoRa_SensorV2.1.7\stm32_genericSTM32F103C\Release/core.a(Print.cpp.o)
                0x080049ec                Print::printNumber(unsigned long long, unsigned char)
 .text._ZN5Print5printExi
                0x08004a70       0x40 C:\Users\Administrator\AppData\Local\Temp\VMBuilds\STM32_LoRa_SensorV2.1.7\stm32_genericSTM32F103C\Release/core.a(Print.cpp.o)
                0x08004a70                Print::print(long long, int)
 .text._ZN5Print5printEii
                0x08004ab0       0x12 C:\Users\Administrator\AppData\Local\Temp\VMBuilds\STM32_LoRa_SensorV2.1.7\stm32_genericSTM32F103C\Release/core.a(Print.cpp.o)
                0x08004ab0                Print::print(int, int)
 .text._ZN5Print7printlnEii
                0x08004ac2       0x14 C:\Users\Administrator\AppData\Local\Temp\VMBuilds\STM32_LoRa_SensorV2.1.7\stm32_genericSTM32F103C\Release/core.a(Print.cpp.o)
                0x08004ac2                Print::println(int, int)
 .text._ZN5Print5printEyi
                0x08004ad6       0x1c C:\Users\Administrator\AppData\Local\Temp\VMBuilds\STM32_LoRa_SensorV2.1.7\stm32_genericSTM32F103C\Release/core.a(Print.cpp.o)
                0x08004ad6                Print::print(unsigned long long, int)
 .text._ZN5Print5printEhi
                0x08004af2       0x12 C:\Users\Administrator\AppData\Local\Temp\VMBuilds\STM32_LoRa_SensorV2.1.7\stm32_genericSTM32F103C\Release/core.a(Print.cpp.o)
                0x08004af2                Print::print(unsigned char, int)
 .text._ZN5Print7printlnEhi
                0x08004b04       0x14 C:\Users\Administrator\AppData\Local\Temp\VMBuilds\STM32_LoRa_SensorV2.1.7\stm32_genericSTM32F103C\Release/core.a(Print.cpp.o)
                0x08004b04                Print::println(unsigned char, int)
 .text._ZN5Print5printEji
                0x08004b18       0x12 C:\Users\Administrator\AppData\Local\Temp\VMBuilds\STM32_LoRa_SensorV2.1.7\stm32_genericSTM32F103C\Release/core.a(Print.cpp.o)
                0x08004b18                Print::print(unsigned int, int)
 .text._ZN5Print7printlnEji
                0x08004b2a       0x14 C:\Users\Administrator\AppData\Local\Temp\VMBuilds\STM32_LoRa_SensorV2.1.7\stm32_genericSTM32F103C\Release/core.a(Print.cpp.o)
                0x08004b2a                Print::println(unsigned int, int)
 .text._ZN5Print5printEmi
                0x08004b3e       0x12 C:\Users\Administrator\AppData\Local\Temp\VMBuilds\STM32_LoRa_SensorV2.1.7\stm32_genericSTM32F103C\Release/core.a(Print.cpp.o)
                0x08004b3e                Print::print(unsigned long, int)
 .text._ZN5Print10printFloatEdh
                0x08004b50      0x158 C:\Users\Administrator\AppData\Local\Temp\VMBuilds\STM32_LoRa_SensorV2.1.7\stm32_genericSTM32F103C\Release/core.a(Print.cpp.o)
                0x08004b50                Print::printFloat(double, unsigned char)
 .text._ZN5Print7printlnEdi
                0x08004ca8       0x1c C:\Users\Administrator\AppData\Local\Temp\VMBuilds\STM32_LoRa_SensorV2.1.7\stm32_genericSTM32F103C\Release/core.a(Print.cpp.o)
                0x08004ca8                Print::println(double, int)
 .text._ZN9USBSerial9availableEv
                0x08004cc4        0x4 C:\Users\Administrator\AppData\Local\Temp\VMBuilds\STM32_LoRa_SensorV2.1.7\stm32_genericSTM32F103C\Release/core.a(usb_serial.cpp.o)
                0x08004cc4                USBSerial::available()
 .text._ZN9USBSerial4peekEv
                0x08004cc8       0x1e C:\Users\Administrator\AppData\Local\Temp\VMBuilds\STM32_LoRa_SensorV2.1.7\stm32_genericSTM32F103C\Release/core.a(usb_serial.cpp.o)
                0x08004cc8                USBSerial::peek()
 .text._ZN9USBSerial4readEv
                0x08004ce6       0x1e C:\Users\Administrator\AppData\Local\Temp\VMBuilds\STM32_LoRa_SensorV2.1.7\stm32_genericSTM32F103C\Release/core.a(usb_serial.cpp.o)
                0x08004ce6                USBSerial::read()
 .text._ZL14ifaceSetupHookjPv
                0x08004d04       0x50 C:\Users\Administrator\AppData\Local\Temp\VMBuilds\STM32_LoRa_SensorV2.1.7\stm32_genericSTM32F103C\Release/core.a(usb_serial.cpp.o)
 .text._ZL6rxHookjPv
                0x08004d54       0x84 C:\Users\Administrator\AppData\Local\Temp\VMBuilds\STM32_LoRa_SensorV2.1.7\stm32_genericSTM32F103C\Release/core.a(usb_serial.cpp.o)
 .text._ZL10wait_resetv
                0x08004dd8       0x10 C:\Users\Administrator\AppData\Local\Temp\VMBuilds\STM32_LoRa_SensorV2.1.7\stm32_genericSTM32F103C\Release/core.a(usb_serial.cpp.o)
 .text._ZN9USBSerialC2Ev
                0x08004de8       0x14 C:\Users\Administrator\AppData\Local\Temp\VMBuilds\STM32_LoRa_SensorV2.1.7\stm32_genericSTM32F103C\Release/core.a(usb_serial.cpp.o)
                0x08004de8                USBSerial::USBSerial()
                0x08004de8                USBSerial::USBSerial()
 .text._ZN9USBSerial5beginEv
                0x08004dfc       0x34 C:\Users\Administrator\AppData\Local\Temp\VMBuilds\STM32_LoRa_SensorV2.1.7\stm32_genericSTM32F103C\Release/core.a(usb_serial.cpp.o)
                0x08004dfc                USBSerial::begin()
 .text._ZN9USBSerial5beginEm
                0x08004e30       0x10 C:\Users\Administrator\AppData\Local\Temp\VMBuilds\STM32_LoRa_SensorV2.1.7\stm32_genericSTM32F103C\Release/core.a(usb_serial.cpp.o)
                0x08004e30                USBSerial::begin(unsigned long)
 .text._ZN9USBSerial4readEPhm
                0x08004e40       0x1c C:\Users\Administrator\AppData\Local\Temp\VMBuilds\STM32_LoRa_SensorV2.1.7\stm32_genericSTM32F103C\Release/core.a(usb_serial.cpp.o)
                0x08004e40                USBSerial::read(unsigned char*, unsigned long)
 .text._ZN9USBSerial5flushEv
                0x08004e5c       0x1c C:\Users\Administrator\AppData\Local\Temp\VMBuilds\STM32_LoRa_SensorV2.1.7\stm32_genericSTM32F103C\Release/core.a(usb_serial.cpp.o)
                0x08004e5c                USBSerial::flush()
 .text._ZN9USBSerialcvbEv
                0x08004e78       0x20 C:\Users\Administrator\AppData\Local\Temp\VMBuilds\STM32_LoRa_SensorV2.1.7\stm32_genericSTM32F103C\Release/core.a(usb_serial.cpp.o)
                0x08004e78                USBSerial::operator bool()
 .text._ZN9USBSerial5writeEPKhm
                0x08004e98       0x24 C:\Users\Administrator\AppData\Local\Temp\VMBuilds\STM32_LoRa_SensorV2.1.7\stm32_genericSTM32F103C\Release/core.a(usb_serial.cpp.o)
                0x08004e98                USBSerial::write(unsigned char const*, unsigned long)
 .text._ZN9USBSerial5writeEh
                0x08004ebc       0x18 C:\Users\Administrator\AppData\Local\Temp\VMBuilds\STM32_LoRa_SensorV2.1.7\stm32_genericSTM32F103C\Release/core.a(usb_serial.cpp.o)
                0x08004ebc                USBSerial::write(unsigned char)
 .text._ZN9USBSerial5writeEPKc
                0x08004ed4       0x1a C:\Users\Administrator\AppData\Local\Temp\VMBuilds\STM32_LoRa_SensorV2.1.7\stm32_genericSTM32F103C\Release/core.a(usb_serial.cpp.o)
                0x08004ed4                USBSerial::write(char const*)
 *fill*         0x08004eee        0x2 
 .text.startup._GLOBAL__sub_I__ZN9USBSerial9_hasBegunE
                0x08004ef0        0xc C:\Users\Administrator\AppData\Local\Temp\VMBuilds\STM32_LoRa_SensorV2.1.7\stm32_genericSTM32F103C\Release/core.a(usb_serial.cpp.o)
 .text._Z10analogReadh
                0x08004efc       0x1c C:\Users\Administrator\AppData\Local\Temp\VMBuilds\STM32_LoRa_SensorV2.1.7\stm32_genericSTM32F103C\Release/core.a(wirish_analog.cpp.o)
                0x08004efc                analogRead(unsigned char)
 .text._Z11digitalReadh
                0x08004f18       0x2c C:\Users\Administrator\AppData\Local\Temp\VMBuilds\STM32_LoRa_SensorV2.1.7\stm32_genericSTM32F103C\Release/core.a(wirish_digital.cpp.o)
                0x08004f18                digitalRead(unsigned char)
 .text._Z12digitalWritehh
                0x08004f44       0x2c C:\Users\Administrator\AppData\Local\Temp\VMBuilds\STM32_LoRa_SensorV2.1.7\stm32_genericSTM32F103C\Release/core.a(wirish_digital.cpp.o)
                0x08004f44                digitalWrite(unsigned char, unsigned char)
 .text._Z6randoml
                0x08004f70       0x16 C:\Users\Administrator\AppData\Local\Temp\VMBuilds\STM32_LoRa_SensorV2.1.7\stm32_genericSTM32F103C\Release/core.a(wirish_math.cpp.o)
                0x08004f70                random(long)
 .text._Z6randomll
                0x08004f86       0x14 C:\Users\Administrator\AppData\Local\Temp\VMBuilds\STM32_LoRa_SensorV2.1.7\stm32_genericSTM32F103C\Release/core.a(wirish_math.cpp.o)
                0x08004f86                random(long, long)
 *fill*         0x08004f9a        0x2 
 .text._Z8shiftOuthhhh
                0x08004f9c       0x64 C:\Users\Administrator\AppData\Local\Temp\VMBuilds\STM32_LoRa_SensorV2.1.7\stm32_genericSTM32F103C\Release/core.a(wirish_shift.cpp.o)
                0x08004f9c                shiftOut(unsigned char, unsigned char, unsigned char, unsigned char)
 .text._Z5delaym
                0x08005000       0x1c C:\Users\Administrator\AppData\Local\Temp\VMBuilds\STM32_LoRa_SensorV2.1.7\stm32_genericSTM32F103C\Release/core.a(wirish_time.cpp.o)
                0x08005000                delay(unsigned long)
 .text._Z17delayMicrosecondsm
                0x0800501c        0xe C:\Users\Administrator\AppData\Local\Temp\VMBuilds\STM32_LoRa_SensorV2.1.7\stm32_genericSTM32F103C\Release/core.a(wirish_time.cpp.o)
                0x0800501c                delayMicroseconds(unsigned long)
 *fill*         0x0800502a        0x2 
 .text._Z7pinModeh13WiringPinMode
                0x0800502c       0x84 C:\Users\Administrator\AppData\Local\Temp\VMBuilds\STM32_LoRa_SensorV2.1.7\stm32_genericSTM32F103C\Release/core.a(wirish_digital_f1.cpp.o)
                0x0800502c                pinMode(unsigned char, WiringPinMode)
 .text.__empty  0x080050b0        0x2 C:\Users\Administrator\AppData\Local\Temp\VMBuilds\STM32_LoRa_SensorV2.1.7\stm32_genericSTM32F103C\Release/core.a(hooks.c.o)
                0x080050b0                yield
 .text.gpio_init
                0x080050b2       0x14 C:\Users\Administrator\AppData\Local\Temp\VMBuilds\STM32_LoRa_SensorV2.1.7\stm32_genericSTM32F103C\Release/core.a(gpio.c.o)
                0x080050b2                gpio_init
 *fill*         0x080050c6        0x2 
 .text.usart_init
                0x080050c8       0x54 C:\Users\Administrator\AppData\Local\Temp\VMBuilds\STM32_LoRa_SensorV2.1.7\stm32_genericSTM32F103C\Release/core.a(usart.c.o)
                0x080050c8                usart_init
 .text.usart_enable
                0x0800511c       0x14 C:\Users\Administrator\AppData\Local\Temp\VMBuilds\STM32_LoRa_SensorV2.1.7\stm32_genericSTM32F103C\Release/core.a(usart.c.o)
                0x0800511c                usart_enable
 .text.usart_tx
                0x08005130       0x9c C:\Users\Administrator\AppData\Local\Temp\VMBuilds\STM32_LoRa_SensorV2.1.7\stm32_genericSTM32F103C\Release/core.a(usart.c.o)
                0x08005130                usart_tx
 .text.usb_resume
                0x080051cc       0xb4 C:\Users\Administrator\AppData\Local\Temp\VMBuilds\STM32_LoRa_SensorV2.1.7\stm32_genericSTM32F103C\Release/core.a(usb.c.o)
 .text.usb_init_usblib
                0x08005280       0x48 C:\Users\Administrator\AppData\Local\Temp\VMBuilds\STM32_LoRa_SensorV2.1.7\stm32_genericSTM32F103C\Release/core.a(usb.c.o)
                0x08005280                usb_init_usblib
 .text.__irq_usb_lp_can_rx0
                0x080052c8      0x1c8 C:\Users\Administrator\AppData\Local\Temp\VMBuilds\STM32_LoRa_SensorV2.1.7\stm32_genericSTM32F103C\Release/core.a(usb.c.o)
                0x080052c8                __irq_usb_lp_can_rx0
 .text.usb_set_ep_rx_stat
                0x08005490       0x22 C:\Users\Administrator\AppData\Local\Temp\VMBuilds\STM32_LoRa_SensorV2.1.7\stm32_genericSTM32F103C\Release/core.a(usb_cdcacm.c.o)
 *fill*         0x080054b2        0x2 
 .text.vcomGetSetLineCoding
                0x080054b4       0x18 C:\Users\Administrator\AppData\Local\Temp\VMBuilds\STM32_LoRa_SensorV2.1.7\stm32_genericSTM32F103C\Release/core.a(usb_cdcacm.c.o)
 .text.usbDataSetup
                0x080054cc       0x54 C:\Users\Administrator\AppData\Local\Temp\VMBuilds\STM32_LoRa_SensorV2.1.7\stm32_genericSTM32F103C\Release/core.a(usb_cdcacm.c.o)
 .text.usbNoDataSetup
                0x08005520       0x50 C:\Users\Administrator\AppData\Local\Temp\VMBuilds\STM32_LoRa_SensorV2.1.7\stm32_genericSTM32F103C\Release/core.a(usb_cdcacm.c.o)
 .text.usbGetInterfaceSetting
                0x08005570       0x10 C:\Users\Administrator\AppData\Local\Temp\VMBuilds\STM32_LoRa_SensorV2.1.7\stm32_genericSTM32F103C\Release/core.a(usb_cdcacm.c.o)
 .text.usbSetConfiguration
                0x08005580       0x1c C:\Users\Administrator\AppData\Local\Temp\VMBuilds\STM32_LoRa_SensorV2.1.7\stm32_genericSTM32F103C\Release/core.a(usb_cdcacm.c.o)
 .text.usbSetDeviceAddress
                0x0800559c       0x10 C:\Users\Administrator\AppData\Local\Temp\VMBuilds\STM32_LoRa_SensorV2.1.7\stm32_genericSTM32F103C\Release/core.a(usb_cdcacm.c.o)
 .text.usbGetStringDescriptor
                0x080055ac       0x20 C:\Users\Administrator\AppData\Local\Temp\VMBuilds\STM32_LoRa_SensorV2.1.7\stm32_genericSTM32F103C\Release/core.a(usb_cdcacm.c.o)
 .text.usbGetConfigDescriptor
                0x080055cc        0xc C:\Users\Administrator\AppData\Local\Temp\VMBuilds\STM32_LoRa_SensorV2.1.7\stm32_genericSTM32F103C\Release/core.a(usb_cdcacm.c.o)
 .text.usbGetDeviceDescriptor
                0x080055d8        0xc C:\Users\Administrator\AppData\Local\Temp\VMBuilds\STM32_LoRa_SensorV2.1.7\stm32_genericSTM32F103C\Release/core.a(usb_cdcacm.c.o)
 .text.usbInit  0x080055e4       0x44 C:\Users\Administrator\AppData\Local\Temp\VMBuilds\STM32_LoRa_SensorV2.1.7\stm32_genericSTM32F103C\Release/core.a(usb_cdcacm.c.o)
 .text.vcomDataTxCb
                0x08005628       0xa0 C:\Users\Administrator\AppData\Local\Temp\VMBuilds\STM32_LoRa_SensorV2.1.7\stm32_genericSTM32F103C\Release/core.a(usb_cdcacm.c.o)
 .text.usbReset
                0x080056c8      0x160 C:\Users\Administrator\AppData\Local\Temp\VMBuilds\STM32_LoRa_SensorV2.1.7\stm32_genericSTM32F103C\Release/core.a(usb_cdcacm.c.o)
 .text.vcomDataRxCb
                0x08005828       0x7c C:\Users\Administrator\AppData\Local\Temp\VMBuilds\STM32_LoRa_SensorV2.1.7\stm32_genericSTM32F103C\Release/core.a(usb_cdcacm.c.o)
 .text.usb_cdcacm_set_hooks
                0x080058a4       0x1c C:\Users\Administrator\AppData\Local\Temp\VMBuilds\STM32_LoRa_SensorV2.1.7\stm32_genericSTM32F103C\Release/core.a(usb_cdcacm.c.o)
                0x080058a4                usb_cdcacm_set_hooks
 .text.usb_cdcacm_enable
                0x080058c0       0x38 C:\Users\Administrator\AppData\Local\Temp\VMBuilds\STM32_LoRa_SensorV2.1.7\stm32_genericSTM32F103C\Release/core.a(usb_cdcacm.c.o)
                0x080058c0                usb_cdcacm_enable
 .text.usb_cdcacm_tx
                0x080058f8       0x60 C:\Users\Administrator\AppData\Local\Temp\VMBuilds\STM32_LoRa_SensorV2.1.7\stm32_genericSTM32F103C\Release/core.a(usb_cdcacm.c.o)
                0x080058f8                usb_cdcacm_tx
 .text.usb_cdcacm_data_available
                0x08005958       0x18 C:\Users\Administrator\AppData\Local\Temp\VMBuilds\STM32_LoRa_SensorV2.1.7\stm32_genericSTM32F103C\Release/core.a(usb_cdcacm.c.o)
                0x08005958                usb_cdcacm_data_available
 .text.usb_cdcacm_peek
                0x08005970       0x38 C:\Users\Administrator\AppData\Local\Temp\VMBuilds\STM32_LoRa_SensorV2.1.7\stm32_genericSTM32F103C\Release/core.a(usb_cdcacm.c.o)
                0x08005970                usb_cdcacm_peek
 .text.usb_cdcacm_rx
                0x080059a8       0x34 C:\Users\Administrator\AppData\Local\Temp\VMBuilds\STM32_LoRa_SensorV2.1.7\stm32_genericSTM32F103C\Release/core.a(usb_cdcacm.c.o)
                0x080059a8                usb_cdcacm_rx
 .text.usb_cdcacm_peek_ex
                0x080059dc       0x40 C:\Users\Administrator\AppData\Local\Temp\VMBuilds\STM32_LoRa_SensorV2.1.7\stm32_genericSTM32F103C\Release/core.a(usb_cdcacm.c.o)
                0x080059dc                usb_cdcacm_peek_ex
 .text.usb_cdcacm_get_dtr
                0x08005a1c       0x10 C:\Users\Administrator\AppData\Local\Temp\VMBuilds\STM32_LoRa_SensorV2.1.7\stm32_genericSTM32F103C\Release/core.a(usb_cdcacm.c.o)
                0x08005a1c                usb_cdcacm_get_dtr
 .text.usb_cdcacm_get_baud
                0x08005a2c        0xc C:\Users\Administrator\AppData\Local\Temp\VMBuilds\STM32_LoRa_SensorV2.1.7\stm32_genericSTM32F103C\Release/core.a(usb_cdcacm.c.o)
                0x08005a2c                usb_cdcacm_get_baud
 .text.usb_set_ep_rx_count
                0x08005a38       0x40 C:\Users\Administrator\AppData\Local\Temp\VMBuilds\STM32_LoRa_SensorV2.1.7\stm32_genericSTM32F103C\Release/core.a(usb_reg_map.c.o)
                0x08005a38                usb_set_ep_rx_count
 .text.Standard_GetConfiguration
                0x08005a78       0x24 C:\Users\Administrator\AppData\Local\Temp\VMBuilds\STM32_LoRa_SensorV2.1.7\stm32_genericSTM32F103C\Release/core.a(usb_core.c.o)
                0x08005a78                Standard_GetConfiguration
 .text.Standard_GetInterface
                0x08005a9c       0x24 C:\Users\Administrator\AppData\Local\Temp\VMBuilds\STM32_LoRa_SensorV2.1.7\stm32_genericSTM32F103C\Release/core.a(usb_core.c.o)
                0x08005a9c                Standard_GetInterface
 .text.Standard_GetStatus
                0x08005ac0       0x90 C:\Users\Administrator\AppData\Local\Temp\VMBuilds\STM32_LoRa_SensorV2.1.7\stm32_genericSTM32F103C\Release/core.a(usb_core.c.o)
                0x08005ac0                Standard_GetStatus
 .text.DataStageIn
                0x08005b50       0xa8 C:\Users\Administrator\AppData\Local\Temp\VMBuilds\STM32_LoRa_SensorV2.1.7\stm32_genericSTM32F103C\Release/core.a(usb_core.c.o)
 .text.Standard_SetConfiguration
                0x08005bf8       0x38 C:\Users\Administrator\AppData\Local\Temp\VMBuilds\STM32_LoRa_SensorV2.1.7\stm32_genericSTM32F103C\Release/core.a(usb_core.c.o)
                0x08005bf8                Standard_SetConfiguration
 .text.Standard_SetInterface
                0x08005c30       0x48 C:\Users\Administrator\AppData\Local\Temp\VMBuilds\STM32_LoRa_SensorV2.1.7\stm32_genericSTM32F103C\Release/core.a(usb_core.c.o)
                0x08005c30                Standard_SetInterface
 .text.Standard_ClearFeature
                0x08005c78       0xd0 C:\Users\Administrator\AppData\Local\Temp\VMBuilds\STM32_LoRa_SensorV2.1.7\stm32_genericSTM32F103C\Release/core.a(usb_core.c.o)
                0x08005c78                Standard_ClearFeature
 .text.Standard_SetEndPointFeature
                0x08005d48       0x84 C:\Users\Administrator\AppData\Local\Temp\VMBuilds\STM32_LoRa_SensorV2.1.7\stm32_genericSTM32F103C\Release/core.a(usb_core.c.o)
                0x08005d48                Standard_SetEndPointFeature
 .text.Standard_SetDeviceFeature
                0x08005dcc       0x24 C:\Users\Administrator\AppData\Local\Temp\VMBuilds\STM32_LoRa_SensorV2.1.7\stm32_genericSTM32F103C\Release/core.a(usb_core.c.o)
                0x08005dcc                Standard_SetDeviceFeature
 .text.Standard_GetDescriptorData
                0x08005df0       0x1c C:\Users\Administrator\AppData\Local\Temp\VMBuilds\STM32_LoRa_SensorV2.1.7\stm32_genericSTM32F103C\Release/core.a(usb_core.c.o)
                0x08005df0                Standard_GetDescriptorData
 .text.Post0_Process
                0x08005e0c       0x40 C:\Users\Administrator\AppData\Local\Temp\VMBuilds\STM32_LoRa_SensorV2.1.7\stm32_genericSTM32F103C\Release/core.a(usb_core.c.o)
                0x08005e0c                Post0_Process
 .text.Setup0_Process
                0x08005e4c      0x2d0 C:\Users\Administrator\AppData\Local\Temp\VMBuilds\STM32_LoRa_SensorV2.1.7\stm32_genericSTM32F103C\Release/core.a(usb_core.c.o)
                0x08005e4c                Setup0_Process
 .text.Out0_Process
                0x0800611c       0xc8 C:\Users\Administrator\AppData\Local\Temp\VMBuilds\STM32_LoRa_SensorV2.1.7\stm32_genericSTM32F103C\Release/core.a(usb_core.c.o)
                0x0800611c                Out0_Process
 .text.SetDeviceAddress
                0x080061e4       0x38 C:\Users\Administrator\AppData\Local\Temp\VMBuilds\STM32_LoRa_SensorV2.1.7\stm32_genericSTM32F103C\Release/core.a(usb_core.c.o)
                0x080061e4                SetDeviceAddress
 .text.In0_Process
                0x0800621c       0x5c C:\Users\Administrator\AppData\Local\Temp\VMBuilds\STM32_LoRa_SensorV2.1.7\stm32_genericSTM32F103C\Release/core.a(usb_core.c.o)
                0x0800621c                In0_Process
 .text.NOP_Process
                0x08006278        0x2 C:\Users\Administrator\AppData\Local\Temp\VMBuilds\STM32_LoRa_SensorV2.1.7\stm32_genericSTM32F103C\Release/core.a(usb_core.c.o)
                0x08006278                NOP_Process
 .text.UserToPMABufferCopy
                0x0800627a       0x30 C:\Users\Administrator\AppData\Local\Temp\VMBuilds\STM32_LoRa_SensorV2.1.7\stm32_genericSTM32F103C\Release/core.a(usb_mem.c.o)
                0x0800627a                UserToPMABufferCopy
 .text.PMAToUserBufferCopy
                0x080062aa       0x24 C:\Users\Administrator\AppData\Local\Temp\VMBuilds\STM32_LoRa_SensorV2.1.7\stm32_genericSTM32F103C\Release/core.a(usb_mem.c.o)
                0x080062aa                PMAToUserBufferCopy
 .text.SetEPTxStatus
                0x080062ce       0x2a C:\Users\Administrator\AppData\Local\Temp\VMBuilds\STM32_LoRa_SensorV2.1.7\stm32_genericSTM32F103C\Release/core.a(usb_regs.c.o)
                0x080062ce                SetEPTxStatus
 .text.ClearDTOG_RX
                0x080062f8       0x20 C:\Users\Administrator\AppData\Local\Temp\VMBuilds\STM32_LoRa_SensorV2.1.7\stm32_genericSTM32F103C\Release/core.a(usb_regs.c.o)
                0x080062f8                ClearDTOG_RX
 .text.ClearDTOG_TX
                0x08006318       0x20 C:\Users\Administrator\AppData\Local\Temp\VMBuilds\STM32_LoRa_SensorV2.1.7\stm32_genericSTM32F103C\Release/core.a(usb_regs.c.o)
                0x08006318                ClearDTOG_TX
 .text.GetEPTxAddr
                0x08006338       0x1c C:\Users\Administrator\AppData\Local\Temp\VMBuilds\STM32_LoRa_SensorV2.1.7\stm32_genericSTM32F103C\Release/core.a(usb_regs.c.o)
                0x08006338                GetEPTxAddr
 .text.GetEPRxAddr
                0x08006354       0x1c C:\Users\Administrator\AppData\Local\Temp\VMBuilds\STM32_LoRa_SensorV2.1.7\stm32_genericSTM32F103C\Release/core.a(usb_regs.c.o)
                0x08006354                GetEPRxAddr
 .text.SetEPTxCount
                0x08006370       0x1c C:\Users\Administrator\AppData\Local\Temp\VMBuilds\STM32_LoRa_SensorV2.1.7\stm32_genericSTM32F103C\Release/core.a(usb_regs.c.o)
                0x08006370                SetEPTxCount
 .text.SetEPRxCount
                0x0800638c       0x40 C:\Users\Administrator\AppData\Local\Temp\VMBuilds\STM32_LoRa_SensorV2.1.7\stm32_genericSTM32F103C\Release/core.a(usb_regs.c.o)
                0x0800638c                SetEPRxCount
 .text.pow      0x080063cc      0x2f8 c:/users/administrator/appdata/local/arduino15/packages/arduino/tools/arm-none-eabi-gcc/4.8.3-2014q1/bin/../lib/gcc/arm-none-eabi/4.8.3/../../../../arm-none-eabi/lib/armv7-m\libm.a(lib_a-w_pow.o)
                0x080063cc                pow
 *fill*         0x080066c4        0x4 
 .text.__ieee754_pow
                0x080066c8      0xab8 c:/users/administrator/appdata/local/arduino15/packages/arduino/tools/arm-none-eabi-gcc/4.8.3-2014q1/bin/../lib/gcc/arm-none-eabi/4.8.3/../../../../arm-none-eabi/lib/armv7-m\libm.a(lib_a-e_pow.o)
                0x080066c8                __ieee754_pow
 .text.__ieee754_sqrt
                0x08007180      0x180 c:/users/administrator/appdata/local/arduino15/packages/arduino/tools/arm-none-eabi-gcc/4.8.3-2014q1/bin/../lib/gcc/arm-none-eabi/4.8.3/../../../../arm-none-eabi/lib/armv7-m\libm.a(lib_a-e_sqrt.o)
                0x08007180                __ieee754_sqrt
 .text.fabs     0x08007300        0x8 c:/users/administrator/appdata/local/arduino15/packages/arduino/tools/arm-none-eabi-gcc/4.8.3-2014q1/bin/../lib/gcc/arm-none-eabi/4.8.3/../../../../arm-none-eabi/lib/armv7-m\libm.a(lib_a-s_fabs.o)
                0x08007300                fabs
 .text.finite   0x08007308        0xc c:/users/administrator/appdata/local/arduino15/packages/arduino/tools/arm-none-eabi-gcc/4.8.3-2014q1/bin/../lib/gcc/arm-none-eabi/4.8.3/../../../../arm-none-eabi/lib/armv7-m\libm.a(lib_a-s_finite.o)
                0x08007308                finite
 .text.__fpclassifyd
                0x08007314       0x50 c:/users/administrator/appdata/local/arduino15/packages/arduino/tools/arm-none-eabi-gcc/4.8.3-2014q1/bin/../lib/gcc/arm-none-eabi/4.8.3/../../../../arm-none-eabi/lib/armv7-m\libm.a(lib_a-s_fpclassify.o)
                0x08007314                __fpclassifyd
 .text.matherr  0x08007364        0x4 c:/users/administrator/appdata/local/arduino15/packages/arduino/tools/arm-none-eabi-gcc/4.8.3-2014q1/bin/../lib/gcc/arm-none-eabi/4.8.3/../../../../arm-none-eabi/lib/armv7-m\libm.a(lib_a-s_matherr.o)
                0x08007364                matherr
 .text.nan      0x08007368        0xc c:/users/administrator/appdata/local/arduino15/packages/arduino/tools/arm-none-eabi-gcc/4.8.3-2014q1/bin/../lib/gcc/arm-none-eabi/4.8.3/../../../../arm-none-eabi/lib/armv7-m\libm.a(lib_a-s_nan.o)
                0x08007368                nan
 .text.rint     0x08007374      0x118 c:/users/administrator/appdata/local/arduino15/packages/arduino/tools/arm-none-eabi-gcc/4.8.3-2014q1/bin/../lib/gcc/arm-none-eabi/4.8.3/../../../../arm-none-eabi/lib/armv7-m\libm.a(lib_a-s_rint.o)
                0x08007374                rint
 *fill*         0x0800748c        0x4 
 .text.scalbn   0x08007490      0x100 c:/users/administrator/appdata/local/arduino15/packages/arduino/tools/arm-none-eabi-gcc/4.8.3-2014q1/bin/../lib/gcc/arm-none-eabi/4.8.3/../../../../arm-none-eabi/lib/armv7-m\libm.a(lib_a-s_scalbn.o)
                0x08007490                scalbn
 .text.copysign
                0x08007590       0x14 c:/users/administrator/appdata/local/arduino15/packages/arduino/tools/arm-none-eabi-gcc/4.8.3-2014q1/bin/../lib/gcc/arm-none-eabi/4.8.3/../../../../arm-none-eabi/lib/armv7-m\libm.a(lib_a-s_copysign.o)
                0x08007590                copysign
 .text          0x080075a4      0x370 c:/users/administrator/appdata/local/arduino15/packages/arduino/tools/arm-none-eabi-gcc/4.8.3-2014q1/bin/../lib/gcc/arm-none-eabi/4.8.3/armv7-m\libgcc.a(_arm_addsubdf3.o)
                0x080075a4                __aeabi_drsub
                0x080075ac                __aeabi_dsub
                0x080075ac                __subdf3
                0x080075b0                __aeabi_dadd
                0x080075b0                __adddf3
                0x08007828                __floatunsidf
                0x08007828                __aeabi_ui2d
                0x08007848                __floatsidf
                0x08007848                __aeabi_i2d
                0x0800786c                __aeabi_f2d
                0x0800786c                __extendsfdf2
                0x080078a8                __floatundidf
                0x080078a8                __aeabi_ul2d
                0x080078b8                __floatdidf
                0x080078b8                __aeabi_l2d
 .text          0x08007914      0x424 c:/users/administrator/appdata/local/arduino15/packages/arduino/tools/arm-none-eabi-gcc/4.8.3-2014q1/bin/../lib/gcc/arm-none-eabi/4.8.3/armv7-m\libgcc.a(_arm_muldivdf3.o)
                0x08007914                __aeabi_dmul
                0x08007914                __muldf3
                0x08007b68                __divdf3
                0x08007b68                __aeabi_ddiv
 .text          0x08007d38      0x110 c:/users/administrator/appdata/local/arduino15/packages/arduino/tools/arm-none-eabi-gcc/4.8.3-2014q1/bin/../lib/gcc/arm-none-eabi/4.8.3/armv7-m\libgcc.a(_arm_cmpdf2.o)
                0x08007d38                __gtdf2
                0x08007d38                __gedf2
                0x08007d40                __ltdf2
                0x08007d40                __ledf2
                0x08007d48                __nedf2
                0x08007d48                __eqdf2
                0x08007d48                __cmpdf2
                0x08007dc4                __aeabi_cdrcmple
                0x08007dd4                __aeabi_cdcmpeq
                0x08007dd4                __aeabi_cdcmple
                0x08007de4                __aeabi_dcmpeq
                0x08007df8                __aeabi_dcmplt
                0x08007e0c                __aeabi_dcmple
                0x08007e20                __aeabi_dcmpge
                0x08007e34                __aeabi_dcmpgt
 .text          0x08007e48       0x50 c:/users/administrator/appdata/local/arduino15/packages/arduino/tools/arm-none-eabi-gcc/4.8.3-2014q1/bin/../lib/gcc/arm-none-eabi/4.8.3/armv7-m\libgcc.a(_arm_fixdfsi.o)
                0x08007e48                __aeabi_d2iz
                0x08007e48                __fixdfsi
 .text          0x08007e98       0x40 c:/users/administrator/appdata/local/arduino15/packages/arduino/tools/arm-none-eabi-gcc/4.8.3-2014q1/bin/../lib/gcc/arm-none-eabi/4.8.3/armv7-m\libgcc.a(_arm_fixunsdfsi.o)
                0x08007e98                __aeabi_d2uiz
                0x08007e98                __fixunsdfsi
 .text          0x08007ed8       0xa0 c:/users/administrator/appdata/local/arduino15/packages/arduino/tools/arm-none-eabi-gcc/4.8.3-2014q1/bin/../lib/gcc/arm-none-eabi/4.8.3/armv7-m\libgcc.a(_arm_truncdfsf2.o)
                0x08007ed8                __truncdfsf2
                0x08007ed8                __aeabi_d2f
 .text          0x08007f78      0x21c c:/users/administrator/appdata/local/arduino15/packages/arduino/tools/arm-none-eabi-gcc/4.8.3-2014q1/bin/../lib/gcc/arm-none-eabi/4.8.3/armv7-m\libgcc.a(_arm_addsubsf3.o)
                0x08007f78                __aeabi_frsub
                0x08007f80                __subsf3
                0x08007f80                __aeabi_fsub
                0x08007f84                __aeabi_fadd
                0x08007f84                __addsf3
                0x080080e4                __aeabi_ui2f
                0x080080e4                __floatunsisf
                0x080080ec                __aeabi_i2f
                0x080080ec                __floatsisf
                0x08008108                __aeabi_ul2f
                0x08008108                __floatundisf
                0x08008118                __aeabi_l2f
                0x08008118                __floatdisf
 .text          0x08008194      0x2a0 c:/users/administrator/appdata/local/arduino15/packages/arduino/tools/arm-none-eabi-gcc/4.8.3-2014q1/bin/../lib/gcc/arm-none-eabi/4.8.3/armv7-m\libgcc.a(_arm_muldivsf3.o)
                0x08008194                __mulsf3
                0x08008194                __aeabi_fmul
                0x080082fc                __aeabi_fdiv
                0x080082fc                __divsf3
 .text          0x08008434       0xec c:/users/administrator/appdata/local/arduino15/packages/arduino/tools/arm-none-eabi-gcc/4.8.3-2014q1/bin/../lib/gcc/arm-none-eabi/4.8.3/armv7-m\libgcc.a(_arm_cmpsf2.o)
                0x08008434                __gesf2
                0x08008434                __gtsf2
                0x0800843c                __lesf2
                0x0800843c                __ltsf2
                0x08008444                __nesf2
                0x08008444                __eqsf2
                0x08008444                __cmpsf2
                0x080084a4                __aeabi_cfrcmple
                0x080084ac                __aeabi_cfcmpeq
                0x080084ac                __aeabi_cfcmple
                0x080084bc                __aeabi_fcmpeq
                0x080084d0                __aeabi_fcmplt
                0x080084e4                __aeabi_fcmple
                0x080084f8                __aeabi_fcmpge
                0x0800850c                __aeabi_fcmpgt
 .text          0x08008520       0x4c c:/users/administrator/appdata/local/arduino15/packages/arduino/tools/arm-none-eabi-gcc/4.8.3-2014q1/bin/../lib/gcc/arm-none-eabi/4.8.3/armv7-m\libgcc.a(_arm_fixsfsi.o)
                0x08008520                __aeabi_f2iz
                0x08008520                __fixsfsi
 .text          0x0800856c       0x2c c:/users/administrator/appdata/local/arduino15/packages/arduino/tools/arm-none-eabi-gcc/4.8.3-2014q1/bin/../lib/gcc/arm-none-eabi/4.8.3/armv7-m\libgcc.a(_aeabi_uldivmod.o)
                0x0800856c                __aeabi_uldivmod
 .text          0x08008598       0x30 c:/users/administrator/appdata/local/arduino15/packages/arduino/tools/arm-none-eabi-gcc/4.8.3-2014q1/bin/../lib/gcc/arm-none-eabi/4.8.3/armv7-m\libgcc.a(_fixdfdi.o)
                0x08008598                __fixdfdi
                0x08008598                __aeabi_d2lz
 .text          0x080085c8       0x44 c:/users/administrator/appdata/local/arduino15/packages/arduino/tools/arm-none-eabi-gcc/4.8.3-2014q1/bin/../lib/gcc/arm-none-eabi/4.8.3/armv7-m\libgcc.a(_fixunsdfdi.o)
                0x080085c8                __fixunsdfdi
                0x080085c8                __aeabi_d2ulz
 .text          0x0800860c       0x60 c:/users/administrator/appdata/local/arduino15/packages/arduino/tools/arm-none-eabi-gcc/4.8.3-2014q1/bin/../lib/gcc/arm-none-eabi/4.8.3/armv7-m\libgcc.a(bpabi.o)
                0x0800860c                __gnu_ldivmod_helper
                0x0800863c                __gnu_uldivmod_helper
 .text          0x0800866c        0x4 c:/users/administrator/appdata/local/arduino15/packages/arduino/tools/arm-none-eabi-gcc/4.8.3-2014q1/bin/../lib/gcc/arm-none-eabi/4.8.3/armv7-m\libgcc.a(_dvmd_tls.o)
                0x0800866c                __aeabi_idiv0
                0x0800866c                __aeabi_ldiv0
 .text          0x08008670      0x2a0 c:/users/administrator/appdata/local/arduino15/packages/arduino/tools/arm-none-eabi-gcc/4.8.3-2014q1/bin/../lib/gcc/arm-none-eabi/4.8.3/armv7-m\libgcc.a(_divdi3.o)
                0x08008670                __divdi3
 .text          0x08008910      0x290 c:/users/administrator/appdata/local/arduino15/packages/arduino/tools/arm-none-eabi-gcc/4.8.3-2014q1/bin/../lib/gcc/arm-none-eabi/4.8.3/armv7-m\libgcc.a(_udivdi3.o)
                0x08008910                __udivdi3
 .text.__errno  0x08008ba0        0xc c:/users/administrator/appdata/local/arduino15/packages/arduino/tools/arm-none-eabi-gcc/4.8.3-2014q1/bin/../lib/gcc/arm-none-eabi/4.8.3/../../../../arm-none-eabi/lib/armv7-m\libc.a(lib_a-errno.o)
                0x08008ba0                __errno
 .text.exit     0x08008bac       0x20 c:/users/administrator/appdata/local/arduino15/packages/arduino/tools/arm-none-eabi-gcc/4.8.3-2014q1/bin/../lib/gcc/arm-none-eabi/4.8.3/../../../../arm-none-eabi/lib/armv7-m\libc.a(lib_a-exit.o)
                0x08008bac                exit