Archive member included because of file (symbol)

C:\Users\Administrator\AppData\Local\Temp\VMBuilds\ATM32_LoRa_Sensor_For_RainV1.3\stm32_genericSTM32F103C\Release/core.a(exc.S.o)
                              (__exc_hardfault)
C:\Users\Administrator\AppData\Local\Temp\VMBuilds\ATM32_LoRa_Sensor_For_RainV1.3\stm32_genericSTM32F103C\Release/core.a(isrs.S.o)
                              (__stm32reservedexception7)
C:\Users\Administrator\AppData\Local\Temp\VMBuilds\ATM32_LoRa_Sensor_For_RainV1.3\stm32_genericSTM32F103C\Release/core.a(vector_table.S.o)
                              (__stm32_vector_table)
C:\Users\Administrator\AppData\Local\Temp\VMBuilds\ATM32_LoRa_Sensor_For_RainV1.3\stm32_genericSTM32F103C\Release/core.a(adc.c.o)
                              C:\Users\Administrator\AppData\Local\Temp\VMBCore\arduino16x\3c66a55e0122d96a6ed3ec018219d544\variant\boards.cpp.o (adc_set_sample_rate)
C:\Users\Administrator\AppData\Local\Temp\VMBuilds\ATM32_LoRa_Sensor_For_RainV1.3\stm32_genericSTM32F103C\Release/core.a(adc_f1.c.o)
                              C:\Users\Administrator\AppData\Local\Temp\VMBCore\arduino16x\3c66a55e0122d96a6ed3ec018219d544\variant\boards.cpp.o (adc_set_prescaler)
C:\Users\Administrator\AppData\Local\Temp\VMBuilds\ATM32_LoRa_Sensor_For_RainV1.3\stm32_genericSTM32F103C\Release/core.a(bkp_f1.c.o)
                              ATM32_LoRa_Sensor_For_RainV1.3.cpp.o (bkp_init)
C:\Users\Administrator\AppData\Local\Temp\VMBuilds\ATM32_LoRa_Sensor_For_RainV1.3\stm32_genericSTM32F103C\Release/core.a(flash.c.o)
                              C:\Users\Administrator\AppData\Local\Temp\VMBCore\arduino16x\3c66a55e0122d96a6ed3ec018219d544\variant\boards.cpp.o (flash_set_latency)
C:\Users\Administrator\AppData\Local\Temp\VMBuilds\ATM32_LoRa_Sensor_For_RainV1.3\stm32_genericSTM32F103C\Release/core.a(gpio_f1.c.o)
                              C:\Users\Administrator\AppData\Local\Temp\VMBCore\arduino16x\3c66a55e0122d96a6ed3ec018219d544\variant\boards_setup.cpp.o (gpio_init_all)
C:\Users\Administrator\AppData\Local\Temp\VMBuilds\ATM32_LoRa_Sensor_For_RainV1.3\stm32_genericSTM32F103C\Release/core.a(iwdg.c.o)
                              ATM32_LoRa_Sensor_For_RainV1.3.cpp.o (iwdg_init)
C:\Users\Administrator\AppData\Local\Temp\VMBuilds\ATM32_LoRa_Sensor_For_RainV1.3\stm32_genericSTM32F103C\Release/core.a(nvic.c.o)
                              C:\Users\Administrator\AppData\Local\Temp\VMBCore\arduino16x\3c66a55e0122d96a6ed3ec018219d544\variant\boards.cpp.o (nvic_init)
C:\Users\Administrator\AppData\Local\Temp\VMBuilds\ATM32_LoRa_Sensor_For_RainV1.3\stm32_genericSTM32F103C\Release/core.a(pwr.c.o)
                              ATM32_LoRa_Sensor_For_RainV1.3.cpp.o (PWR_WakeUpPinCmd)
C:\Users\Administrator\AppData\Local\Temp\VMBuilds\ATM32_LoRa_Sensor_For_RainV1.3\stm32_genericSTM32F103C\Release/core.a(rcc.c.o)
                              C:\Users\Administrator\AppData\Local\Temp\VMBCore\arduino16x\3c66a55e0122d96a6ed3ec018219d544\variant\boards.cpp.o (rcc_switch_sysclk)
C:\Users\Administrator\AppData\Local\Temp\VMBuilds\ATM32_LoRa_Sensor_For_RainV1.3\stm32_genericSTM32F103C\Release/core.a(rcc_f1.c.o)
                              C:\Users\Administrator\AppData\Local\Temp\VMBCore\arduino16x\3c66a55e0122d96a6ed3ec018219d544\variant\boards.cpp.o (rcc_configure_pll)
C:\Users\Administrator\AppData\Local\Temp\VMBuilds\ATM32_LoRa_Sensor_For_RainV1.3\stm32_genericSTM32F103C\Release/core.a(systick.c.o)
                              C:\Users\Administrator\AppData\Local\Temp\VMBCore\arduino16x\3c66a55e0122d96a6ed3ec018219d544\variant\boards.cpp.o (systick_init)
C:\Users\Administrator\AppData\Local\Temp\VMBuilds\ATM32_LoRa_Sensor_For_RainV1.3\stm32_genericSTM32F103C\Release/core.a(timer.c.o)
                              C:\Users\Administrator\AppData\Local\Temp\VMBCore\arduino16x\3c66a55e0122d96a6ed3ec018219d544\variant\boards.cpp.o (timer_foreach)
C:\Users\Administrator\AppData\Local\Temp\VMBuilds\ATM32_LoRa_Sensor_For_RainV1.3\stm32_genericSTM32F103C\Release/core.a(usart_f1.c.o)
                              C:\Users\Administrator\AppData\Local\Temp\VMBCore\arduino16x\3c66a55e0122d96a6ed3ec018219d544\variant\board.cpp.o (USART3)
C:\Users\Administrator\AppData\Local\Temp\VMBuilds\ATM32_LoRa_Sensor_For_RainV1.3\stm32_genericSTM32F103C\Release/core.a(usart_private.c.o)
                              C:\Users\Administrator\AppData\Local\Temp\VMBuilds\ATM32_LoRa_Sensor_For_RainV1.3\stm32_genericSTM32F103C\Release/core.a(usart_f1.c.o) (_usart_clock_freq)
C:\Users\Administrator\AppData\Local\Temp\VMBuilds\ATM32_LoRa_Sensor_For_RainV1.3\stm32_genericSTM32F103C\Release/core.a(util.c.o)
                              C:\Users\Administrator\AppData\Local\Temp\VMBuilds\ATM32_LoRa_Sensor_For_RainV1.3\stm32_genericSTM32F103C\Release/core.a(exc.S.o) (__error)
C:\Users\Administrator\AppData\Local\Temp\VMBuilds\ATM32_LoRa_Sensor_For_RainV1.3\stm32_genericSTM32F103C\Release/core.a(HardwareSerial.cpp.o)
[...]
Memory Configuration

Name             Origin             Length             Attributes
ram              0x20000000         0x00005000         xrw
rom              0x08000000         0x00010000         xr
*default*        0x00000000         0xffffffff

Linker script and memory map

LOAD c:/users/administrator/appdata/local/arduino15/packages/arduino/tools/arm-none-eabi-gcc/4.8.3-2014q1/bin/../lib/gcc/arm-none-eabi/4.8.3/armv7-m/crti.o
LOAD c:/users/administrator/appdata/local/arduino15/packages/arduino/tools/arm-none-eabi-gcc/4.8.3-2014q1/bin/../lib/gcc/arm-none-eabi/4.8.3/armv7-m/crtbegin.o
LOAD c:/users/administrator/appdata/local/arduino15/packages/arduino/tools/arm-none-eabi-gcc/4.8.3-2014q1/bin/../lib/gcc/arm-none-eabi/4.8.3/../../../../arm-none-eabi/lib/armv7-m/crt0.o
LOAD c:/users/administrator/appdata/local/arduino15/packages/arduino/tools/arm-none-eabi-gcc/4.8.3-2014q1/bin/../lib/gcc/arm-none-eabi/4.8.3/armv7-m\libgcc.a
START GROUP
LOAD ATM32_LoRa_Sensor_For_RainV1.3.cpp.o
LOAD User_Clock.c.o
LOAD AT24CXX.cpp.o
LOAD BCD_CON.cpp.o
LOAD Command_Analysis.cpp.o
LOAD fun_periph.cpp.o
LOAD LoRa.cpp.o
LOAD Memory.cpp.o
LOAD private_i2c.cpp.o
LOAD Private_RTC.cpp.o
LOAD private_sensor.cpp.o
LOAD public.cpp.o
LOAD receipt.cpp.o
LOAD SHT1x.cpp.o
LOAD SoftwareI2C.cpp.o
LOAD User_CRC8.cpp.o
LOAD RTClock\RTClock.cpp.o
LOAD RTClock\utility\rtc_util.c.o
LOAD C:\Users\Administrator\AppData\Local\Temp\VMBCore\arduino16x\3c66a55e0122d96a6ed3ec018219d544\variant\board.cpp.o
LOAD C:\Users\Administrator\AppData\Local\Temp\VMBCore\arduino16x\3c66a55e0122d96a6ed3ec018219d544\variant\boards.cpp.o
LOAD C:\Users\Administrator\AppData\Local\Temp\VMBCore\arduino16x\3c66a55e0122d96a6ed3ec018219d544\variant\boards_setup.cpp.o
LOAD C:\Users\Administrator\AppData\Local\Temp\VMBCore\arduino16x\3c66a55e0122d96a6ed3ec018219d544\variant\start.S.o
LOAD C:\Users\Administrator\AppData\Local\Temp\VMBCore\arduino16x\3c66a55e0122d96a6ed3ec018219d544\variant\start_c.c.o
LOAD C:\Users\Administrator\AppData\Local\Temp\VMBCore\arduino16x\3c66a55e0122d96a6ed3ec018219d544\variant\syscalls.c.o
LOAD C:\Users\Administrator\AppData\Local\Temp\VMBuilds\ATM32_LoRa_Sensor_For_RainV1.3\stm32_genericSTM32F103C\Release/core.a
END GROUP
LOAD c:/users/administrator/appdata/local/arduino15/packages/arduino/tools/arm-none-eabi-gcc/4.8.3-2014q1/bin/../lib/gcc/arm-none-eabi/4.8.3/../../../../arm-none-eabi/lib/armv7-m\libstdc++.a
LOAD c:/users/administrator/appdata/local/arduino15/packages/arduino/tools/arm-none-eabi-gcc/4.8.3-2014q1/bin/../lib/gcc/arm-none-eabi/4.8.3/../../../../arm-none-eabi/lib/armv7-m\libm.a
START GROUP
LOAD c:/users/administrator/appdata/local/arduino15/packages/arduino/tools/arm-none-eabi-gcc/4.8.3-2014q1/bin/../lib/gcc/arm-none-eabi/4.8.3/armv7-m\libgcc.a
LOAD c:/users/administrator/appdata/local/arduino15/packages/arduino/tools/arm-none-eabi-gcc/4.8.3-2014q1/bin/../lib/gcc/arm-none-eabi/4.8.3/../../../../arm-none-eabi/lib/armv7-m\libc.a
END GROUP
LOAD c:/users/administrator/appdata/local/arduino15/packages/arduino/tools/arm-none-eabi-gcc/4.8.3-2014q1/bin/../lib/gcc/arm-none-eabi/4.8.3/armv7-m/crtend.o
LOAD c:/users/administrator/appdata/local/arduino15/packages/arduino/tools/arm-none-eabi-gcc/4.8.3-2014q1/bin/../lib/gcc/arm-none-eabi/4.8.3/armv7-m/crtn.o
START GROUP
LOAD c:/users/administrator/appdata/local/arduino15/packages/arduino/tools/arm-none-eabi-gcc/4.8.3-2014q1/bin/../lib/gcc/arm-none-eabi/4.8.3/armv7-m\libgcc.a
LOAD c:/users/administrator/appdata/local/arduino15/packages/arduino/tools/arm-none-eabi-gcc/4.8.3-2014q1/bin/../lib/gcc/arm-none-eabi/4.8.3/../../../../arm-none-eabi/lib/armv7-m\libc.a
LOAD c:/users/administrator/appdata/local/arduino15/packages/arduino/tools/arm-none-eabi-gcc/4.8.3-2014q1/bin/../lib/gcc/arm-none-eabi/4.8.3/../../../../arm-none-eabi/lib/armv7-m\libm.a
END GROUP
START GROUP
LOAD c:/users/administrator/appdata/local/arduino15/packages/arduino/tools/arm-none-eabi-gcc/4.8.3-2014q1/bin/../lib/gcc/arm-none-eabi/4.8.3/../../../../arm-none-eabi/lib/armv7-m\libnosys.a
END GROUP
                0x20005000                PROVIDE (__msp_init, (ORIGIN (ram) + 0x5000))
                0x08002e48                PROVIDE (__exc_reset, __start__)

.text           0x08000000     0x6f00
                0x08000000                __text_start__ = .
 *(.stm32.interrupt_vector)
 .stm32.interrupt_vector
                0x08000000       0xec C:\Users\Administrator\AppData\Local\Temp\VMBuilds\ATM32_LoRa_Sensor_For_RainV1.3\stm32_genericSTM32F103C\Release/core.a(vector_table.S.o)
                0x08000000                __stm32_vector_table
 *(.text .text.* .gnu.linkonce.t.*)
 .text          0x080000ec       0x54 c:/users/administrator/appdata/local/arduino15/packages/arduino/tools/arm-none-eabi-gcc/4.8.3-2014q1/bin/../lib/gcc/arm-none-eabi/4.8.3/armv7-m/crtbegin.o
 .text._Z16Timer2_Interruptv
                0x08000140       0x38 ATM32_LoRa_Sensor_For_RainV1.3.cpp.o
                0x08000140                Timer2_Interrupt()
 .text._Z4loopv
                0x08000178       0x30 ATM32_LoRa_Sensor_For_RainV1.3.cpp.o
                0x08000178                loop()
 .text._Z22Request_Access_Networkv
                0x080001a8      0x110 ATM32_LoRa_Sensor_For_RainV1.3.cpp.o
                0x080001a8                Request_Access_Network()
 .text._Z24Key_Reset_LoRa_Parameterv
                0x080002b8       0x7c ATM32_LoRa_Sensor_For_RainV1.3.cpp.o
                0x080002b8                Key_Reset_LoRa_Parameter()
 .text._Z10Timer_Initv
                0x08000334       0x44 ATM32_LoRa_Sensor_For_RainV1.3.cpp.o
                0x08000334                Timer_Init()
 .text._Z5setupv
                0x08000378      0x16c ATM32_LoRa_Sensor_For_RainV1.3.cpp.o
                0x08000378                setup()
 .text.monthLength
                0x080004e4       0x20 User_Clock.c.o
 .text.osal_ConvertUTCTime
                0x08000504      0x118 User_Clock.c.o
                0x08000504                osal_ConvertUTCTime
 .text.osal_ConvertUTCSecs
                0x0800061c       0xbc User_Clock.c.o
                0x0800061c                osal_ConvertUTCSecs
 .text._ZN7AT24Cxx8I2C_InitEv
                0x080006d8        0x4 AT24CXX.cpp.o
                0x080006d8                AT24Cxx::I2C_Init()
 .text._ZN7AT24Cxx19AT24CXX_ReadOneByteEj
                0x080006dc       0x5c AT24CXX.cpp.o
                0x080006dc                AT24Cxx::AT24CXX_ReadOneByte(unsigned int)
 .text._ZN7AT24Cxx20AT24CXX_WriteOneByteEjh
                0x08000738       0x4e AT24CXX.cpp.o
                0x08000738                AT24Cxx::AT24CXX_WriteOneByte(unsigned int, unsigned char)
 *fill*         0x08000786        0x2 
 .text._ZN16Command_Analysis16FrameID_AnalysisEv
                0x08000788       0x58 Command_Analysis.cpp.o
                0x08000788                Command_Analysis::FrameID_Analysis()
 .text._ZN16Command_Analysis11Verify_CRC8Ehh
                0x080007e0       0x2c Command_Analysis.cpp.o
                0x080007e0                Command_Analysis::Verify_CRC8(unsigned char, unsigned char)
 .text._ZN16Command_Analysis21Verify_Device_Type_IDEv
                0x0800080c       0x1c Command_Analysis.cpp.o
                0x0800080c                Command_Analysis::Verify_Device_Type_ID()
 .text._ZN16Command_Analysis20Verify_Mass_CommandsEv
                0x08000828       0x1c Command_Analysis.cpp.o
                0x08000828                Command_Analysis::Verify_Mass_Commands()
 .text._ZN16Command_Analysis18Verify_Area_NumberEv
                0x08000844       0x30 Command_Analysis.cpp.o
                0x08000844                Command_Analysis::Verify_Area_Number()
 .text._ZN16Command_Analysis17Verify_Work_GroupEv
                0x08000874       0x44 Command_Analysis.cpp.o
                0x08000874                Command_Analysis::Verify_Work_Group()
 .text._ZN16Command_Analysis21Verify_Frame_ValidityEhhbb
                0x080008b8       0x80 Command_Analysis.cpp.o
                0x080008b8                Command_Analysis::Verify_Frame_Validity(unsigned char, unsigned char, bool, bool)
 .text._ZN16Command_Analysis23Query_Current_Work_ParaEv
                0x08000938       0xd4 Command_Analysis.cpp.o
                0x08000938                Command_Analysis::Query_Current_Work_Para()
 .text._ZN16Command_Analysis16Set_Group_NumberEv
                0x08000a0c       0xa8 Command_Analysis.cpp.o
                0x08000a0c                Command_Analysis::Set_Group_Number()
 .text._ZN16Command_Analysis19Set_SN_Area_ChannelEv
                0x08000ab4       0xf0 Command_Analysis.cpp.o
                0x08000ab4                Command_Analysis::Set_SN_Area_Channel()
 .text._ZN16Command_Analysis20Detailed_Work_StatusEv
                0x08000ba4       0x4c Command_Analysis.cpp.o
                0x08000ba4                Command_Analysis::Detailed_Work_Status()
 .text._ZN16Command_Analysis21Receive_Data_AnalysisEv
                0x08000bf0       0x44 Command_Analysis.cpp.o
                0x08000bf0                Command_Analysis::Receive_Data_Analysis()
 .text._ZN16Command_Analysis16Receive_LoRa_CmdEv
                0x08000c34      0x12c Command_Analysis.cpp.o
                0x08000c34                Command_Analysis::Receive_LoRa_Cmd()
 .text._Z13LED_Interruptv
                0x08000d60       0x60 fun_periph.cpp.o
                0x08000d60                LED_Interrupt()
 .text._ZN16Some_Peripherals22Peripheral_GPIO_ConfigEv
                0x08000dc0       0x54 fun_periph.cpp.o
                0x08000dc0                Some_Peripherals::Peripheral_GPIO_Config()
 .text._ZN16Some_Peripherals11LED_DisplayE3LEDh
                0x08000e14       0x54 fun_periph.cpp.o
                0x08000e14                Some_Peripherals::LED_Display(LED, unsigned char)
 .text._ZN16Some_Peripherals8Stop_LEDEv
                0x08000e68       0x20 fun_periph.cpp.o
                0x08000e68                Some_Peripherals::Stop_LED()
 .text._ZN16Some_Peripherals9Start_LEDEv
                0x08000e88        0xc fun_periph.cpp.o
                0x08000e88                Some_Peripherals::Start_LED()
 .text._ZN4LoRa16LoRa_GPIO_ConfigEv
                0x08000e94       0x44 LoRa.cpp.o
                0x08000e94                LoRa::LoRa_GPIO_Config()
 .text._ZN4LoRa8BaudRateEj
                0x08000ed8        0xc LoRa.cpp.o
                0x08000ed8                LoRa::BaudRate(unsigned int)
 .text._ZN4LoRa4ModeE9LoRa_Mode
                0x08000ee4       0x1c LoRa.cpp.o
                0x08000ee4                LoRa::Mode(LoRa_Mode)
 .text._ZN4LoRa7IsResetEb
                0x08000f00       0x20 LoRa.cpp.o
                0x08000f00                LoRa::IsReset(bool)
 .text._ZN4LoRa20Detect_Error_ReceiptEPhS0_
                0x08000f20       0x38 LoRa.cpp.o
                0x08000f20                LoRa::Detect_Error_Receipt(unsigned char*, unsigned char*)
 .text._ZN4LoRa17Detect_OK_ReceiptEPhS0_
                0x08000f58       0x1a LoRa.cpp.o
                0x08000f58                LoRa::Detect_OK_Receipt(unsigned char*, unsigned char*)
 .text._ZN4LoRa7Get_CSQEPhhS0_
                0x08000f72       0x2a LoRa.cpp.o
                0x08000f72                LoRa::Get_CSQ(unsigned char*, unsigned char, unsigned char*)
 .text._ZN4LoRa13String_to_HexEPhh
                0x08000f9c       0x44 LoRa.cpp.o
                0x08000f9c                LoRa::String_to_Hex(unsigned char*, unsigned char)
 .text._ZN4LoRa9Get_BytesEPhhS0_
                0x08000fe0       0x70 LoRa.cpp.o
                0x08000fe0                LoRa::Get_Bytes(unsigned char*, unsigned char, unsigned char*)
 .text._ZN4LoRa13Parse_CommandEPhhS0_PS0_
                0x08001050       0x6a LoRa.cpp.o
                0x08001050                LoRa::Parse_Command(unsigned char*, unsigned char, unsigned char*, unsigned char**)
 *fill*         0x080010ba        0x2 
 .text._ZN4LoRa12AT_Query_CmdEPcPhS1_
                0x080010bc       0xdc LoRa.cpp.o
                0x080010bc                LoRa::AT_Query_Cmd(char*, unsigned char*, unsigned char*)
 .text._ZN4LoRa13AT_Config_CmdEPcS0_Ph
                0x08001198      0x124 LoRa.cpp.o
                0x08001198                LoRa::AT_Config_Cmd(char*, char*, unsigned char*)
 .text._ZN4LoRa7LoRa_ATEPhbPcS1_
                0x080012bc       0xb4 LoRa.cpp.o
                0x080012bc                LoRa::LoRa_AT(unsigned char*, bool, char*, char*)
 .text._ZN4LoRa10Rewrite_IDEv
                0x08001370       0xb0 LoRa.cpp.o
                0x08001370                LoRa::Rewrite_ID()
 .text._ZN4LoRa15Rewrite_GroupIDEv
                0x08001420       0xac LoRa.cpp.o
                0x08001420                LoRa::Rewrite_GroupID()
 .text._ZN4LoRa14Parameter_InitEv
                0x080014cc      0x174 LoRa.cpp.o
                0x080014cc                LoRa::Parameter_Init()
 .text._ZN17EEPROM_Operations18EEPROM_GPIO_ConfigEv
                0x08001640       0x1e Memory.cpp.o
                0x08001640                EEPROM_Operations::EEPROM_GPIO_Config()
 .text._ZN17EEPROM_Operations20EEPROM_Write_DisableEv
                0x0800165e       0x14 Memory.cpp.o
                0x0800165e                EEPROM_Operations::EEPROM_Write_Disable()
 .text._ZN17EEPROM_Operations19EEPROM_Write_EnableEv
                0x08001672       0x14 Memory.cpp.o
                0x08001672                EEPROM_Operations::EEPROM_Write_Enable()
 .text._ZN13SN_Operations12Save_SN_CodeEPh
                0x08001686       0x76 Memory.cpp.o
                0x08001686                SN_Operations::Save_SN_Code(unsigned char*)
 .text._ZN13SN_Operations16Save_BKP_SN_CodeEPh
                0x080016fc       0x76 Memory.cpp.o
                0x080016fc                SN_Operations::Save_BKP_SN_Code(unsigned char*)
 .text._ZN13SN_Operations12Read_SN_CodeEPh
                0x08001772       0x58 Memory.cpp.o
                0x08001772                SN_Operations::Read_SN_Code(unsigned char*)
 .text._ZN13SN_Operations16Read_BKP_SN_CodeEPh
                0x080017ca       0x58 Memory.cpp.o
                0x080017ca                SN_Operations::Read_BKP_SN_Code(unsigned char*)
 .text._ZN13SN_Operations16Read_Random_SeedEPh
                0x08001822       0x2a Memory.cpp.o
                0x08001822                SN_Operations::Read_Random_Seed(unsigned char*)
 .text._ZN13SN_Operations18Clear_SN_Save_FlagEv
                0x0800184c       0x2a Memory.cpp.o
                0x0800184c                SN_Operations::Clear_SN_Save_Flag()
 .text._ZN13SN_Operations22Clear_BKP_SN_Save_FlagEv
                0x08001876       0x2a Memory.cpp.o
                0x08001876                SN_Operations::Clear_BKP_SN_Save_Flag()
 .text._ZN13SN_Operations26Set_SN_Access_Network_FlagEv
                0x080018a0       0x2a Memory.cpp.o
                0x080018a0                SN_Operations::Set_SN_Access_Network_Flag()
 .text._ZN13SN_Operations28Clear_SN_Access_Network_FlagEv
                0x080018ca       0x4c Memory.cpp.o
                0x080018ca                SN_Operations::Clear_SN_Access_Network_Flag()
 .text._ZN13SN_Operations29Verify_SN_Access_Network_FlagEv
                0x08001916       0x12 Memory.cpp.o
                0x08001916                SN_Operations::Verify_SN_Access_Network_Flag()
 .text._ZN13SN_Operations10Self_CheckEPh
                0x08001928       0xb0 Memory.cpp.o
                0x08001928                SN_Operations::Self_Check(unsigned char*)
 .text._ZN11LoRa_Config21Save_LoRa_Config_FlagEv
                0x080019d8       0x1c Memory.cpp.o
                0x080019d8                LoRa_Config::Save_LoRa_Config_Flag()
 .text._ZN11LoRa_Config23Verify_LoRa_Config_FlagEv
                0x080019f4       0x12 Memory.cpp.o
                0x080019f4                LoRa_Config::Verify_LoRa_Config_Flag()
 .text._ZN11LoRa_Config22Clear_LoRa_Config_FlagEv
                0x08001a06       0x1c Memory.cpp.o
                0x08001a06                LoRa_Config::Clear_LoRa_Config_Flag()
 .text._ZN19Control_Information17Save_Group_NumberEPh
                0x08001a22       0x76 Memory.cpp.o
                0x08001a22                Control_Information::Save_Group_Number(unsigned char*)
 .text._ZN19Control_Information17Read_Group_NumberEPh
                0x08001a98       0x1e Memory.cpp.o
                0x08001a98                Control_Information::Read_Group_Number(unsigned char*)
 .text._ZN19Control_Information18Clear_Group_NumberEv
                0x08001ab6       0x42 Memory.cpp.o
                0x08001ab6                Control_Information::Clear_Group_Number()
 .text._ZN19Control_Information16Save_Area_NumberEh
                0x08001af8       0x5a Memory.cpp.o
                0x08001af8                Control_Information::Save_Area_Number(unsigned char)
 .text._ZN19Control_Information16Read_Area_NumberEv
                0x08001b52        0x6 Memory.cpp.o
                0x08001b52                Control_Information::Read_Area_Number()
 .text._ZN19Control_Information17Clear_Area_NumberEv
                0x08001b58       0x1a Memory.cpp.o
                0x08001b58                Control_Information::Clear_Area_Number()
 *fill*         0x08001b72        0x2 
 .text._ZN26Work_Parameter_Information17Save_Collect_TimeEj
                0x08001b74       0xb0 Memory.cpp.o
                0x08001b74                Work_Parameter_Information::Save_Collect_Time(unsigned int)
 .text._ZN26Work_Parameter_Information17Read_Collect_TimeEv
                0x08001c24       0x1a Memory.cpp.o
                0x08001c24                Work_Parameter_Information::Read_Collect_Time()
 .text._ZN3I2C4InitEv
                0x08001c3e       0x26 private_i2c.cpp.o
                0x08001c3e                I2C::Init()
 .text._ZN3I2C7SDA_OutEv
                0x08001c64        0x8 private_i2c.cpp.o
                0x08001c64                I2C::SDA_Out()
 .text._ZN3I2C6SDA_InEv
                0x08001c6c        0x8 private_i2c.cpp.o
                0x08001c6c                I2C::SDA_In()
 .text._ZN3I2C5StartEv
                0x08001c74       0x36 private_i2c.cpp.o
                0x08001c74                I2C::Start()
 .text._ZN3I2C4StopEv
                0x08001caa       0x36 private_i2c.cpp.o
                0x08001caa                I2C::Stop()
 .text._ZN3I2C3AckEv
                0x08001ce0       0x3a private_i2c.cpp.o
                0x08001ce0                I2C::Ack()
 .text._ZN3I2C4NAckEv
                0x08001d1a       0x3a private_i2c.cpp.o
                0x08001d1a                I2C::NAck()
 .text._ZN3I2C8Wait_AckEv
                0x08001d54       0x4e private_i2c.cpp.o
                0x08001d54                I2C::Wait_Ack()
 .text._ZN3I2C9Send_ByteEh
                0x08001da2       0x4e private_i2c.cpp.o
                0x08001da2                I2C::Send_Byte(unsigned char)
 .text._ZN3I2C9Read_ByteEh
                0x08001df0       0x54 private_i2c.cpp.o
                0x08001df0                I2C::Read_Byte(unsigned char)
 .text._ZN4date10Update_RTCEPh
                0x08001e44      0x1ac Private_RTC.cpp.o
                0x08001e44                date::Update_RTC(unsigned char*)
 .text.startup._GLOBAL__sub_I_Date
                0x08001ff0        0xc Private_RTC.cpp.o
 .text._ZN8MAX440095resetEv
                0x08001ffc        0x2 private_sensor.cpp.o
                0x08001ffc                MAX44009::reset()
 .text._ZN8MAX4400916checkMeasurementEv
                0x08001ffe        0x4 private_sensor.cpp.o
                0x08001ffe                MAX44009::checkMeasurement()
 .text._ZN8MAX4400916awaitMeasurementEv
                0x08002002        0x4 private_sensor.cpp.o
                0x08002002                MAX44009::awaitMeasurement()
 *fill*         0x08002006        0x2 
 .text._ZN8WirePlusC2Ev
                0x08002008       0x34 private_sensor.cpp.o
                0x08002008                WirePlus::WirePlus()
                0x08002008                WirePlus::WirePlus()
 .text._ZN8WirePlus5probeEh
                0x0800203c       0x20 private_sensor.cpp.o
                0x0800203c                WirePlus::probe(unsigned char)
 .text._ZN8MAX4400910initializeEv
                0x0800205c       0x20 private_sensor.cpp.o
                0x0800205c                MAX44009::initialize()
 .text._ZN8WirePlus9writeByteEhhh
                0x0800207c       0x2c private_sensor.cpp.o
                0x0800207c                WirePlus::writeByte(unsigned char, unsigned char, unsigned char)
 .text._ZN8WirePlus4readEhhPhh
                0x080020a8       0x54 private_sensor.cpp.o
                0x080020a8                WirePlus::read(unsigned char, unsigned char, unsigned char*, unsigned char)
 .text._ZN8WirePlus11setRegisterEhhhh
                0x080020fc       0x3a private_sensor.cpp.o
                0x080020fc                WirePlus::setRegister(unsigned char, unsigned char, unsigned char, unsigned char)
 *fill*         0x08002136        0x2 
 .text._ZN8MAX4400910setEnabledEh
                0x08002138       0x3c private_sensor.cpp.o
                0x08002138                MAX44009::setEnabled(unsigned char)
 .text.startup._GLOBAL__sub_I_auchCRCHi
                0x08002174       0x1c private_sensor.cpp.o
 .text._ZN8TypeConv10Hex_To_DecEh
                0x08002190       0x12 public.cpp.o
                0x08002190                TypeConv::Hex_To_Dec(unsigned char)
 .text._ZN8TypeConv10Hex_To_DecEPh
                0x080021a2       0x14 public.cpp.o
                0x080021a2                TypeConv::Hex_To_Dec(unsigned char*)
 .text._ZN8TypeConv10Dec_To_HexEh
                0x080021b6       0x12 public.cpp.o
                0x080021b6                TypeConv::Dec_To_Hex(unsigned char)
 .text._ZN7Receipt25Receipt_Random_Wait_ValueEPm
                0x080021c8       0x48 receipt.cpp.o
                0x080021c8                Receipt::Receipt_Random_Wait_Value(unsigned long*)
 .text._ZN7Receipt11Print_DebugEPhh
                0x08002210       0x34 receipt.cpp.o
                0x08002210                Receipt::Print_Debug(unsigned char*, unsigned char)
 .text._ZN7Receipt24Report_General_ParameterEv
                0x08002244      0x15c receipt.cpp.o
                0x08002244                Receipt::Report_General_Parameter()
 .text._ZN7Receipt29Request_Device_SN_and_ChannelEv
                0x080023a0       0xe0 receipt.cpp.o
                0x080023a0                Receipt::Request_Device_SN_and_Channel()
 .text._ZN7Receipt25Working_Parameter_ReceiptEv
                0x08002480      0x130 receipt.cpp.o
                0x08002480                Receipt::Working_Parameter_Receipt()
 .text._ZN7Receipt15General_ReceiptEhh
                0x080025b0      0x118 receipt.cpp.o
                0x080025b0                Receipt::General_Receipt(unsigned char, unsigned char)
 .text.startup._GLOBAL__sub_I_sht10
                0x080026c8       0x10 SHT1x.cpp.o
 .text._ZL6microsv
                0x080026d8       0x34 SoftwareI2C.cpp.o
 .text._ZN11SoftwareI2C5beginEii
                0x0800270c       0x30 SoftwareI2C.cpp.o
                0x0800270c                SoftwareI2C::begin(int, int)
 .text._ZN11SoftwareI2C6sdaSetEh
                0x0800273c       0x20 SoftwareI2C.cpp.o
                0x0800273c                SoftwareI2C::sdaSet(unsigned char)
 .text._ZN11SoftwareI2C9sendStartEv
                0x0800275c       0x22 SoftwareI2C.cpp.o
                0x0800275c                SoftwareI2C::sendStart()
 .text._ZN11SoftwareI2C8sendStopEv
                0x0800277e       0x40 SoftwareI2C.cpp.o
                0x0800277e                SoftwareI2C::sendStop()
 .text._ZN11SoftwareI2C11sendByteAckEh
                0x080027be       0x74 SoftwareI2C.cpp.o
                0x080027be                SoftwareI2C::sendByteAck(unsigned char)
 .text._ZN11SoftwareI2C17beginTransmissionEh
                0x08002832       0x18 SoftwareI2C.cpp.o
                0x08002832                SoftwareI2C::beginTransmission(unsigned char)
 .text._ZN11SoftwareI2C15endTransmissionEv
                0x0800284a        0xa SoftwareI2C.cpp.o
                0x0800284a                SoftwareI2C::endTransmission()
 .text._ZN11SoftwareI2C5writeEh
                0x08002854        0x8 SoftwareI2C.cpp.o
                0x08002854                SoftwareI2C::write(unsigned char)
 .text._ZN11SoftwareI2C11requestFromEhh
                0x0800285c       0x1c SoftwareI2C.cpp.o
                0x0800285c                SoftwareI2C::requestFrom(unsigned char, unsigned char)
 .text._ZN11SoftwareI2C4readEv
                0x08002878       0xba SoftwareI2C.cpp.o
                0x08002878                SoftwareI2C::read()
 .text._Z7GetCrc8Phi
                0x08002932       0x2e User_CRC8.cpp.o
                0x08002932                GetCrc8(unsigned char*, int)
 .text._ZN7RTClockC2E11rtc_clk_srct
                0x08002960       0x46 RTClock\RTClock.cpp.o
                0x08002960                RTClock::RTClock(rtc_clk_src, unsigned short)
                0x08002960                RTClock::RTClock(rtc_clk_src, unsigned short)
 .text._ZN7RTClockC2E11rtc_clk_src
                0x080029a6       0x12 RTClock\RTClock.cpp.o
                0x080029a6                RTClock::RTClock(rtc_clk_src)
                0x080029a6                RTClock::RTClock(rtc_clk_src)
 .text._ZN7RTClock7setTimeEl
                0x080029b8        0x6 RTClock\RTClock.cpp.o
                0x080029b8                RTClock::setTime(long)
 .text._ZN7RTClock7getTimeEv
                0x080029be        0x4 RTClock\RTClock.cpp.o
                0x080029be                RTClock::getTime()
 *fill*         0x080029c2        0x2 
 .text.rtc_wait_finished
                0x080029c4       0x1c RTClock\utility\rtc_util.c.o
 .text.rtc_wait_sync
                0x080029e0       0x1c RTClock\utility\rtc_util.c.o
 .text.rtc_clear_sync
                0x080029fc       0x20 RTClock\utility\rtc_util.c.o
 .text.rtc_enter_config_mode
                0x08002a1c       0x20 RTClock\utility\rtc_util.c.o
 .text.rtc_exit_config_mode
                0x08002a3c       0x20 RTClock\utility\rtc_util.c.o
 .text.rtc_init
                0x08002a5c       0xac RTClock\utility\rtc_util.c.o
                0x08002a5c                rtc_init
 .text.__irq_rtc
                0x08002b08       0x48 RTClock\utility\rtc_util.c.o
                0x08002b08                __irq_rtc
 .text.__irq_rtcalarm
                0x08002b50       0x1c RTClock\utility\rtc_util.c.o
                0x08002b50                __irq_rtcalarm
 .text.rtc_get_count
                0x08002b6c       0x24 RTClock\utility\rtc_util.c.o
                0x08002b6c                rtc_get_count
 .text.rtc_set_count
                0x08002b90       0x34 RTClock\utility\rtc_util.c.o
                0x08002b90                rtc_set_count
 .text.rtc_set_prescaler_load
                0x08002bc4       0x34 RTClock\utility\rtc_util.c.o
                0x08002bc4                rtc_set_prescaler_load
 .text._Z9boardInitv
                0x08002bf8        0x2 C:\Users\Administrator\AppData\Local\Temp\VMBCore\arduino16x\3c66a55e0122d96a6ed3ec018219d544\variant\board.cpp.o
                0x08002bf8                boardInit()
 *fill*         0x08002bfa        0x2 
 .text.startup._GLOBAL__sub_I__Z9boardInitv
                0x08002bfc       0x48 C:\Users\Administrator\AppData\Local\Temp\VMBCore\arduino16x\3c66a55e0122d96a6ed3ec018219d544\variant\board.cpp.o
 .text._ZL18adc_default_configP7adc_dev
                0x08002c44       0x1c C:\Users\Administrator\AppData\Local\Temp\VMBCore\arduino16x\3c66a55e0122d96a6ed3ec018219d544\variant\boards.cpp.o
 .text._ZL20timer_default_configP9timer_dev
                0x08002c60       0x9e C:\Users\Administrator\AppData\Local\Temp\VMBCore\arduino16x\3c66a55e0122d96a6ed3ec018219d544\variant\boards.cpp.o
 *fill*         0x08002cfe        0x2 
 .text._Z4initv
                0x08002d00       0xbc C:\Users\Administrator\AppData\Local\Temp\VMBCore\arduino16x\3c66a55e0122d96a6ed3ec018219d544\variant\boards.cpp.o
                0x08002d00                init()
 .text._ZN6wirish4priv15board_reset_pllEv
                0x08002dbc        0x2 C:\Users\Administrator\AppData\Local\Temp\VMBCore\arduino16x\3c66a55e0122d96a6ed3ec018219d544\variant\boards_setup.cpp.o
                0x08002dbc                wirish::priv::board_reset_pll()
 .text._ZN6wirish4priv28board_setup_clock_prescalersEv
                0x08002dbe       0x2e C:\Users\Administrator\AppData\Local\Temp\VMBCore\arduino16x\3c66a55e0122d96a6ed3ec018219d544\variant\boards_setup.cpp.o
                0x08002dbe                wirish::priv::board_setup_clock_prescalers()
 .text._ZN6wirish4priv16board_setup_gpioEv
                0x08002dec        0x4 C:\Users\Administrator\AppData\Local\Temp\VMBCore\arduino16x\3c66a55e0122d96a6ed3ec018219d544\variant\boards_setup.cpp.o
                0x08002dec                wirish::priv::board_setup_gpio()
 .text._ZN6wirish4priv15board_setup_usbEv
                0x08002df0       0x54 C:\Users\Administrator\AppData\Local\Temp\VMBCore\arduino16x\3c66a55e0122d96a6ed3ec018219d544\variant\boards_setup.cpp.o
                0x08002df0                wirish::priv::board_setup_usb()
 .text._ZN6wirish4priv11series_initEv
                0x08002e44        0x4 C:\Users\Administrator\AppData\Local\Temp\VMBCore\arduino16x\3c66a55e0122d96a6ed3ec018219d544\variant\boards_setup.cpp.o
                0x08002e44                wirish::priv::series_init()
 .text          0x08002e48       0x10 C:\Users\Administrator\AppData\Local\Temp\VMBCore\arduino16x\3c66a55e0122d96a6ed3ec018219d544\variant\start.S.o
                0x08002e48                __start__
 .text.start_c  0x08002e58       0x64 C:\Users\Administrator\AppData\Local\Temp\VMBCore\arduino16x\3c66a55e0122d96a6ed3ec018219d544\variant\start_c.c.o
                0x08002e58                start_c
 .text._sbrk    0x08002ebc       0x44 C:\Users\Administrator\AppData\Local\Temp\VMBCore\arduino16x\3c66a55e0122d96a6ed3ec018219d544\variant\syscalls.c.o
                0x08002ebc                _sbrk
 .text._exit    0x08002f00        0x2 C:\Users\Administrator\AppData\Local\Temp\VMBCore\arduino16x\3c66a55e0122d96a6ed3ec018219d544\variant\syscalls.c.o
                0x08002f00                _exit
 *fill*         0x08002f02        0xe 
 .text          0x08002f10       0x60 C:\Users\Administrator\AppData\Local\Temp\VMBuilds\ATM32_LoRa_Sensor_For_RainV1.3\stm32_genericSTM32F103C\Release/core.a(exc.S.o)
                0x08002f10                __exc_nmi
                0x08002f14                __exc_hardfault
                0x08002f18                __exc_memmanage
                0x08002f1c                __exc_busfault
                0x08002f20                __exc_usagefault
 .text          0x08002f70        0x2 C:\Users\Administrator\AppData\Local\Temp\VMBuilds\ATM32_LoRa_Sensor_For_RainV1.3\stm32_genericSTM32F103C\Release/core.a(isrs.S.o)
                0x08002f70                __stm32reservedexception9
                0x08002f70                __irq_dma1_channel3
                0x08002f70                __irq_i2c2_er
                0x08002f70                __irq_i2c1_er
                0x08002f70                __irq_dma1_channel6
                0x08002f70                __exc_debug_monitor
                0x08002f70                __irq_dma1_channel1
                0x08002f70                __exc_svc
                0x08002f70                __irq_dma1_channel4
                0x08002f70                __irq_dma1_channel7
                0x08002f70                __irq_exti0
                0x08002f70                __irq_can_rx1
                0x08002f70                __irq_spi2
                0x08002f70                __irq_can_sce
                0x08002f70                __irq_exti2
                0x08002f70                __irq_exti3
                0x08002f70                __irq_exti9_5
                0x08002f70                __irq_pvd
                0x08002f70                __irq_tamper
                0x08002f70                __default_handler
                0x08002f70                __irq_wwdg
                0x08002f70                __stm32reservedexception10
                0x08002f70                __irq_flash
                0x08002f70                __irq_i2c2_ev
                0x08002f70                __irq_dma1_channel2
                0x08002f70                __irq_dma1_channel5
                0x08002f70                __stm32reservedexception13
                0x08002f70                __irq_spi1
                0x08002f70                __stm32reservedexception7
                0x08002f70                __irq_usb_hp_can_tx
                0x08002f70                __irq_exti15_10
                0x08002f70                __irq_exti4
                0x08002f70                __stm32reservedexception8
                0x08002f70                __exc_pendsv
                0x08002f70                __irq_i2c1_ev
                0x08002f70                __irq_usbwakeup
                0x08002f70                __irq_exti1
                0x08002f70                __irq_rcc
 .text.adc_init
                0x08002f72       0x14 C:\Users\Administrator\AppData\Local\Temp\VMBuilds\ATM32_LoRa_Sensor_For_RainV1.3\stm32_genericSTM32F103C\Release/core.a(adc.c.o)
                0x08002f72                adc_init
 .text.adc_set_extsel
                0x08002f86       0x12 C:\Users\Administrator\AppData\Local\Temp\VMBuilds\ATM32_LoRa_Sensor_For_RainV1.3\stm32_genericSTM32F103C\Release/core.a(adc.c.o)
                0x08002f86                adc_set_extsel
 .text.adc_set_sample_rate
                0x08002f98       0x30 C:\Users\Administrator\AppData\Local\Temp\VMBuilds\ATM32_LoRa_Sensor_For_RainV1.3\stm32_genericSTM32F103C\Release/core.a(adc.c.o)
                0x08002f98                adc_set_sample_rate
 .text.__irq_adc
                0x08002fc8       0x50 C:\Users\Administrator\AppData\Local\Temp\VMBuilds\ATM32_LoRa_Sensor_For_RainV1.3\stm32_genericSTM32F103C\Release/core.a(adc_f1.c.o)
                0x08002fc8                __irq_adc
 .text.adc_calibrate
                0x08003018       0x24 C:\Users\Administrator\AppData\Local\Temp\VMBuilds\ATM32_LoRa_Sensor_For_RainV1.3\stm32_genericSTM32F103C\Release/core.a(adc_f1.c.o)
                0x08003018                adc_calibrate
 .text.adc_set_prescaler
                0x0800303c        0x8 C:\Users\Administrator\AppData\Local\Temp\VMBuilds\ATM32_LoRa_Sensor_For_RainV1.3\stm32_genericSTM32F103C\Release/core.a(adc_f1.c.o)
                0x0800303c                adc_set_prescaler
 .text.adc_foreach
                0x08003044       0x1c C:\Users\Administrator\AppData\Local\Temp\VMBuilds\ATM32_LoRa_Sensor_For_RainV1.3\stm32_genericSTM32F103C\Release/core.a(adc_f1.c.o)
                0x08003044                adc_foreach
 .text.adc_enable_single_swstart
                0x08003060       0x36 C:\Users\Administrator\AppData\Local\Temp\VMBuilds\ATM32_LoRa_Sensor_For_RainV1.3\stm32_genericSTM32F103C\Release/core.a(adc_f1.c.o)
                0x08003060                adc_enable_single_swstart
 .text.bkp_init
                0x08003096       0x18 C:\Users\Administrator\AppData\Local\Temp\VMBuilds\ATM32_LoRa_Sensor_For_RainV1.3\stm32_genericSTM32F103C\Release/core.a(bkp_f1.c.o)
                0x08003096                bkp_init
 *fill*         0x080030ae        0x2 
 .text.bkp_enable_writes
                0x080030b0        0xc C:\Users\Administrator\AppData\Local\Temp\VMBuilds\ATM32_LoRa_Sensor_For_RainV1.3\stm32_genericSTM32F103C\Release/core.a(bkp_f1.c.o)
                0x080030b0                bkp_enable_writes
 .text.bkp_disable_writes
                0x080030bc        0xc C:\Users\Administrator\AppData\Local\Temp\VMBuilds\ATM32_LoRa_Sensor_For_RainV1.3\stm32_genericSTM32F103C\Release/core.a(bkp_f1.c.o)
                0x080030bc                bkp_disable_writes
 .text.flash_set_latency
                0x080030c8       0x14 C:\Users\Administrator\AppData\Local\Temp\VMBuilds\ATM32_LoRa_Sensor_For_RainV1.3\stm32_genericSTM32F103C\Release/core.a(flash.c.o)
                0x080030c8                flash_set_latency
 .text.gpio_init_all
                0x080030dc       0x30 C:\Users\Administrator\AppData\Local\Temp\VMBuilds\ATM32_LoRa_Sensor_For_RainV1.3\stm32_genericSTM32F103C\Release/core.a(gpio_f1.c.o)
                0x080030dc                gpio_init_all
 .text.gpio_set_mode
                0x0800310c       0x50 C:\Users\Administrator\AppData\Local\Temp\VMBuilds\ATM32_LoRa_Sensor_For_RainV1.3\stm32_genericSTM32F103C\Release/core.a(gpio_f1.c.o)
                0x0800310c                gpio_set_mode
 .text.afio_init
                0x0800315c       0x12 C:\Users\Administrator\AppData\Local\Temp\VMBuilds\ATM32_LoRa_Sensor_For_RainV1.3\stm32_genericSTM32F103C\Release/core.a(gpio_f1.c.o)
                0x0800315c                afio_init
 *fill*         0x0800316e        0x2 
 .text.iwdg_init
                0x08003170       0x20 C:\Users\Administrator\AppData\Local\Temp\VMBuilds\ATM32_LoRa_Sensor_For_RainV1.3\stm32_genericSTM32F103C\Release/core.a(iwdg.c.o)
                0x08003170                iwdg_init
 .text.iwdg_feed
                0x08003190       0x10 C:\Users\Administrator\AppData\Local\Temp\VMBuilds\ATM32_LoRa_Sensor_For_RainV1.3\stm32_genericSTM32F103C\Release/core.a(iwdg.c.o)
                0x08003190                iwdg_feed
 .text.nvic_irq_set_priority
                0x080031a0       0x28 C:\Users\Administrator\AppData\Local\Temp\VMBuilds\ATM32_LoRa_Sensor_For_RainV1.3\stm32_genericSTM32F103C\Release/core.a(nvic.c.o)
                0x080031a0                nvic_irq_set_priority
 .text.nvic_init
                0x080031c8       0x30 C:\Users\Administrator\AppData\Local\Temp\VMBuilds\ATM32_LoRa_Sensor_For_RainV1.3\stm32_genericSTM32F103C\Release/core.a(nvic.c.o)
                0x080031c8                nvic_init
 .text.nvic_sys_reset
                0x080031f8       0x1c C:\Users\Administrator\AppData\Local\Temp\VMBuilds\ATM32_LoRa_Sensor_For_RainV1.3\stm32_genericSTM32F103C\Release/core.a(nvic.c.o)
                0x080031f8                nvic_sys_reset
 .text.rcc_dev_clk
                0x08003214        0xc C:\Users\Administrator\AppData\Local\Temp\VMBuilds\ATM32_LoRa_Sensor_For_RainV1.3\stm32_genericSTM32F103C\Release/core.a(rcc.c.o)
                0x08003214                rcc_dev_clk
 .text.rcc_switch_sysclk
                0x08003220       0x20 C:\Users\Administrator\AppData\Local\Temp\VMBuilds\ATM32_LoRa_Sensor_For_RainV1.3\stm32_genericSTM32F103C\Release/core.a(rcc.c.o)
                0x08003220                rcc_switch_sysclk
 .text.rcc_turn_on_clk
                0x08003240       0x1a C:\Users\Administrator\AppData\Local\Temp\VMBuilds\ATM32_LoRa_Sensor_For_RainV1.3\stm32_genericSTM32F103C\Release/core.a(rcc.c.o)
                0x08003240                rcc_turn_on_clk
 .text.rcc_turn_off_clk
                0x0800325a       0x1c C:\Users\Administrator\AppData\Local\Temp\VMBuilds\ATM32_LoRa_Sensor_For_RainV1.3\stm32_genericSTM32F103C\Release/core.a(rcc.c.o)
                0x0800325a                rcc_turn_off_clk
 .text.rcc_is_clk_on
                0x08003276       0x1e C:\Users\Administrator\AppData\Local\Temp\VMBuilds\ATM32_LoRa_Sensor_For_RainV1.3\stm32_genericSTM32F103C\Release/core.a(rcc.c.o)
                0x08003276                rcc_is_clk_on
 .text.rcc_is_clk_ready
                0x08003294       0x18 C:\Users\Administrator\AppData\Local\Temp\VMBuilds\ATM32_LoRa_Sensor_For_RainV1.3\stm32_genericSTM32F103C\Release/core.a(rcc.c.o)
                0x08003294                rcc_is_clk_ready
 .text.rcc_configure_pll
                0x080032ac       0x38 C:\Users\Administrator\AppData\Local\Temp\VMBuilds\ATM32_LoRa_Sensor_For_RainV1.3\stm32_genericSTM32F103C\Release/core.a(rcc_f1.c.o)
                0x080032ac                rcc_configure_pll
 .text.rcc_clk_enable
                0x080032e4       0x30 C:\Users\Administrator\AppData\Local\Temp\VMBuilds\ATM32_LoRa_Sensor_For_RainV1.3\stm32_genericSTM32F103C\Release/core.a(rcc_f1.c.o)
                0x080032e4                rcc_clk_enable
 .text.rcc_reset_dev
                0x08003314       0x34 C:\Users\Administrator\AppData\Local\Temp\VMBuilds\ATM32_LoRa_Sensor_For_RainV1.3\stm32_genericSTM32F103C\Release/core.a(rcc_f1.c.o)
                0x08003314                rcc_reset_dev
 .text.rcc_set_prescaler
                0x08003348       0x20 C:\Users\Administrator\AppData\Local\Temp\VMBuilds\ATM32_LoRa_Sensor_For_RainV1.3\stm32_genericSTM32F103C\Release/core.a(rcc_f1.c.o)
                0x08003348                rcc_set_prescaler
 .text.rcc_clk_disable
                0x08003368       0x30 C:\Users\Administrator\AppData\Local\Temp\VMBuilds\ATM32_LoRa_Sensor_For_RainV1.3\stm32_genericSTM32F103C\Release/core.a(rcc_f1.c.o)
                0x08003368                rcc_clk_disable
 .text.systick_init
                0x08003398       0x10 C:\Users\Administrator\AppData\Local\Temp\VMBuilds\ATM32_LoRa_Sensor_For_RainV1.3\stm32_genericSTM32F103C\Release/core.a(systick.c.o)
                0x08003398                systick_init
 .text.__exc_systick
                0x080033a8       0x1c C:\Users\Administrator\AppData\Local\Temp\VMBuilds\ATM32_LoRa_Sensor_For_RainV1.3\stm32_genericSTM32F103C\Release/core.a(systick.c.o)
                0x080033a8                __exc_systick
 .text.timer_oc_set_mode
                0x080033c4       0x3a C:\Users\Administrator\AppData\Local\Temp\VMBuilds\ATM32_LoRa_Sensor_For_RainV1.3\stm32_genericSTM32F103C\Release/core.a(timer.c.o)
 *fill*         0x080033fe        0x2 
 .text.timer_foreach
                0x08003400       0x28 C:\Users\Administrator\AppData\Local\Temp\VMBuilds\ATM32_LoRa_Sensor_For_RainV1.3\stm32_genericSTM32F103C\Release/core.a(timer.c.o)
                0x08003400                timer_foreach
 .text.timer_init
                0x08003428       0x14 C:\Users\Administrator\AppData\Local\Temp\VMBuilds\ATM32_LoRa_Sensor_For_RainV1.3\stm32_genericSTM32F103C\Release/core.a(timer.c.o)
                0x08003428                timer_init
 .text.timer_has_cc_channel
                0x0800343c       0x30 C:\Users\Administrator\AppData\Local\Temp\VMBuilds\ATM32_LoRa_Sensor_For_RainV1.3\stm32_genericSTM32F103C\Release/core.a(timer.c.o)
                0x0800343c                timer_has_cc_channel
 .text.timer_attach_interrupt
                0x0800346c       0xd4 C:\Users\Administrator\AppData\Local\Temp\VMBuilds\ATM32_LoRa_Sensor_For_RainV1.3\stm32_genericSTM32F103C\Release/core.a(timer.c.o)
                0x0800346c                timer_attach_interrupt
 .text.timer_detach_interrupt
                0x08003540       0x1e C:\Users\Administrator\AppData\Local\Temp\VMBuilds\ATM32_LoRa_Sensor_For_RainV1.3\stm32_genericSTM32F103C\Release/core.a(timer.c.o)
                0x08003540                timer_detach_interrupt
 *fill*         0x0800355e        0x2 
 .text.timer_set_mode
                0x08003560       0xb4 C:\Users\Administrator\AppData\Local\Temp\VMBuilds\ATM32_LoRa_Sensor_For_RainV1.3\stm32_genericSTM32F103C\Release/core.a(timer.c.o)
                0x08003560                timer_set_mode
 .text.__irq_tim1_brk
                0x08003614       0x24 C:\Users\Administrator\AppData\Local\Temp\VMBuilds\ATM32_LoRa_Sensor_For_RainV1.3\stm32_genericSTM32F103C\Release/core.a(timer.c.o)
                0x08003614                __irq_tim1_brk
 .text.__irq_tim1_up
                0x08003638       0x24 C:\Users\Administrator\AppData\Local\Temp\VMBuilds\ATM32_LoRa_Sensor_For_RainV1.3\stm32_genericSTM32F103C\Release/core.a(timer.c.o)
                0x08003638                __irq_tim1_up
 .text.__irq_tim1_trg_com
                0x0800365c       0x38 C:\Users\Administrator\AppData\Local\Temp\VMBuilds\ATM32_LoRa_Sensor_For_RainV1.3\stm32_genericSTM32F103C\Release/core.a(timer.c.o)
                0x0800365c                __irq_tim1_trg_com
 .text.__irq_tim1_cc
                0x08003694       0x54 C:\Users\Administrator\AppData\Local\Temp\VMBuilds\ATM32_LoRa_Sensor_For_RainV1.3\stm32_genericSTM32F103C\Release/core.a(timer.c.o)
                0x08003694                __irq_tim1_cc
 .text.__irq_tim2
                0x080036e8       0x70 C:\Users\Administrator\AppData\Local\Temp\VMBuilds\ATM32_LoRa_Sensor_For_RainV1.3\stm32_genericSTM32F103C\Release/core.a(timer.c.o)
                0x080036e8                __irq_tim2
 .text.__irq_tim3
                0x08003758       0x70 C:\Users\Administrator\AppData\Local\Temp\VMBuilds\ATM32_LoRa_Sensor_For_RainV1.3\stm32_genericSTM32F103C\Release/core.a(timer.c.o)
                0x08003758                __irq_tim3
 .text.__irq_tim4
                0x080037c8       0x70 C:\Users\Administrator\AppData\Local\Temp\VMBuilds\ATM32_LoRa_Sensor_For_RainV1.3\stm32_genericSTM32F103C\Release/core.a(timer.c.o)
                0x080037c8                __irq_tim4
 .text.rb_remove
                0x08003838       0x24 C:\Users\Administrator\AppData\Local\Temp\VMBuilds\ATM32_LoRa_Sensor_For_RainV1.3\stm32_genericSTM32F103C\Release/core.a(usart_f1.c.o)
 .text.rb_push_insert
                0x0800385c       0x52 C:\Users\Administrator\AppData\Local\Temp\VMBuilds\ATM32_LoRa_Sensor_For_RainV1.3\stm32_genericSTM32F103C\Release/core.a(usart_f1.c.o)
 .text.usart_config_gpios_async
                0x080038ae       0x4a C:\Users\Administrator\AppData\Local\Temp\VMBuilds\ATM32_LoRa_Sensor_For_RainV1.3\stm32_genericSTM32F103C\Release/core.a(usart_f1.c.o)
                0x080038ae                usart_config_gpios_async
 .text.usart_set_baud_rate
                0x080038f8       0x3c C:\Users\Administrator\AppData\Local\Temp\VMBuilds\ATM32_LoRa_Sensor_For_RainV1.3\stm32_genericSTM32F103C\Release/core.a(usart_f1.c.o)
                0x080038f8                usart_set_baud_rate
 .text.__irq_usart1
                0x08003934       0x54 C:\Users\Administrator\AppData\Local\Temp\VMBuilds\ATM32_LoRa_Sensor_For_RainV1.3\stm32_genericSTM32F103C\Release/core.a(usart_f1.c.o)
                0x08003934                __irq_usart1
 .text.__irq_usart2
                0x08003988       0x54 C:\Users\Administrator\AppData\Local\Temp\VMBuilds\ATM32_LoRa_Sensor_For_RainV1.3\stm32_genericSTM32F103C\Release/core.a(usart_f1.c.o)
                0x08003988                __irq_usart2
 .text.__irq_usart3
                0x080039dc       0x54 C:\Users\Administrator\AppData\Local\Temp\VMBuilds\ATM32_LoRa_Sensor_For_RainV1.3\stm32_genericSTM32F103C\Release/core.a(usart_f1.c.o)
                0x080039dc                __irq_usart3
 .text._usart_clock_freq
                0x08003a30       0x24 C:\Users\Administrator\AppData\Local\Temp\VMBuilds\ATM32_LoRa_Sensor_For_RainV1.3\stm32_genericSTM32F103C\Release/core.a(usart_private.c.o)
                0x08003a30                _usart_clock_freq
 .text.usart_putc
                0x08003a54       0x1c C:\Users\Administrator\AppData\Local\Temp\VMBuilds\ATM32_LoRa_Sensor_For_RainV1.3\stm32_genericSTM32F103C\Release/core.a(util.c.o)
 .text.usart_putstr
                0x08003a70       0x16 C:\Users\Administrator\AppData\Local\Temp\VMBuilds\ATM32_LoRa_Sensor_For_RainV1.3\stm32_genericSTM32F103C\Release/core.a(util.c.o)
 *fill*         0x08003a86        0x2 
 .text.throb    0x08003a88       0x4c C:\Users\Administrator\AppData\Local\Temp\VMBuilds\ATM32_LoRa_Sensor_For_RainV1.3\stm32_genericSTM32F103C\Release/core.a(util.c.o)
                0x08003a88                throb
 .text.__error  0x08003ad4       0x14 C:\Users\Administrator\AppData\Local\Temp\VMBuilds\ATM32_LoRa_Sensor_For_RainV1.3\stm32_genericSTM32F103C\Release/core.a(util.c.o)
                0x08003ad4                __error
 .text._fail    0x08003ae8       0x64 C:\Users\Administrator\AppData\Local\Temp\VMBuilds\ATM32_LoRa_Sensor_For_RainV1.3\stm32_genericSTM32F103C\Release/core.a(util.c.o)
                0x08003ae8                _fail
 .text._ZN14HardwareSerial4readEv
                0x08003b4c       0x4e C:\Users\Administrator\AppData\Local\Temp\VMBuilds\ATM32_LoRa_Sensor_For_RainV1.3\stm32_genericSTM32F103C\Release/core.a(HardwareSerial.cpp.o)
                0x08003b4c                HardwareSerial::read()
 .text._ZN14HardwareSerial4peekEv
                0x08003b9a       0x22 C:\Users\Administrator\AppData\Local\Temp\VMBuilds\ATM32_LoRa_Sensor_For_RainV1.3\stm32_genericSTM32F103C\Release/core.a(HardwareSerial.cpp.o)
                0x08003b9a                HardwareSerial::peek()
 .text._ZN14HardwareSerial5flushEv
                0x08003bbc       0x1a C:\Users\Administrator\AppData\Local\Temp\VMBuilds\ATM32_LoRa_Sensor_For_RainV1.3\stm32_genericSTM32F103C\Release/core.a(HardwareSerial.cpp.o)
                0x08003bbc                HardwareSerial::flush()
 .text._ZN14HardwareSerial5writeEh
                0x08003bd6       0x1e C:\Users\Administrator\AppData\Local\Temp\VMBuilds\ATM32_LoRa_Sensor_For_RainV1.3\stm32_genericSTM32F103C\Release/core.a(HardwareSerial.cpp.o)
                0x08003bd6                HardwareSerial::write(unsigned char)
 .text._ZN14HardwareSerial9availableEv
                0x08003bf4       0x26 C:\Users\Administrator\AppData\Local\Temp\VMBuilds\ATM32_LoRa_Sensor_For_RainV1.3\stm32_genericSTM32F103C\Release/core.a(HardwareSerial.cpp.o)
                0x08003bf4                HardwareSerial::available()
 *fill*         0x08003c1a        0x2 
 .text._ZN14HardwareSerialC2EP9usart_devhh
                0x08003c1c       0x1c C:\Users\Administrator\AppData\Local\Temp\VMBuilds\ATM32_LoRa_Sensor_For_RainV1.3\stm32_genericSTM32F103C\Release/core.a(HardwareSerial.cpp.o)
                0x08003c1c                HardwareSerial::HardwareSerial(usart_dev*, unsigned char, unsigned char)
                0x08003c1c                HardwareSerial::HardwareSerial(usart_dev*, unsigned char, unsigned char)
 .text._ZN14HardwareSerial5beginEmh
                0x08003c38       0x78 C:\Users\Administrator\AppData\Local\Temp\VMBuilds\ATM32_LoRa_Sensor_For_RainV1.3\stm32_genericSTM32F103C\Release/core.a(HardwareSerial.cpp.o)
                0x08003c38                HardwareSerial::begin(unsigned long, unsigned char)
 .text._ZN14HardwareSerial5beginEm
                0x08003cb0        0x6 C:\Users\Administrator\AppData\Local\Temp\VMBuilds\ATM32_LoRa_Sensor_For_RainV1.3\stm32_genericSTM32F103C\Release/core.a(HardwareSerial.cpp.o)
                0x08003cb0                HardwareSerial::begin(unsigned long)
 *fill*         0x08003cb6        0x2 
 .text.set_this_dev
                0x08003cb8       0x1c C:\Users\Administrator\AppData\Local\Temp\VMBuilds\ATM32_LoRa_Sensor_For_RainV1.3\stm32_genericSTM32F103C\Release/core.a(HardwareTimer.cpp.o)
 .text._ZN13HardwareTimerC2Eh
                0x08003cd4       0x2c C:\Users\Administrator\AppData\Local\Temp\VMBuilds\ATM32_LoRa_Sensor_For_RainV1.3\stm32_genericSTM32F103C\Release/core.a(HardwareTimer.cpp.o)
                0x08003cd4                HardwareTimer::HardwareTimer(unsigned char)
                0x08003cd4                HardwareTimer::HardwareTimer(unsigned char)
 .text._ZN13HardwareTimer5pauseEv
                0x08003d00       0x10 C:\Users\Administrator\AppData\Local\Temp\VMBuilds\ATM32_LoRa_Sensor_For_RainV1.3\stm32_genericSTM32F103C\Release/core.a(HardwareTimer.cpp.o)
                0x08003d00                HardwareTimer::pause()
 .text._ZN13HardwareTimer6resumeEv
                0x08003d10       0x10 C:\Users\Administrator\AppData\Local\Temp\VMBuilds\ATM32_LoRa_Sensor_For_RainV1.3\stm32_genericSTM32F103C\Release/core.a(HardwareTimer.cpp.o)
                0x08003d10                HardwareTimer::resume()
 .text._ZN13HardwareTimer17setPrescaleFactorEm
                0x08003d20        0xc C:\Users\Administrator\AppData\Local\Temp\VMBuilds\ATM32_LoRa_Sensor_For_RainV1.3\stm32_genericSTM32F103C\Release/core.a(HardwareTimer.cpp.o)
                0x08003d20                HardwareTimer::setPrescaleFactor(unsigned long)
 .text._ZN13HardwareTimer8setCountEt
                0x08003d2c       0x12 C:\Users\Administrator\AppData\Local\Temp\VMBuilds\ATM32_LoRa_Sensor_For_RainV1.3\stm32_genericSTM32F103C\Release/core.a(HardwareTimer.cpp.o)
                0x08003d2c                HardwareTimer::setCount(unsigned short)
 .text._ZN13HardwareTimer9setPeriodEm
                0x08003d3e       0x3e C:\Users\Administrator\AppData\Local\Temp\VMBuilds\ATM32_LoRa_Sensor_For_RainV1.3\stm32_genericSTM32F103C\Release/core.a(HardwareTimer.cpp.o)
                0x08003d3e                HardwareTimer::setPeriod(unsigned long)
 .text._ZN13HardwareTimer7setModeEi10timer_mode
                0x08003d7c        0x8 C:\Users\Administrator\AppData\Local\Temp\VMBuilds\ATM32_LoRa_Sensor_For_RainV1.3\stm32_genericSTM32F103C\Release/core.a(HardwareTimer.cpp.o)
                0x08003d7c                HardwareTimer::setMode(int, timer_mode)
 .text._ZN13HardwareTimer10setCompareEit
                0x08003d84       0x1e C:\Users\Administrator\AppData\Local\Temp\VMBuilds\ATM32_LoRa_Sensor_For_RainV1.3\stm32_genericSTM32F103C\Release/core.a(HardwareTimer.cpp.o)
                0x08003d84                HardwareTimer::setCompare(int, unsigned short)
 .text._ZN13HardwareTimer15attachInterruptEiPFvvE
                0x08003da2        0x8 C:\Users\Administrator\AppData\Local\Temp\VMBuilds\ATM32_LoRa_Sensor_For_RainV1.3\stm32_genericSTM32F103C\Release/core.a(HardwareTimer.cpp.o)
                0x08003da2                HardwareTimer::attachInterrupt(int, void (*)())
 *fill*         0x08003daa        0x2 
 .text.startup._GLOBAL__sub_I__ZN13HardwareTimerC2Eh
                0x08003dac       0x38 C:\Users\Administrator\AppData\Local\Temp\VMBuilds\ATM32_LoRa_Sensor_For_RainV1.3\stm32_genericSTM32F103C\Release/core.a(HardwareTimer.cpp.o)
 .text.startup._Z7premainv
                0x08003de4        0x4 C:\Users\Administrator\AppData\Local\Temp\VMBuilds\ATM32_LoRa_Sensor_For_RainV1.3\stm32_genericSTM32F103C\Release/core.a(main.cpp.o)
                0x08003de4                premain()
 .text.startup.main
                0x08003de8        0xc C:\Users\Administrator\AppData\Local\Temp\VMBuilds\ATM32_LoRa_Sensor_For_RainV1.3\stm32_genericSTM32F103C\Release/core.a(main.cpp.o)
                0x08003de8                main
 .text._ZN5Print5writeEPKc
                0x08003df4       0x1c C:\Users\Administrator\AppData\Local\Temp\VMBuilds\ATM32_LoRa_Sensor_For_RainV1.3\stm32_genericSTM32F103C\Release/core.a(Print.cpp.o)
                0x08003df4                Print::write(char const*)
 .text._ZN5Print5writeEPKvm
                0x08003e10       0x20 C:\Users\Administrator\AppData\Local\Temp\VMBuilds\ATM32_LoRa_Sensor_For_RainV1.3\stm32_genericSTM32F103C\Release/core.a(Print.cpp.o)
                0x08003e10                Print::write(void const*, unsigned long)
 .text._ZN5Print5printERK6String
                0x08003e30       0x10 C:\Users\Administrator\AppData\Local\Temp\VMBuilds\ATM32_LoRa_Sensor_For_RainV1.3\stm32_genericSTM32F103C\Release/core.a(Print.cpp.o)
                0x08003e30                Print::print(String const&)
 .text._ZN5Print5printEc
                0x08003e40        0xa C:\Users\Administrator\AppData\Local\Temp\VMBuilds\ATM32_LoRa_Sensor_For_RainV1.3\stm32_genericSTM32F103C\Release/core.a(Print.cpp.o)
                0x08003e40                Print::print(char)
 .text._ZN5Print5printEPKc
                0x08003e4a        0xa C:\Users\Administrator\AppData\Local\Temp\VMBuilds\ATM32_LoRa_Sensor_For_RainV1.3\stm32_genericSTM32F103C\Release/core.a(Print.cpp.o)
                0x08003e4a                Print::print(char const*)
 .text._ZN5Print7printlnEv
                0x08003e54       0x18 C:\Users\Administrator\AppData\Local\Temp\VMBuilds\ATM32_LoRa_Sensor_For_RainV1.3\stm32_genericSTM32F103C\Release/core.a(Print.cpp.o)
                0x08003e54                Print::println()
 .text._ZN5Print7printlnERK6String
                0x08003e6c       0x14 C:\Users\Administrator\AppData\Local\Temp\VMBuilds\ATM32_LoRa_Sensor_For_RainV1.3\stm32_genericSTM32F103C\Release/core.a(Print.cpp.o)
                0x08003e6c                Print::println(String const&)
 .text._ZN5Print7printlnEPKc
                0x08003e80       0x14 C:\Users\Administrator\AppData\Local\Temp\VMBuilds\ATM32_LoRa_Sensor_For_RainV1.3\stm32_genericSTM32F103C\Release/core.a(Print.cpp.o)
                0x08003e80                Print::println(char const*)
 .text._ZN5Print11printNumberEyh
                0x08003e94       0x84 C:\Users\Administrator\AppData\Local\Temp\VMBuilds\ATM32_LoRa_Sensor_For_RainV1.3\stm32_genericSTM32F103C\Release/core.a(Print.cpp.o)
                0x08003e94                Print::printNumber(unsigned long long, unsigned char)
 .text._ZN5Print5printExi
                0x08003f18       0x40 C:\Users\Administrator\AppData\Local\Temp\VMBuilds\ATM32_LoRa_Sensor_For_RainV1.3\stm32_genericSTM32F103C\Release/core.a(Print.cpp.o)
                0x08003f18                Print::print(long long, int)
 .text._ZN5Print5printEii
                0x08003f58       0x12 C:\Users\Administrator\AppData\Local\Temp\VMBuilds\ATM32_LoRa_Sensor_For_RainV1.3\stm32_genericSTM32F103C\Release/core.a(Print.cpp.o)
                0x08003f58                Print::print(int, int)
 .text._ZN5Print7printlnEii
                0x08003f6a       0x14 C:\Users\Administrator\AppData\Local\Temp\VMBuilds\ATM32_LoRa_Sensor_For_RainV1.3\stm32_genericSTM32F103C\Release/core.a(Print.cpp.o)
                0x08003f6a                Print::println(int, int)
 .text._ZN5Print5printEyi
                0x08003f7e       0x1c C:\Users\Administrator\AppData\Local\Temp\VMBuilds\ATM32_LoRa_Sensor_For_RainV1.3\stm32_genericSTM32F103C\Release/core.a(Print.cpp.o)
                0x08003f7e                Print::print(unsigned long long, int)
 .text._ZN5Print5printEhi
                0x08003f9a       0x12 C:\Users\Administrator\AppData\Local\Temp\VMBuilds\ATM32_LoRa_Sensor_For_RainV1.3\stm32_genericSTM32F103C\Release/core.a(Print.cpp.o)
                0x08003f9a                Print::print(unsigned char, int)
 .text._ZN5Print7printlnEhi
                0x08003fac       0x14 C:\Users\Administrator\AppData\Local\Temp\VMBuilds\ATM32_LoRa_Sensor_For_RainV1.3\stm32_genericSTM32F103C\Release/core.a(Print.cpp.o)
                0x08003fac                Print::println(unsigned char, int)
 .text._ZN9USBSerial9availableEv
                0x08003fc0        0x4 C:\Users\Administrator\AppData\Local\Temp\VMBuilds\ATM32_LoRa_Sensor_For_RainV1.3\stm32_genericSTM32F103C\Release/core.a(usb_serial.cpp.o)
                0x08003fc0                USBSerial::available()
 .text._ZN9USBSerial4peekEv
                0x08003fc4       0x1e C:\Users\Administrator\AppData\Local\Temp\VMBuilds\ATM32_LoRa_Sensor_For_RainV1.3\stm32_genericSTM32F103C\Release/core.a(usb_serial.cpp.o)
                0x08003fc4                USBSerial::peek()
 .text._ZN9USBSerial4readEv
                0x08003fe2       0x1e C:\Users\Administrator\AppData\Local\Temp\VMBuilds\ATM32_LoRa_Sensor_For_RainV1.3\stm32_genericSTM32F103C\Release/core.a(usb_serial.cpp.o)
                0x08003fe2                USBSerial::read()
 .text._ZL14ifaceSetupHookjPv
                0x08004000       0x50 C:\Users\Administrator\AppData\Local\Temp\VMBuilds\ATM32_LoRa_Sensor_For_RainV1.3\stm32_genericSTM32F103C\Release/core.a(usb_serial.cpp.o)
 .text._ZL6rxHookjPv
                0x08004050       0x98 C:\Users\Administrator\AppData\Local\Temp\VMBuilds\ATM32_LoRa_Sensor_For_RainV1.3\stm32_genericSTM32F103C\Release/core.a(usb_serial.cpp.o)
 .text._ZL10wait_resetv
                0x080040e8       0x10 C:\Users\Administrator\AppData\Local\Temp\VMBuilds\ATM32_LoRa_Sensor_For_RainV1.3\stm32_genericSTM32F103C\Release/core.a(usb_serial.cpp.o)
 .text._ZN9USBSerialC2Ev
                0x080040f8       0x14 C:\Users\Administrator\AppData\Local\Temp\VMBuilds\ATM32_LoRa_Sensor_For_RainV1.3\stm32_genericSTM32F103C\Release/core.a(usb_serial.cpp.o)
                0x080040f8                USBSerial::USBSerial()
                0x080040f8                USBSerial::USBSerial()
 .text._ZN9USBSerial5beginEv
                0x0800410c       0x34 C:\Users\Administrator\AppData\Local\Temp\VMBuilds\ATM32_LoRa_Sensor_For_RainV1.3\stm32_genericSTM32F103C\Release/core.a(usb_serial.cpp.o)
                0x0800410c                USBSerial::begin()
 .text._ZN9USBSerial5beginEm
                0x08004140       0x10 C:\Users\Administrator\AppData\Local\Temp\VMBuilds\ATM32_LoRa_Sensor_For_RainV1.3\stm32_genericSTM32F103C\Release/core.a(usb_serial.cpp.o)
                0x08004140                USBSerial::begin(unsigned long)
 .text._ZN9USBSerial4readEPhm
                0x08004150       0x1c C:\Users\Administrator\AppData\Local\Temp\VMBuilds\ATM32_LoRa_Sensor_For_RainV1.3\stm32_genericSTM32F103C\Release/core.a(usb_serial.cpp.o)
                0x08004150                USBSerial::read(unsigned char*, unsigned long)
 .text._ZN9USBSerial5flushEv
                0x0800416c       0x1c C:\Users\Administrator\AppData\Local\Temp\VMBuilds\ATM32_LoRa_Sensor_For_RainV1.3\stm32_genericSTM32F103C\Release/core.a(usb_serial.cpp.o)
                0x0800416c                USBSerial::flush()
 .text._ZN9USBSerialcvbEv
                0x08004188       0x20 C:\Users\Administrator\AppData\Local\Temp\VMBuilds\ATM32_LoRa_Sensor_For_RainV1.3\stm32_genericSTM32F103C\Release/core.a(usb_serial.cpp.o)
                0x08004188                USBSerial::operator bool()
 .text._ZN9USBSerial5writeEPKhm
                0x080041a8       0x24 C:\Users\Administrator\AppData\Local\Temp\VMBuilds\ATM32_LoRa_Sensor_For_RainV1.3\stm32_genericSTM32F103C\Release/core.a(usb_serial.cpp.o)
                0x080041a8                USBSerial::write(unsigned char const*, unsigned long)
 .text._ZN9USBSerial5writeEh
                0x080041cc       0x18 C:\Users\Administrator\AppData\Local\Temp\VMBuilds\ATM32_LoRa_Sensor_For_RainV1.3\stm32_genericSTM32F103C\Release/core.a(usb_serial.cpp.o)
                0x080041cc                USBSerial::write(unsigned char)
 .text._ZN9USBSerial5writeEPKc
                0x080041e4       0x1a C:\Users\Administrator\AppData\Local\Temp\VMBuilds\ATM32_LoRa_Sensor_For_RainV1.3\stm32_genericSTM32F103C\Release/core.a(usb_serial.cpp.o)
                0x080041e4                USBSerial::write(char const*)
 *fill*         0x080041fe        0x2 
 .text.startup._GLOBAL__sub_I__ZN9USBSerial9_hasBegunE
                0x08004200        0xc C:\Users\Administrator\AppData\Local\Temp\VMBuilds\ATM32_LoRa_Sensor_For_RainV1.3\stm32_genericSTM32F103C\Release/core.a(usb_serial.cpp.o)
 .text._Z11digitalReadh
                0x0800420c       0x2c C:\Users\Administrator\AppData\Local\Temp\VMBuilds\ATM32_LoRa_Sensor_For_RainV1.3\stm32_genericSTM32F103C\Release/core.a(wirish_digital.cpp.o)
                0x0800420c                digitalRead(unsigned char)
 .text._Z12digitalWritehh
                0x08004238       0x2c C:\Users\Administrator\AppData\Local\Temp\VMBuilds\ATM32_LoRa_Sensor_For_RainV1.3\stm32_genericSTM32F103C\Release/core.a(wirish_digital.cpp.o)
                0x08004238                digitalWrite(unsigned char, unsigned char)
 .text._Z6randoml
                0x08004264       0x16 C:\Users\Administrator\AppData\Local\Temp\VMBuilds\ATM32_LoRa_Sensor_For_RainV1.3\stm32_genericSTM32F103C\Release/core.a(wirish_math.cpp.o)
                0x08004264                random(long)
 .text._Z6randomll
                0x0800427a       0x14 C:\Users\Administrator\AppData\Local\Temp\VMBuilds\ATM32_LoRa_Sensor_For_RainV1.3\stm32_genericSTM32F103C\Release/core.a(wirish_math.cpp.o)
                0x0800427a                random(long, long)
 *fill*         0x0800428e        0x2 
 .text._Z5delaym
                0x08004290       0x1c C:\Users\Administrator\AppData\Local\Temp\VMBuilds\ATM32_LoRa_Sensor_For_RainV1.3\stm32_genericSTM32F103C\Release/core.a(wirish_time.cpp.o)
                0x08004290                delay(unsigned long)
 .text._Z17delayMicrosecondsm
                0x080042ac        0xe C:\Users\Administrator\AppData\Local\Temp\VMBuilds\ATM32_LoRa_Sensor_For_RainV1.3\stm32_genericSTM32F103C\Release/core.a(wirish_time.cpp.o)
                0x080042ac                delayMicroseconds(unsigned long)
 .text._ZN6StringD2Ev
                0x080042ba        0xe C:\Users\Administrator\AppData\Local\Temp\VMBuilds\ATM32_LoRa_Sensor_For_RainV1.3\stm32_genericSTM32F103C\Release/core.a(WString.cpp.o)
                0x080042ba                String::~String()
                0x080042ba                String::~String()
 .text._ZN6String10invalidateEv
                0x080042c8       0x16 C:\Users\Administrator\AppData\Local\Temp\VMBuilds\ATM32_LoRa_Sensor_For_RainV1.3\stm32_genericSTM32F103C\Release/core.a(WString.cpp.o)
                0x080042c8                String::invalidate()
 .text._ZN6String12changeBufferEj
                0x080042de       0x18 C:\Users\Administrator\AppData\Local\Temp\VMBuilds\ATM32_LoRa_Sensor_For_RainV1.3\stm32_genericSTM32F103C\Release/core.a(WString.cpp.o)
                0x080042de                String::changeBuffer(unsigned int)
 .text._ZN6String7reserveEj
                0x080042f6       0x22 C:\Users\Administrator\AppData\Local\Temp\VMBuilds\ATM32_LoRa_Sensor_For_RainV1.3\stm32_genericSTM32F103C\Release/core.a(WString.cpp.o)
                0x080042f6                String::reserve(unsigned int)
 .text._ZN6String4copyEPKcj
                0x08004318       0x26 C:\Users\Administrator\AppData\Local\Temp\VMBuilds\ATM32_LoRa_Sensor_For_RainV1.3\stm32_genericSTM32F103C\Release/core.a(WString.cpp.o)
                0x08004318                String::copy(char const*, unsigned int)
 .text._ZN6StringC2EPKc
                0x0800433e       0x24 C:\Users\Administrator\AppData\Local\Temp\VMBuilds\ATM32_LoRa_Sensor_For_RainV1.3\stm32_genericSTM32F103C\Release/core.a(WString.cpp.o)
                0x0800433e                String::String(char const*)
                0x0800433e                String::String(char const*)
 .text._ZN6StringaSERKS_
                0x08004362       0x1e C:\Users\Administrator\AppData\Local\Temp\VMBuilds\ATM32_LoRa_Sensor_For_RainV1.3\stm32_genericSTM32F103C\Release/core.a(WString.cpp.o)
                0x08004362                String::operator=(String const&)
 .text._ZN6StringC2ERKS_
                0x08004380       0x14 C:\Users\Administrator\AppData\Local\Temp\VMBuilds\ATM32_LoRa_Sensor_For_RainV1.3\stm32_genericSTM32F103C\Release/core.a(WString.cpp.o)
                0x08004380                String::String(String const&)
                0x08004380                String::String(String const&)
 .text._ZN6String6concatEPKcj
                0x08004394       0x2e C:\Users\Administrator\AppData\Local\Temp\VMBuilds\ATM32_LoRa_Sensor_For_RainV1.3\stm32_genericSTM32F103C\Release/core.a(WString.cpp.o)
                0x08004394                String::concat(char const*, unsigned int)
 .text._ZN6String6concatEj
                0x080043c2       0x22 C:\Users\Administrator\AppData\Local\Temp\VMBuilds\ATM32_LoRa_Sensor_For_RainV1.3\stm32_genericSTM32F103C\Release/core.a(WString.cpp.o)
                0x080043c2                String::concat(unsigned int)
 .text._ZplRK15StringSumHelperj
                0x080043e4       0x14 C:\Users\Administrator\AppData\Local\Temp\VMBuilds\ATM32_LoRa_Sensor_For_RainV1.3\stm32_genericSTM32F103C\Release/core.a(WString.cpp.o)
                0x080043e4                operator+(StringSumHelper const&, unsigned int)
 .text._Z7pinModeh13WiringPinMode
                0x080043f8       0x84 C:\Users\Administrator\AppData\Local\Temp\VMBuilds\ATM32_LoRa_Sensor_For_RainV1.3\stm32_genericSTM32F103C\Release/core.a(wirish_digital_f1.cpp.o)
                0x080043f8                pinMode(unsigned char, WiringPinMode)
 .text.__empty  0x0800447c        0x2 C:\Users\Administrator\AppData\Local\Temp\VMBuilds\ATM32_LoRa_Sensor_For_RainV1.3\stm32_genericSTM32F103C\Release/core.a(hooks.c.o)
                0x0800447c                yield
 .text.ultoa    0x0800447e       0x52 C:\Users\Administrator\AppData\Local\Temp\VMBuilds\ATM32_LoRa_Sensor_For_RainV1.3\stm32_genericSTM32F103C\Release/core.a(itoa.c.o)
                0x0800447e                ultoa
 .text.utoa     0x080044d0        0x4 C:\Users\Administrator\AppData\Local\Temp\VMBuilds\ATM32_LoRa_Sensor_For_RainV1.3\stm32_genericSTM32F103C\Release/core.a(itoa.c.o)
                0x080044d0                utoa
 .text.gpio_init
                0x080044d4       0x14 C:\Users\Administrator\AppData\Local\Temp\VMBuilds\ATM32_LoRa_Sensor_For_RainV1.3\stm32_genericSTM32F103C\Release/core.a(gpio.c.o)
                0x080044d4                gpio_init
 .text.usart_init
                0x080044e8       0x54 C:\Users\Administrator\AppData\Local\Temp\VMBuilds\ATM32_LoRa_Sensor_For_RainV1.3\stm32_genericSTM32F103C\Release/core.a(usart.c.o)
                0x080044e8                usart_init
 .text.usart_enable
                0x0800453c       0x14 C:\Users\Administrator\AppData\Local\Temp\VMBuilds\ATM32_LoRa_Sensor_For_RainV1.3\stm32_genericSTM32F103C\Release/core.a(usart.c.o)
                0x0800453c                usart_enable
 .text.usart_tx
                0x08004550       0x9c C:\Users\Administrator\AppData\Local\Temp\VMBuilds\ATM32_LoRa_Sensor_For_RainV1.3\stm32_genericSTM32F103C\Release/core.a(usart.c.o)
                0x08004550                usart_tx
 .text.usart_putudec
                0x080045ec       0x44 C:\Users\Administrator\AppData\Local\Temp\VMBuilds\ATM32_LoRa_Sensor_For_RainV1.3\stm32_genericSTM32F103C\Release/core.a(usart.c.o)
                0x080045ec                usart_putudec
 .text.usb_resume
                0x08004630       0xb4 C:\Users\Administrator\AppData\Local\Temp\VMBuilds\ATM32_LoRa_Sensor_For_RainV1.3\stm32_genericSTM32F103C\Release/core.a(usb.c.o)
 .text.usb_init_usblib
                0x080046e4       0x48 C:\Users\Administrator\AppData\Local\Temp\VMBuilds\ATM32_LoRa_Sensor_For_RainV1.3\stm32_genericSTM32F103C\Release/core.a(usb.c.o)
                0x080046e4                usb_init_usblib
 .text.__irq_usb_lp_can_rx0
                0x0800472c      0x1f0 C:\Users\Administrator\AppData\Local\Temp\VMBuilds\ATM32_LoRa_Sensor_For_RainV1.3\stm32_genericSTM32F103C\Release/core.a(usb.c.o)
                0x0800472c                __irq_usb_lp_can_rx0
 .text.usb_set_ep_rx_stat
                0x0800491c       0x22 C:\Users\Administrator\AppData\Local\Temp\VMBuilds\ATM32_LoRa_Sensor_For_RainV1.3\stm32_genericSTM32F103C\Release/core.a(usb_cdcacm.c.o)
 *fill*         0x0800493e        0x2 
 .text.vcomGetSetLineCoding
                0x08004940       0x18 C:\Users\Administrator\AppData\Local\Temp\VMBuilds\ATM32_LoRa_Sensor_For_RainV1.3\stm32_genericSTM32F103C\Release/core.a(usb_cdcacm.c.o)
 .text.usbDataSetup
                0x08004958       0x54 C:\Users\Administrator\AppData\Local\Temp\VMBuilds\ATM32_LoRa_Sensor_For_RainV1.3\stm32_genericSTM32F103C\Release/core.a(usb_cdcacm.c.o)
 .text.usbNoDataSetup
                0x080049ac       0x50 C:\Users\Administrator\AppData\Local\Temp\VMBuilds\ATM32_LoRa_Sensor_For_RainV1.3\stm32_genericSTM32F103C\Release/core.a(usb_cdcacm.c.o)
 .text.usbGetInterfaceSetting
                0x080049fc       0x10 C:\Users\Administrator\AppData\Local\Temp\VMBuilds\ATM32_LoRa_Sensor_For_RainV1.3\stm32_genericSTM32F103C\Release/core.a(usb_cdcacm.c.o)
 .text.usbSetConfiguration
                0x08004a0c       0x1c C:\Users\Administrator\AppData\Local\Temp\VMBuilds\ATM32_LoRa_Sensor_For_RainV1.3\stm32_genericSTM32F103C\Release/core.a(usb_cdcacm.c.o)
 .text.usbSetDeviceAddress
                0x08004a28       0x10 C:\Users\Administrator\AppData\Local\Temp\VMBuilds\ATM32_LoRa_Sensor_For_RainV1.3\stm32_genericSTM32F103C\Release/core.a(usb_cdcacm.c.o)
 .text.usbGetStringDescriptor
                0x08004a38       0x20 C:\Users\Administrator\AppData\Local\Temp\VMBuilds\ATM32_LoRa_Sensor_For_RainV1.3\stm32_genericSTM32F103C\Release/core.a(usb_cdcacm.c.o)
 .text.usbGetConfigDescriptor
                0x08004a58        0xc C:\Users\Administrator\AppData\Local\Temp\VMBuilds\ATM32_LoRa_Sensor_For_RainV1.3\stm32_genericSTM32F103C\Release/core.a(usb_cdcacm.c.o)
 .text.usbGetDeviceDescriptor
                0x08004a64        0xc C:\Users\Administrator\AppData\Local\Temp\VMBuilds\ATM32_LoRa_Sensor_For_RainV1.3\stm32_genericSTM32F103C\Release/core.a(usb_cdcacm.c.o)
 .text.usbInit  0x08004a70       0x44 C:\Users\Administrator\AppData\Local\Temp\VMBuilds\ATM32_LoRa_Sensor_For_RainV1.3\stm32_genericSTM32F103C\Release/core.a(usb_cdcacm.c.o)
 .text.vcomDataTxCb
                0x08004ab4       0xa0 C:\Users\Administrator\AppData\Local\Temp\VMBuilds\ATM32_LoRa_Sensor_For_RainV1.3\stm32_genericSTM32F103C\Release/core.a(usb_cdcacm.c.o)
 .text.usbReset
                0x08004b54      0x160 C:\Users\Administrator\AppData\Local\Temp\VMBuilds\ATM32_LoRa_Sensor_For_RainV1.3\stm32_genericSTM32F103C\Release/core.a(usb_cdcacm.c.o)
 .text.vcomDataRxCb
                0x08004cb4       0x7c C:\Users\Administrator\AppData\Local\Temp\VMBuilds\ATM32_LoRa_Sensor_For_RainV1.3\stm32_genericSTM32F103C\Release/core.a(usb_cdcacm.c.o)
 .text.usb_cdcacm_set_hooks
                0x08004d30       0x1c C:\Users\Administrator\AppData\Local\Temp\VMBuilds\ATM32_LoRa_Sensor_For_RainV1.3\stm32_genericSTM32F103C\Release/core.a(usb_cdcacm.c.o)
                0x08004d30                usb_cdcacm_set_hooks
 .text.usb_cdcacm_enable
                0x08004d4c       0x38 C:\Users\Administrator\AppData\Local\Temp\VMBuilds\ATM32_LoRa_Sensor_For_RainV1.3\stm32_genericSTM32F103C\Release/core.a(usb_cdcacm.c.o)
                0x08004d4c                usb_cdcacm_enable
 .text.usb_cdcacm_tx
                0x08004d84       0x60 C:\Users\Administrator\AppData\Local\Temp\VMBuilds\ATM32_LoRa_Sensor_For_RainV1.3\stm32_genericSTM32F103C\Release/core.a(usb_cdcacm.c.o)
                0x08004d84                usb_cdcacm_tx
 .text.usb_cdcacm_data_available
                0x08004de4       0x18 C:\Users\Administrator\AppData\Local\Temp\VMBuilds\ATM32_LoRa_Sensor_For_RainV1.3\stm32_genericSTM32F103C\Release/core.a(usb_cdcacm.c.o)
                0x08004de4                usb_cdcacm_data_available
 .text.usb_cdcacm_peek
                0x08004dfc       0x38 C:\Users\Administrator\AppData\Local\Temp\VMBuilds\ATM32_LoRa_Sensor_For_RainV1.3\stm32_genericSTM32F103C\Release/core.a(usb_cdcacm.c.o)
                0x08004dfc                usb_cdcacm_peek
 .text.usb_cdcacm_rx
                0x08004e34       0x34 C:\Users\Administrator\AppData\Local\Temp\VMBuilds\ATM32_LoRa_Sensor_For_RainV1.3\stm32_genericSTM32F103C\Release/core.a(usb_cdcacm.c.o)
                0x08004e34                usb_cdcacm_rx
 .text.usb_cdcacm_peek_ex
                0x08004e68       0x40 C:\Users\Administrator\AppData\Local\Temp\VMBuilds\ATM32_LoRa_Sensor_For_RainV1.3\stm32_genericSTM32F103C\Release/core.a(usb_cdcacm.c.o)
                0x08004e68                usb_cdcacm_peek_ex
 .text.usb_cdcacm_get_dtr
                0x08004ea8       0x10 C:\Users\Administrator\AppData\Local\Temp\VMBuilds\ATM32_LoRa_Sensor_For_RainV1.3\stm32_genericSTM32F103C\Release/core.a(usb_cdcacm.c.o)
                0x08004ea8                usb_cdcacm_get_dtr
 .text.usb_cdcacm_get_baud
                0x08004eb8        0xc C:\Users\Administrator\AppData\Local\Temp\VMBuilds\ATM32_LoRa_Sensor_For_RainV1.3\stm32_genericSTM32F103C\Release/core.a(usb_cdcacm.c.o)
                0x08004eb8                usb_cdcacm_get_baud
 .text.usb_set_ep_rx_count
                0x08004ec4       0x40 C:\Users\Administrator\AppData\Local\Temp\VMBuilds\ATM32_LoRa_Sensor_For_RainV1.3\stm32_genericSTM32F103C\Release/core.a(usb_reg_map.c.o)
                0x08004ec4                usb_set_ep_rx_count
 .text.Standard_GetConfiguration
                0x08004f04       0x24 C:\Users\Administrator\AppData\Local\Temp\VMBuilds\ATM32_LoRa_Sensor_For_RainV1.3\stm32_genericSTM32F103C\Release/core.a(usb_core.c.o)
                0x08004f04                Standard_GetConfiguration
 .text.Standard_GetInterface
                0x08004f28       0x24 C:\Users\Administrator\AppData\Local\Temp\VMBuilds\ATM32_LoRa_Sensor_For_RainV1.3\stm32_genericSTM32F103C\Release/core.a(usb_core.c.o)
                0x08004f28                Standard_GetInterface
 .text.Standard_GetStatus
                0x08004f4c       0x90 C:\Users\Administrator\AppData\Local\Temp\VMBuilds\ATM32_LoRa_Sensor_For_RainV1.3\stm32_genericSTM32F103C\Release/core.a(usb_core.c.o)
                0x08004f4c                Standard_GetStatus
 .text.DataStageIn
                0x08004fdc       0xa8 C:\Users\Administrator\AppData\Local\Temp\VMBuilds\ATM32_LoRa_Sensor_For_RainV1.3\stm32_genericSTM32F103C\Release/core.a(usb_core.c.o)
 .text.Standard_SetConfiguration
                0x08005084       0x38 C:\Users\Administrator\AppData\Local\Temp\VMBuilds\ATM32_LoRa_Sensor_For_RainV1.3\stm32_genericSTM32F103C\Release/core.a(usb_core.c.o)
                0x08005084                Standard_SetConfiguration
 .text.Standard_SetInterface
                0x080050bc       0x48 C:\Users\Administrator\AppData\Local\Temp\VMBuilds\ATM32_LoRa_Sensor_For_RainV1.3\stm32_genericSTM32F103C\Release/core.a(usb_core.c.o)
                0x080050bc                Standard_SetInterface
 .text.Standard_ClearFeature
                0x08005104       0xd0 C:\Users\Administrator\AppData\Local\Temp\VMBuilds\ATM32_LoRa_Sensor_For_RainV1.3\stm32_genericSTM32F103C\Release/core.a(usb_core.c.o)
                0x08005104                Standard_ClearFeature
 .text.Standard_SetEndPointFeature
                0x080051d4       0x84 C:\Users\Administrator\AppData\Local\Temp\VMBuilds\ATM32_LoRa_Sensor_For_RainV1.3\stm32_genericSTM32F103C\Release/core.a(usb_core.c.o)
                0x080051d4                Standard_SetEndPointFeature
 .text.Standard_SetDeviceFeature
                0x08005258       0x24 C:\Users\Administrator\AppData\Local\Temp\VMBuilds\ATM32_LoRa_Sensor_For_RainV1.3\stm32_genericSTM32F103C\Release/core.a(usb_core.c.o)
                0x08005258                Standard_SetDeviceFeature
 .text.Standard_GetDescriptorData
                0x0800527c       0x1c C:\Users\Administrator\AppData\Local\Temp\VMBuilds\ATM32_LoRa_Sensor_For_RainV1.3\stm32_genericSTM32F103C\Release/core.a(usb_core.c.o)
                0x0800527c                Standard_GetDescriptorData
 .text.Post0_Process
                0x08005298       0x40 C:\Users\Administrator\AppData\Local\Temp\VMBuilds\ATM32_LoRa_Sensor_For_RainV1.3\stm32_genericSTM32F103C\Release/core.a(usb_core.c.o)
                0x08005298                Post0_Process
 .text.Setup0_Process
                0x080052d8      0x2d0 C:\Users\Administrator\AppData\Local\Temp\VMBuilds\ATM32_LoRa_Sensor_For_RainV1.3\stm32_genericSTM32F103C\Release/core.a(usb_core.c.o)
                0x080052d8                Setup0_Process
 .text.Out0_Process
                0x080055a8       0xc8 C:\Users\Administrator\AppData\Local\Temp\VMBuilds\ATM32_LoRa_Sensor_For_RainV1.3\stm32_genericSTM32F103C\Release/core.a(usb_core.c.o)
                0x080055a8                Out0_Process
 .text.SetDeviceAddress
                0x08005670       0x38 C:\Users\Administrator\AppData\Local\Temp\VMBuilds\ATM32_LoRa_Sensor_For_RainV1.3\stm32_genericSTM32F103C\Release/core.a(usb_core.c.o)
                0x08005670                SetDeviceAddress
 .text.In0_Process
                0x080056a8       0x5c C:\Users\Administrator\AppData\Local\Temp\VMBuilds\ATM32_LoRa_Sensor_For_RainV1.3\stm32_genericSTM32F103C\Release/core.a(usb_core.c.o)
                0x080056a8                In0_Process
 .text.NOP_Process
                0x08005704        0x2 C:\Users\Administrator\AppData\Local\Temp\VMBuilds\ATM32_LoRa_Sensor_For_RainV1.3\stm32_genericSTM32F103C\Release/core.a(usb_core.c.o)
                0x08005704                NOP_Process
 .text.UserToPMABufferCopy
                0x08005706       0x30 C:\Users\Administrator\AppData\Local\Temp\VMBuilds\ATM32_LoRa_Sensor_For_RainV1.3\stm32_genericSTM32F103C\Release/core.a(usb_mem.c.o)
                0x08005706                UserToPMABufferCopy
 .text.PMAToUserBufferCopy
                0x08005736       0x24 C:\Users\Administrator\AppData\Local\Temp\VMBuilds\ATM32_LoRa_Sensor_For_RainV1.3\stm32_genericSTM32F103C\Release/core.a(usb_mem.c.o)
                0x08005736                PMAToUserBufferCopy
 .text.SetEPTxStatus
                0x0800575a       0x2a C:\Users\Administrator\AppData\Local\Temp\VMBuilds\ATM32_LoRa_Sensor_For_RainV1.3\stm32_genericSTM32F103C\Release/core.a(usb_regs.c.o)
                0x0800575a                SetEPTxStatus
 .text.ClearDTOG_RX
                0x08005784       0x20 C:\Users\Administrator\AppData\Local\Temp\VMBuilds\ATM32_LoRa_Sensor_For_RainV1.3\stm32_genericSTM32F103C\Release/core.a(usb_regs.c.o)
                0x08005784                ClearDTOG_RX
 .text.ClearDTOG_TX
                0x080057a4       0x20 C:\Users\Administrator\AppData\Local\Temp\VMBuilds\ATM32_LoRa_Sensor_For_RainV1.3\stm32_genericSTM32F103C\Release/core.a(usb_regs.c.o)
                0x080057a4                ClearDTOG_TX
 .text.GetEPTxAddr
                0x080057c4       0x1c C:\Users\Administrator\AppData\Local\Temp\VMBuilds\ATM32_LoRa_Sensor_For_RainV1.3\stm32_genericSTM32F103C\Release/core.a(usb_regs.c.o)
                0x080057c4                GetEPTxAddr
 .text.GetEPRxAddr
                0x080057e0       0x1c C:\Users\Administrator\AppData\Local\Temp\VMBuilds\ATM32_LoRa_Sensor_For_RainV1.3\stm32_genericSTM32F103C\Release/core.a(usb_regs.c.o)
                0x080057e0                GetEPRxAddr
 .text.SetEPTxCount
                0x080057fc       0x1c C:\Users\Administrator\AppData\Local\Temp\VMBuilds\ATM32_LoRa_Sensor_For_RainV1.3\stm32_genericSTM32F103C\Release/core.a(usb_regs.c.o)
                0x080057fc                SetEPTxCount
 .text.SetEPRxCount
                0x08005818       0x40 C:\Users\Administrator\AppData\Local\Temp\VMBuilds\ATM32_LoRa_Sensor_For_RainV1.3\stm32_genericSTM32F103C\Release/core.a(usb_regs.c.o)
                0x08005818                SetEPRxCount
 .text          0x08005858       0x2c c:/users/administrator/appdata/local/arduino15/packages/arduino/tools/arm-none-eabi-gcc/4.8.3-2014q1/bin/../lib/gcc/arm-none-eabi/4.8.3/armv7-m\libgcc.a(_aeabi_uldivmod.o)
                0x08005858                __aeabi_uldivmod
 .text          0x08005884       0x60 c:/users/administrator/appdata/local/arduino15/packages/arduino/tools/arm-none-eabi-gcc/4.8.3-2014q1/bin/../lib/gcc/arm-none-eabi/4.8.3/armv7-m\libgcc.a(bpabi.o)
                0x08005884                __gnu_ldivmod_helper
                0x080058b4                __gnu_uldivmod_helper
 .text          0x080058e4        0x4 c:/users/administrator/appdata/local/arduino15/packages/arduino/tools/arm-none-eabi-gcc/4.8.3-2014q1/bin/../lib/gcc/arm-none-eabi/4.8.3/armv7-m\libgcc.a(_dvmd_tls.o)
                0x080058e4                __aeabi_idiv0
                0x080058e4                __aeabi_ldiv0
 .text          0x080058e8      0x2a0 c:/users/administrator/appdata/local/arduino15/packages/arduino/tools/arm-none-eabi-gcc/4.8.3-2014q1/bin/../lib/gcc/arm-none-eabi/4.8.3/armv7-m\libgcc.a(_divdi3.o)
                0x080058e8                __divdi3
 .text          0x08005b88      0x290 c:/users/administrator/appdata/local/arduino15/packages/arduino/tools/arm-none-eabi-gcc/4.8.3-2014q1/bin/../lib/gcc/arm-none-eabi/4.8.3/armv7-m\libgcc.a(_udivdi3.o)
                0x08005b88                __udivdi3
 .text.__errno  0x08005e18        0xc c:/users/administrator/appdata/local/arduino15/packages/arduino/tools/arm-none-eabi-gcc/4.8.3-2014q1/bin/../lib/gcc/arm-none-eabi/4.8.3/../../../../arm-none-eabi/lib/armv7-m\libc.a(lib_a-errno.o)
                0x08005e18                __errno
 .text.exit     0x08005e24       0x20 c:/users/administrator/appdata/local/arduino15/packages/arduino/tools/arm-none-eabi-gcc/4.8.3-2014q1/bin/../lib/gcc/arm-none-eabi/4.8.3/../../../../arm-none-eabi/lib/armv7-m\libc.a(lib_a-exit.o)
                0x08005e24                exit
 .text.__libc_init_array
                0x08005e44       0x50 c:/users/administrator/appdata/local/arduino15/packages/arduino/tools/arm-none-eabi-gcc/4.8.3-2014q1/bin/../lib/gcc/arm-none-eabi/4.8.3/../../../../arm-none-eabi/lib/armv7-m\libc.a(lib_a-init.o)
                0x08005e44                __libc_init_array
 .text.malloc   0x08005e94       0x10 c:/users/administrator/appdata/local/arduino15/packages/arduino/tools/arm-none-eabi-gcc/4.8.3-2014q1/bin/../lib/gcc/arm-none-eabi/4.8.3/../../../../arm-none-eabi/lib/armv7-m\libc.a(lib_a-malloc.o)
                0x08005e94                malloc
 .text.free     0x08005ea4       0x10 c:/users/administrator/appdata/local/arduino15/packages/arduino/tools/arm-none-eabi-gcc/4.8.3-2014q1/bin/../lib/gcc/arm-none-eabi/4.8.3/../../../../arm-none-eabi/lib/armv7-m\libc.a(lib_a-malloc.o)
                0x08005ea4                free
 .text._malloc_r
                0x08005eb4      0x538 c:/users/administrator/appdata/local/arduino15/packages/arduino/tools/arm-none-eabi-gcc/4.8.3-2014q1/bin/../lib/gcc/arm-none-eabi/4.8.3/../../../../arm-none-eabi/lib/armv7-m\libc.a(lib_a-mallocr.o)
                0x08005eb4                _malloc_r
 .text.memmove  0x080063ec       0xcc c:/users/administrator/appdata/local/arduino15/packages/arduino/tools/arm-none-eabi-gcc/4.8.3-2014q1/bin/../lib/gcc/arm-none-eabi/4.8.3/../../../../arm-none-eabi/lib/armv7-m\libc.a(lib_a-memmove.o)
                0x080063ec                memmove
 .text.memset   0x080064b8       0x94 c:/users/administrator/appdata/local/arduino15/packages/arduino/tools/arm-none-eabi-gcc/4.8.3-2014q1/bin/../lib/gcc/arm-none-eabi/4.8.3/../../../../arm-none-eabi/lib/armv7-m\libc.a(lib_a-memset.o)
                0x080064b8                memset
 .text.__malloc_lock
                0x0800654c        0x4 c:/users/administrator/appdata/local/arduino15/packages/arduino/tools/arm-none-eabi-gcc/4.8.3-2014q1/bin/../lib/gcc/arm-none-eabi/4.8.3/../../../../arm-none-eabi/lib/armv7-m\libc.a(lib_a-mlock.o)
                0x0800654c                __malloc_lock
 .text.__malloc_unlock
                0x08006550        0x4 c:/users/administrator/appdata/local/arduino15/packages/arduino/tools/arm-none-eabi-gcc/4.8.3-2014q1/bin/../lib/gcc/arm-none-eabi/4.8.3/../../../../arm-none-eabi/lib/armv7-m\libc.a(lib_a-mlock.o)
                0x08006550                __malloc_unlock
 .text.rand     0x08006554       0x40 c:/users/administrator/appdata/local/arduino15/packages/arduino/tools/arm-none-eabi-gcc/4.8.3-2014q1/bin/../lib/gcc/arm-none-eabi/4.8.3/../../../../arm-none-eabi/lib/armv7-m\libc.a(lib_a-rand.o)
                0x08006554                rand
 .text.realloc  0x08006594       0x10 c:/users/administrator/appdata/local/arduino15/packages/arduino/tools/arm-none-eabi-gcc/4.8.3-2014q1/bin/../lib/gcc/arm-none-eabi/4.8.3/../../../../arm-none-eabi/lib/armv7-m\libc.a(lib_a-realloc.o)
                0x08006594                realloc
 .text._realloc_r
                0x080065a4      0x3c0 c:/users/administrator/appdata/local/arduino15/packages/arduino/tools/arm-none-eabi-gcc/4.8.3-2014q1/bin/../lib/gcc/arm-none-eabi/4.8.3/../../../../arm-none-eabi/lib/armv7-m\libc.a(lib_a-reallocr.o)
                0x080065a4                _realloc_r
 .text._sbrk_r  0x08006964       0x24 c:/users/administrator/appdata/local/arduino15/packages/arduino/tools/arm-none-eabi-gcc/4.8.3-2014q1/bin/../lib/gcc/arm-none-eabi/4.8.3/../../../../arm-none-eabi/lib/armv7-m\libc.a(lib_a-sbrkr.o)
                0x08006964                _sbrk_r
 .text.strcpy   0x08006988       0xbc c:/users/administrator/appdata/local/arduino15/packages/arduino/tools/arm-none-eabi-gcc/4.8.3-2014q1/bin/../lib/gcc/arm-none-eabi/4.8.3/../../../../arm-none-eabi/lib/armv7-m\libc.a(lib_a-strcpy.o)
                0x08006988                strcpy
 .text.strlen   0x08006a44       0x60 c:/users/administrator/appdata/local/arduino15/packages/arduino/tools/arm-none-eabi-gcc/4.8.3-2014q1/bin/../lib/gcc/arm-none-eabi/4.8.3/../../../../arm-none-eabi/lib/armv7-m\libc.a(lib_a-strlen.o)
                0x08006a44                strlen
 .text.startup.register_fini
                0x08006aa4       0x14 c:/users/administrator/appdata/local/arduino15/packages/arduino/tools/arm-none-eabi-gcc/4.8.3-2014q1/bin/../lib/gcc/arm-none-eabi/4.8.3/../../../../arm-none-eabi/lib/armv7-m\libc.a(lib_a-__call_atexit.o)
 .text.__call_exitprocs
                0x08006ab8       0xf0 c:/users/administrator/appdata/local/arduino15/packages/arduino/tools/arm-none-eabi-gcc/4.8.3-2014q1/bin/../lib/gcc/arm-none-eabi/4.8.3/../../../../arm-none-eabi/lib/armv7-m\libc.a(lib_a-__call_atexit.o)
                0x08006ab8                __call_exitprocs
 .text.atexit   0x08006ba8        0xc c:/users/administrator/appdata/local/arduino15/packages/arduino/tools/arm-none-eabi-gcc/4.8.3-2014q1/bin/../lib/gcc/arm-none-eabi/4.8.3/../../../../arm-none-eabi/lib/armv7-m\libc.a(lib_a-atexit.o)
                0x08006ba8                atexit
 .text.__libc_fini_array
                0x08006bb4       0x30 c:/users/administrator/appdata/local/arduino15/packages/arduino/tools/arm-none-eabi-gcc/4.8.3-2014q1/bin/../lib/gcc/arm-none-eabi/4.8.3/../../../../arm-none-eabi/lib/armv7-m\libc.a(lib_a-fini.o)
                0x08006bb4                __libc_fini_array
 .text._malloc_trim_r
                0x08006be4       0x9c c:/users/administrator/appdata/local/arduino15/packages/arduino/tools/arm-none-eabi-gcc/4.8.3-2014q1/bin/../lib/gcc/arm-none-eabi/4.8.3/../../../../arm-none-eabi/lib/armv7-m\libc.a(lib_a-freer.o)
                0x08006be4                _malloc_trim_r
 .text._free_r  0x08006c80      0x198 c:/users/administrator/appdata/local/arduino15/packages/arduino/tools/arm-none-eabi-gcc/4.8.3-2014q1/bin/../lib/gcc/arm-none-eabi/4.8.3/../../../../arm-none-eabi/lib/armv7-m\libc.a(lib_a-freer.o)
                0x08006c80                _free_r
 .text.__register_exitproc
                0x08006e18       0xa8 c:/users/administrator/appdata/local/arduino15/packages/arduino/tools/arm-none-eabi-gcc/4.8.3-2014q1/bin/../lib/gcc/arm-none-eabi/4.8.3/../../../../arm-none-eabi/lib/armv7-m\libc.a(lib_a-__atexit.o)
                0x08006e18                __register_exitproc
 *(.plt)
 *(.gnu.warning)
 *(.glue_7t)
 .glue_7t       0x00000000        0x0 linker stubs
 *(.glue_7)
 .glue_7        0x00000000        0x0 linker stubs
 *(.vfp11_veneer)
 .vfp11_veneer  0x00000000        0x0 linker stubs
 *(.ARM.extab* .gnu.linkonce.armextab.*)
 *(.gcc_except_table)
 *(.eh_frame_hdr)
 *(.eh_frame)
 .eh_frame      0x08006ec0        0x0 c:/users/administrator/appdata/local/arduino15/packages/arduino/tools/arm-none-eabi-gcc/4.8.3-2014q1/bin/../lib/gcc/arm-none-eabi/4.8.3/armv7-m/crtbegin.o
                0x08006ec0                . = ALIGN (0x4)
 *(.init)
 .init          0x08006ec0        0x4 c:/users/administrator/appdata/local/arduino15/packages/arduino/tools/arm-none-eabi-gcc/4.8.3-2014q1/bin/../lib/gcc/arm-none-eabi/4.8.3/armv7-m/crti.o
                0x08006ec0                _init
 .init          0x08006ec4        0x8 c:/users/administrator/appdata/local/arduino15/packages/arduino/tools/arm-none-eabi-gcc/4.8.3-2014q1/bin/../lib/gcc/arm-none-eabi/4.8.3/armv7-m/crtn.o
                0x08006ecc                . = ALIGN (0x4)
                0x08006ecc                __preinit_array_start = .
 *(.preinit_array)
                0x08006ecc                __preinit_array_end = .
                0x08006ecc                . = ALIGN (0x4)
                0x08006ecc                __init_array_start = .
 *(SORT(.init_array.*))
 .init_array.00000
                0x08006ecc        0x4 c:/users/administrator/appdata/local/arduino15/packages/arduino/tools/arm-none-eabi-gcc/4.8.3-2014q1/bin/../lib/gcc/arm-none-eabi/4.8.3/../../../../arm-none-eabi/lib/armv7-m\libc.a(lib_a-__call_atexit.o)
 .init_array.00101
                0x08006ed0        0x4 C:\Users\Administrator\AppData\Local\Temp\VMBuilds\ATM32_LoRa_Sensor_For_RainV1.3\stm32_genericSTM32F103C\Release/core.a(main.cpp.o)
 *(.init_array)
 .init_array    0x08006ed4        0x4 c:/users/administrator/appdata/local/arduino15/packages/arduino/tools/arm-none-eabi-gcc/4.8.3-2014q1/bin/../lib/gcc/arm-none-eabi/4.8.3/armv7-m/crtbegin.o
 .init_array    0x08006ed8        0x4 Private_RTC.cpp.o
 .init_array    0x08006edc        0x4 private_sensor.cpp.o
 .init_array    0x08006ee0        0x4 SHT1x.cpp.o
 .init_array    0x08006ee4        0x4 C:\Users\Administrator\AppData\Local\Temp\VMBCore\arduino16x\3c66a55e0122d96a6ed3ec018219d544\variant\board.cpp.o
 .init_array    0x08006ee8        0x4 C:\Users\Administrator\AppData\Local\Temp\VMBuilds\ATM32_LoRa_Sensor_For_RainV1.3\stm32_genericSTM32F103C\Release/core.a(HardwareTimer.cpp.o)
 .init_array    0x08006eec        0x4 C:\Users\Administrator\AppData\Local\Temp\VMBuilds\ATM32_LoRa_Sensor_For_RainV1.3\stm32_genericSTM32F103C\Release/core.a(usb_serial.cpp.o)
                0x08006ef0                __init_array_end = .
                0x08006ef0                . = ALIGN (0x4)
 *crtbegin.o(.ctors)
 *(EXCLUDE_FILE(*crtend.o) .ctors)
 *(SORT(.ctors.*))
 *crtend.o(.ctors)
                0x08006ef0                . = ALIGN (0x4)
 *(.fini)
 .fini          0x08006ef0        0x4 c:/users/administrator/appdata/local/arduino15/packages/arduino/tools/arm-none-eabi-gcc/4.8.3-2014q1/bin/../lib/gcc/arm-none-eabi/4.8.3/armv7-m/crti.o
                0x08006ef0                _fini
 .fini          0x08006ef4        0x8 c:/users/administrator/appdata/local/arduino15/packages/arduino/tools/arm-none-eabi-gcc/4.8.3-2014q1/bin/../lib/gcc/arm-none-eabi/4.8.3/armv7-m/crtn.o
                0x08006efc                . = ALIGN (0x4)
                0x08006efc                __fini_array_start = .
 *(.fini_array)
 .fini_array    0x08006efc        0x4 c:/users/administrator/appdata/local/arduino15/packages/arduino/tools/arm-none-eabi-gcc/4.8.3-2014q1/bin/../lib/gcc/arm-none-eabi/4.8.3/armv7-m/crtbegin.o
 *(SORT(.fini_array.*))
                0x08006f00                __fini_array_end = .
 *crtbegin.o(.dtors)
 *(EXCLUDE_FILE(*crtend.o) .dtors)
 *(SORT(.dtors.*))
 *crtend.o(.dtors)

.v4_bx          0x08006f00        0x0
 .v4_bx         0x00000000        0x0 linker stubs

.iplt           0x08006f00        0x0
 .iplt          0x00000000        0x0 c:/users/administrator/appdata/local/arduino15/packages/arduino/tools/arm-none-eabi-gcc/4.8.3-2014q1/bin/../lib/gcc/arm-none-eabi/4.8.3/armv7-m/crtbegin.o

.text.align     0x08006f00        0x0
                0x08006f00                . = ALIGN (0x8)
                0x08006f00                __text_end__ = .
                0x08006f00                __exidx_start = .
